Archive member included to satisfy reference by file (symbol)

/Applications/STM32CubeIDE.app/Contents/Eclipse/plugins/com.st.stm32cube.ide.mcu.externaltools.gnu-tools-for-stm32.9-2020-q2-update.macos64_1.5.0.202011040924/tools/bin/../lib/gcc/arm-none-eabi/9.3.1/../../../../arm-none-eabi/lib/thumb/v7-m/nofp/libc_nano.a(lib_a-atoi.o)
                              Core/ioLibrary/Internet/FTPClient/ftpc.o (atoi)
/Applications/STM32CubeIDE.app/Contents/Eclipse/plugins/com.st.stm32cube.ide.mcu.externaltools.gnu-tools-for-stm32.9-2020-q2-update.macos64_1.5.0.202011040924/tools/bin/../lib/gcc/arm-none-eabi/9.3.1/../../../../arm-none-eabi/lib/thumb/v7-m/nofp/libc_nano.a(lib_a-ctype_.o)
                              Core/ioLibrary/Internet/FTPServer/ftpd.o (_ctype_)
/Applications/STM32CubeIDE.app/Contents/Eclipse/plugins/com.st.stm32cube.ide.mcu.externaltools.gnu-tools-for-stm32.9-2020-q2-update.macos64_1.5.0.202011040924/tools/bin/../lib/gcc/arm-none-eabi/9.3.1/../../../../arm-none-eabi/lib/thumb/v7-m/nofp/libc_nano.a(lib_a-errno.o)
                              Core/Src/syscalls.o (__errno)
/Applications/STM32CubeIDE.app/Contents/Eclipse/plugins/com.st.stm32cube.ide.mcu.externaltools.gnu-tools-for-stm32.9-2020-q2-update.macos64_1.5.0.202011040924/tools/bin/../lib/gcc/arm-none-eabi/9.3.1/../../../../arm-none-eabi/lib/thumb/v7-m/nofp/libc_nano.a(lib_a-exit.o)
                              /Applications/STM32CubeIDE.app/Contents/Eclipse/plugins/com.st.stm32cube.ide.mcu.externaltools.gnu-tools-for-stm32.9-2020-q2-update.macos64_1.5.0.202011040924/tools/bin/../lib/gcc/arm-none-eabi/9.3.1/../../../../arm-none-eabi/lib/thumb/v7-m/nofp/crt0.o (exit)
/Applications/STM32CubeIDE.app/Contents/Eclipse/plugins/com.st.stm32cube.ide.mcu.externaltools.gnu-tools-for-stm32.9-2020-q2-update.macos64_1.5.0.202011040924/tools/bin/../lib/gcc/arm-none-eabi/9.3.1/../../../../arm-none-eabi/lib/thumb/v7-m/nofp/libc_nano.a(lib_a-impure.o)
                              /Applications/STM32CubeIDE.app/Contents/Eclipse/plugins/com.st.stm32cube.ide.mcu.externaltools.gnu-tools-for-stm32.9-2020-q2-update.macos64_1.5.0.202011040924/tools/bin/../lib/gcc/arm-none-eabi/9.3.1/../../../../arm-none-eabi/lib/thumb/v7-m/nofp/libc_nano.a(lib_a-exit.o) (_global_impure_ptr)
/Applications/STM32CubeIDE.app/Contents/Eclipse/plugins/com.st.stm32cube.ide.mcu.externaltools.gnu-tools-for-stm32.9-2020-q2-update.macos64_1.5.0.202011040924/tools/bin/../lib/gcc/arm-none-eabi/9.3.1/../../../../arm-none-eabi/lib/thumb/v7-m/nofp/libc_nano.a(lib_a-init.o)
                              /Applications/STM32CubeIDE.app/Contents/Eclipse/plugins/com.st.stm32cube.ide.mcu.externaltools.gnu-tools-for-stm32.9-2020-q2-update.macos64_1.5.0.202011040924/tools/bin/../lib/gcc/arm-none-eabi/9.3.1/../../../../arm-none-eabi/lib/thumb/v7-m/nofp/crt0.o (__libc_init_array)
/Applications/STM32CubeIDE.app/Contents/Eclipse/plugins/com.st.stm32cube.ide.mcu.externaltools.gnu-tools-for-stm32.9-2020-q2-update.macos64_1.5.0.202011040924/tools/bin/../lib/gcc/arm-none-eabi/9.3.1/../../../../arm-none-eabi/lib/thumb/v7-m/nofp/libc_nano.a(lib_a-malloc.o)
                              Core/ioLibrary/Internet/httpServer/httpServer.o (malloc)
/Applications/STM32CubeIDE.app/Contents/Eclipse/plugins/com.st.stm32cube.ide.mcu.externaltools.gnu-tools-for-stm32.9-2020-q2-update.macos64_1.5.0.202011040924/tools/bin/../lib/gcc/arm-none-eabi/9.3.1/../../../../arm-none-eabi/lib/thumb/v7-m/nofp/libc_nano.a(lib_a-memcmp.o)
                              Core/ioLibrary/Internet/MQTT/MQTTPacket/src/MQTTConnectServer.o (memcmp)
/Applications/STM32CubeIDE.app/Contents/Eclipse/plugins/com.st.stm32cube.ide.mcu.externaltools.gnu-tools-for-stm32.9-2020-q2-update.macos64_1.5.0.202011040924/tools/bin/../lib/gcc/arm-none-eabi/9.3.1/../../../../arm-none-eabi/lib/thumb/v7-m/nofp/libc_nano.a(lib_a-memcpy-stub.o)
                              Core/ioLibrary/Internet/MQTT/MQTTClient.o (memcpy)
/Applications/STM32CubeIDE.app/Contents/Eclipse/plugins/com.st.stm32cube.ide.mcu.externaltools.gnu-tools-for-stm32.9-2020-q2-update.macos64_1.5.0.202011040924/tools/bin/../lib/gcc/arm-none-eabi/9.3.1/../../../../arm-none-eabi/lib/thumb/v7-m/nofp/libc_nano.a(lib_a-memset.o)
                              /Applications/STM32CubeIDE.app/Contents/Eclipse/plugins/com.st.stm32cube.ide.mcu.externaltools.gnu-tools-for-stm32.9-2020-q2-update.macos64_1.5.0.202011040924/tools/bin/../lib/gcc/arm-none-eabi/9.3.1/../../../../arm-none-eabi/lib/thumb/v7-m/nofp/crt0.o (memset)
/Applications/STM32CubeIDE.app/Contents/Eclipse/plugins/com.st.stm32cube.ide.mcu.externaltools.gnu-tools-for-stm32.9-2020-q2-update.macos64_1.5.0.202011040924/tools/bin/../lib/gcc/arm-none-eabi/9.3.1/../../../../arm-none-eabi/lib/thumb/v7-m/nofp/libc_nano.a(lib_a-nano-freer.o)
[...]
Memory Configuration

Name             Origin             Length             Attributes
RAM              0x0000000020000000 0x0000000000010000 xrw
FLASH            0x0000000008000000 0x0000000000080000 xr
*default*        0x0000000000000000 0xffffffffffffffff

Linker script and memory map

LOAD /Applications/STM32CubeIDE.app/Contents/Eclipse/plugins/com.st.stm32cube.ide.mcu.externaltools.gnu-tools-for-stm32.9-2020-q2-update.macos64_1.5.0.202011040924/tools/bin/../lib/gcc/arm-none-eabi/9.3.1/thumb/v7-m/nofp/crti.o
LOAD /Applications/STM32CubeIDE.app/Contents/Eclipse/plugins/com.st.stm32cube.ide.mcu.externaltools.gnu-tools-for-stm32.9-2020-q2-update.macos64_1.5.0.202011040924/tools/bin/../lib/gcc/arm-none-eabi/9.3.1/thumb/v7-m/nofp/crtbegin.o
LOAD /Applications/STM32CubeIDE.app/Contents/Eclipse/plugins/com.st.stm32cube.ide.mcu.externaltools.gnu-tools-for-stm32.9-2020-q2-update.macos64_1.5.0.202011040924/tools/bin/../lib/gcc/arm-none-eabi/9.3.1/../../../../arm-none-eabi/lib/thumb/v7-m/nofp/crt0.o
LOAD Core/Src/adc.o
LOAD Core/Src/dma.o
LOAD Core/Src/gpio.o
LOAD Core/Src/main.o
LOAD Core/Src/spi.o
LOAD Core/Src/stm32f1xx_hal_msp.o
LOAD Core/Src/stm32f1xx_it.o
LOAD Core/Src/syscalls.o
LOAD Core/Src/sysmem.o
LOAD Core/Src/system_stm32f1xx.o
LOAD Core/Src/usart.o
LOAD Core/Startup/startup_stm32f103zetx.o
LOAD Core/ioLibrary/Application/loopback/loopback.o
LOAD Core/ioLibrary/Application/multicast/multicast.o
LOAD Core/ioLibrary/Ethernet/W5100/w5100.o
LOAD Core/ioLibrary/Ethernet/W5100S/w5100s.o
LOAD Core/ioLibrary/Ethernet/W5200/w5200.o
LOAD Core/ioLibrary/Ethernet/W5300/w5300.o
LOAD Core/ioLibrary/Ethernet/W5500/w5500.o
LOAD Core/ioLibrary/Ethernet/socket.o
LOAD Core/ioLibrary/Ethernet/wizchip_conf.o
LOAD Core/ioLibrary/Internet/DHCP/dhcp.o
LOAD Core/ioLibrary/Internet/DNS/dns.o
LOAD Core/ioLibrary/Internet/FTPClient/ftpc.o
LOAD Core/ioLibrary/Internet/FTPServer/ftpd.o
LOAD Core/ioLibrary/Internet/MQTT/MQTTClient.o
LOAD Core/ioLibrary/Internet/MQTT/mqtt_interface.o
LOAD Core/ioLibrary/Internet/MQTT/MQTTPacket/src/MQTTConnectClient.o
LOAD Core/ioLibrary/Internet/MQTT/MQTTPacket/src/MQTTConnectServer.o
LOAD Core/ioLibrary/Internet/MQTT/MQTTPacket/src/MQTTDeserializePublish.o
LOAD Core/ioLibrary/Internet/MQTT/MQTTPacket/src/MQTTFormat.o
LOAD Core/ioLibrary/Internet/MQTT/MQTTPacket/src/MQTTPacket.o
LOAD Core/ioLibrary/Internet/MQTT/MQTTPacket/src/MQTTSerializePublish.o
LOAD Core/ioLibrary/Internet/MQTT/MQTTPacket/src/MQTTSubscribeClient.o
LOAD Core/ioLibrary/Internet/MQTT/MQTTPacket/src/MQTTSubscribeServer.o
LOAD Core/ioLibrary/Internet/MQTT/MQTTPacket/src/MQTTUnsubscribeClient.o
LOAD Core/ioLibrary/Internet/MQTT/MQTTPacket/src/MQTTUnsubscribeServer.o
LOAD Core/ioLibrary/Internet/SNMP/snmp.o
LOAD Core/ioLibrary/Internet/SNMP/snmp_custom.o
LOAD Core/ioLibrary/Internet/SNTP/sntp.o
LOAD Core/ioLibrary/Internet/TFTP/netutil.o
LOAD Core/ioLibrary/Internet/TFTP/tftp.o
LOAD Core/ioLibrary/Internet/httpServer/httpParser.o
LOAD Core/ioLibrary/Internet/httpServer/httpServer.o
LOAD Core/ioLibrary/Internet/httpServer/httpUtil.o
LOAD Drivers/STM32F1xx_HAL_Driver/stm32f1xx_hal.o
LOAD Drivers/STM32F1xx_HAL_Driver/stm32f1xx_hal_adc.o
LOAD Drivers/STM32F1xx_HAL_Driver/stm32f1xx_hal_adc_ex.o
LOAD Drivers/STM32F1xx_HAL_Driver/stm32f1xx_hal_cortex.o
LOAD Drivers/STM32F1xx_HAL_Driver/stm32f1xx_hal_dma.o
LOAD Drivers/STM32F1xx_HAL_Driver/stm32f1xx_hal_exti.o
LOAD Drivers/STM32F1xx_HAL_Driver/stm32f1xx_hal_flash.o
LOAD Drivers/STM32F1xx_HAL_Driver/stm32f1xx_hal_flash_ex.o
LOAD Drivers/STM32F1xx_HAL_Driver/stm32f1xx_hal_gpio.o
LOAD Drivers/STM32F1xx_HAL_Driver/stm32f1xx_hal_gpio_ex.o
LOAD Drivers/STM32F1xx_HAL_Driver/stm32f1xx_hal_pwr.o
LOAD Drivers/STM32F1xx_HAL_Driver/stm32f1xx_hal_rcc.o
LOAD Drivers/STM32F1xx_HAL_Driver/stm32f1xx_hal_rcc_ex.o
LOAD Drivers/STM32F1xx_HAL_Driver/stm32f1xx_hal_spi.o
LOAD Drivers/STM32F1xx_HAL_Driver/stm32f1xx_hal_tim.o
LOAD Drivers/STM32F1xx_HAL_Driver/stm32f1xx_hal_tim_ex.o
LOAD Drivers/STM32F1xx_HAL_Driver/stm32f1xx_hal_uart.o
START GROUP
LOAD /Applications/STM32CubeIDE.app/Contents/Eclipse/plugins/com.st.stm32cube.ide.mcu.externaltools.gnu-tools-for-stm32.9-2020-q2-update.macos64_1.5.0.202011040924/tools/bin/../lib/gcc/arm-none-eabi/9.3.1/../../../../arm-none-eabi/lib/thumb/v7-m/nofp/libc_nano.a
LOAD /Applications/STM32CubeIDE.app/Contents/Eclipse/plugins/com.st.stm32cube.ide.mcu.externaltools.gnu-tools-for-stm32.9-2020-q2-update.macos64_1.5.0.202011040924/tools/bin/../lib/gcc/arm-none-eabi/9.3.1/../../../../arm-none-eabi/lib/thumb/v7-m/nofp/libm.a
END GROUP
START GROUP
LOAD /Applications/STM32CubeIDE.app/Contents/Eclipse/plugins/com.st.stm32cube.ide.mcu.externaltools.gnu-tools-for-stm32.9-2020-q2-update.macos64_1.5.0.202011040924/tools/bin/../lib/gcc/arm-none-eabi/9.3.1/thumb/v7-m/nofp/libgcc.a
LOAD /Applications/STM32CubeIDE.app/Contents/Eclipse/plugins/com.st.stm32cube.ide.mcu.externaltools.gnu-tools-for-stm32.9-2020-q2-update.macos64_1.5.0.202011040924/tools/bin/../lib/gcc/arm-none-eabi/9.3.1/../../../../arm-none-eabi/lib/thumb/v7-m/nofp/libc_nano.a
END GROUP
START GROUP
LOAD /Applications/STM32CubeIDE.app/Contents/Eclipse/plugins/com.st.stm32cube.ide.mcu.externaltools.gnu-tools-for-stm32.9-2020-q2-update.macos64_1.5.0.202011040924/tools/bin/../lib/gcc/arm-none-eabi/9.3.1/thumb/v7-m/nofp/libgcc.a
LOAD /Applications/STM32CubeIDE.app/Contents/Eclipse/plugins/com.st.stm32cube.ide.mcu.externaltools.gnu-tools-for-stm32.9-2020-q2-update.macos64_1.5.0.202011040924/tools/bin/../lib/gcc/arm-none-eabi/9.3.1/../../../../arm-none-eabi/lib/thumb/v7-m/nofp/libc_nano.a
LOAD /Applications/STM32CubeIDE.app/Contents/Eclipse/plugins/com.st.stm32cube.ide.mcu.externaltools.gnu-tools-for-stm32.9-2020-q2-update.macos64_1.5.0.202011040924/tools/bin/../lib/gcc/arm-none-eabi/9.3.1/../../../../arm-none-eabi/lib/thumb/v7-m/nofp/libnosys.a
END GROUP
START GROUP
LOAD /Applications/STM32CubeIDE.app/Contents/Eclipse/plugins/com.st.stm32cube.ide.mcu.externaltools.gnu-tools-for-stm32.9-2020-q2-update.macos64_1.5.0.202011040924/tools/bin/../lib/gcc/arm-none-eabi/9.3.1/thumb/v7-m/nofp/libgcc.a
LOAD /Applications/STM32CubeIDE.app/Contents/Eclipse/plugins/com.st.stm32cube.ide.mcu.externaltools.gnu-tools-for-stm32.9-2020-q2-update.macos64_1.5.0.202011040924/tools/bin/../lib/gcc/arm-none-eabi/9.3.1/../../../../arm-none-eabi/lib/thumb/v7-m/nofp/libc_nano.a
LOAD /Applications/STM32CubeIDE.app/Contents/Eclipse/plugins/com.st.stm32cube.ide.mcu.externaltools.gnu-tools-for-stm32.9-2020-q2-update.macos64_1.5.0.202011040924/tools/bin/../lib/gcc/arm-none-eabi/9.3.1/../../../../arm-none-eabi/lib/thumb/v7-m/nofp/libnosys.a
END GROUP
LOAD /Applications/STM32CubeIDE.app/Contents/Eclipse/plugins/com.st.stm32cube.ide.mcu.externaltools.gnu-tools-for-stm32.9-2020-q2-update.macos64_1.5.0.202011040924/tools/bin/../lib/gcc/arm-none-eabi/9.3.1/thumb/v7-m/nofp/crtend.o
LOAD /Applications/STM32CubeIDE.app/Contents/Eclipse/plugins/com.st.stm32cube.ide.mcu.externaltools.gnu-tools-for-stm32.9-2020-q2-update.macos64_1.5.0.202011040924/tools/bin/../lib/gcc/arm-none-eabi/9.3.1/thumb/v7-m/nofp/crtn.o
                0x0000000020010000                _estack = (ORIGIN (RAM) + LENGTH (RAM))
                0x0000000000000200                _Min_Heap_Size = 0x200
                0x0000000000000400                _Min_Stack_Size = 0x400

.isr_vector     0x0000000008000000      0x1e4
                0x0000000008000000                . = ALIGN (0x4)
 *(.isr_vector)
 .isr_vector    0x0000000008000000      0x1e4 Core/Startup/startup_stm32f103zetx.o
                0x0000000008000000                g_pfnVectors
                0x00000000080001e4                . = ALIGN (0x4)

.text           0x00000000080001e4     0x61c4
                0x00000000080001e4                . = ALIGN (0x4)
 *(.text)
 .text          0x00000000080001e4       0x40 /Applications/STM32CubeIDE.app/Contents/Eclipse/plugins/com.st.stm32cube.ide.mcu.externaltools.gnu-tools-for-stm32.9-2020-q2-update.macos64_1.5.0.202011040924/tools/bin/../lib/gcc/arm-none-eabi/9.3.1/thumb/v7-m/nofp/crtbegin.o
 *(.text*)
 .text.MX_ADC1_Init
                0x0000000008000224      0x224 Core/Src/adc.o
                0x0000000008000224                MX_ADC1_Init
 .text.MX_ADC3_Init
                0x0000000008000448       0xd4 Core/Src/adc.o
                0x0000000008000448                MX_ADC3_Init
 .text.HAL_ADC_MspInit
                0x000000000800051c      0x1e0 Core/Src/adc.o
                0x000000000800051c                HAL_ADC_MspInit
 .text.MX_DMA_Init
                0x00000000080006fc       0x64 Core/Src/dma.o
                0x00000000080006fc                MX_DMA_Init
 .text.MX_GPIO_Init
                0x0000000008000760       0xf4 Core/Src/gpio.o
                0x0000000008000760                MX_GPIO_Init
 .text.W5500_Select
                0x0000000008000854       0x18 Core/Src/main.o
                0x0000000008000854                W5500_Select
 .text.W5500_Unselect
                0x000000000800086c       0x18 Core/Src/main.o
                0x000000000800086c                W5500_Unselect
 .text.W5500_ReadBuff
                0x0000000008000884       0x28 Core/Src/main.o
                0x0000000008000884                W5500_ReadBuff
 .text.W5500_WriteBuff
                0x00000000080008ac       0x28 Core/Src/main.o
                0x00000000080008ac                W5500_WriteBuff
 .text.W5500_ReadByte
                0x00000000080008d4       0x1a Core/Src/main.o
                0x00000000080008d4                W5500_ReadByte
 .text.W5500_WriteByte
                0x00000000080008ee       0x1c Core/Src/main.o
                0x00000000080008ee                W5500_WriteByte
 *fill*         0x000000000800090a        0x2 
 .text.network_init
                0x000000000800090c      0x10c Core/Src/main.o
                0x000000000800090c                network_init
 .text.__io_putchar
                0x0000000008000a18       0x24 Core/Src/main.o
                0x0000000008000a18                __io_putchar
 .text.main     0x0000000008000a3c       0xe0 Core/Src/main.o
                0x0000000008000a3c                main
 .text.SystemClock_Config
                0x0000000008000b1c       0xba Core/Src/main.o
                0x0000000008000b1c                SystemClock_Config
 .text.Error_Handler
                0x0000000008000bd6        0xc Core/Src/main.o
                0x0000000008000bd6                Error_Handler
 *fill*         0x0000000008000be2        0x2 
 .text.MX_SPI2_Init
                0x0000000008000be4       0x6c Core/Src/spi.o
                0x0000000008000be4                MX_SPI2_Init
 .text.HAL_SPI_MspInit
                0x0000000008000c50       0x98 Core/Src/spi.o
                0x0000000008000c50                HAL_SPI_MspInit
 .text.HAL_MspInit
                0x0000000008000ce8       0x64 Core/Src/stm32f1xx_hal_msp.o
                0x0000000008000ce8                HAL_MspInit
 .text.NMI_Handler
                0x0000000008000d4c        0xc Core/Src/stm32f1xx_it.o
                0x0000000008000d4c                NMI_Handler
 .text.HardFault_Handler
                0x0000000008000d58        0x6 Core/Src/stm32f1xx_it.o
                0x0000000008000d58                HardFault_Handler
 .text.MemManage_Handler
                0x0000000008000d5e        0x6 Core/Src/stm32f1xx_it.o
                0x0000000008000d5e                MemManage_Handler
 .text.BusFault_Handler
                0x0000000008000d64        0x6 Core/Src/stm32f1xx_it.o
                0x0000000008000d64                BusFault_Handler
 .text.UsageFault_Handler
                0x0000000008000d6a        0x6 Core/Src/stm32f1xx_it.o
                0x0000000008000d6a                UsageFault_Handler
 .text.SVC_Handler
                0x0000000008000d70        0xc Core/Src/stm32f1xx_it.o
                0x0000000008000d70                SVC_Handler
 .text.DebugMon_Handler
                0x0000000008000d7c        0xc Core/Src/stm32f1xx_it.o
                0x0000000008000d7c                DebugMon_Handler
 .text.PendSV_Handler
                0x0000000008000d88        0xc Core/Src/stm32f1xx_it.o
                0x0000000008000d88                PendSV_Handler
 .text.SysTick_Handler
                0x0000000008000d94        0xc Core/Src/stm32f1xx_it.o
                0x0000000008000d94                SysTick_Handler
 .text.DMA1_Channel1_IRQHandler
                0x0000000008000da0       0x14 Core/Src/stm32f1xx_it.o
                0x0000000008000da0                DMA1_Channel1_IRQHandler
 .text.DMA2_Channel4_5_IRQHandler
                0x0000000008000db4       0x14 Core/Src/stm32f1xx_it.o
                0x0000000008000db4                DMA2_Channel4_5_IRQHandler
 .text._read    0x0000000008000dc8       0x3a Core/Src/syscalls.o
                0x0000000008000dc8                _read
 .text._write   0x0000000008000e02       0x38 Core/Src/syscalls.o
                0x0000000008000e02                _write
 .text._close   0x0000000008000e3a       0x16 Core/Src/syscalls.o
                0x0000000008000e3a                _close
 .text._fstat   0x0000000008000e50       0x1e Core/Src/syscalls.o
                0x0000000008000e50                _fstat
 .text._isatty  0x0000000008000e6e       0x14 Core/Src/syscalls.o
                0x0000000008000e6e                _isatty
 .text._lseek   0x0000000008000e82       0x18 Core/Src/syscalls.o
                0x0000000008000e82                _lseek
 *fill*         0x0000000008000e9a        0x2 
 .text._sbrk    0x0000000008000e9c       0x6c Core/Src/sysmem.o
                0x0000000008000e9c                _sbrk
 .text.SystemInit
                0x0000000008000f08        0xc Core/Src/system_stm32f1xx.o
                0x0000000008000f08                SystemInit
 .text.MX_USART1_UART_Init
                0x0000000008000f14       0x54 Core/Src/usart.o
                0x0000000008000f14                MX_USART1_UART_Init
 .text.HAL_UART_MspInit
                0x0000000008000f68       0x98 Core/Src/usart.o
                0x0000000008000f68                HAL_UART_MspInit
 .text.Reset_Handler
                0x0000000008001000       0x48 Core/Startup/startup_stm32f103zetx.o
                0x0000000008001000                Reset_Handler
 .text.Default_Handler
                0x0000000008001048        0x2 Core/Startup/startup_stm32f103zetx.o
                0x0000000008001048                DMA2_Channel3_IRQHandler
                0x0000000008001048                EXTI2_IRQHandler
                0x0000000008001048                TIM8_TRG_COM_IRQHandler
                0x0000000008001048                TIM8_CC_IRQHandler
                0x0000000008001048                TIM1_CC_IRQHandler
                0x0000000008001048                TIM6_IRQHandler
                0x0000000008001048                PVD_IRQHandler
                0x0000000008001048                SDIO_IRQHandler
                0x0000000008001048                EXTI3_IRQHandler
                0x0000000008001048                EXTI0_IRQHandler
                0x0000000008001048                I2C2_EV_IRQHandler
                0x0000000008001048                ADC1_2_IRQHandler
                0x0000000008001048                SPI1_IRQHandler
                0x0000000008001048                TAMPER_IRQHandler
                0x0000000008001048                TIM8_UP_IRQHandler
                0x0000000008001048                DMA2_Channel2_IRQHandler
                0x0000000008001048                DMA1_Channel4_IRQHandler
                0x0000000008001048                USART3_IRQHandler
                0x0000000008001048                RTC_IRQHandler
                0x0000000008001048                DMA1_Channel7_IRQHandler
                0x0000000008001048                CAN1_RX1_IRQHandler
                0x0000000008001048                UART5_IRQHandler
                0x0000000008001048                ADC3_IRQHandler
                0x0000000008001048                TIM4_IRQHandler
                0x0000000008001048                DMA2_Channel1_IRQHandler
                0x0000000008001048                I2C1_EV_IRQHandler
                0x0000000008001048                DMA1_Channel6_IRQHandler
                0x0000000008001048                UART4_IRQHandler
                0x0000000008001048                TIM3_IRQHandler
                0x0000000008001048                RCC_IRQHandler
                0x0000000008001048                TIM1_TRG_COM_IRQHandler
                0x0000000008001048                Default_Handler
                0x0000000008001048                EXTI15_10_IRQHandler
                0x0000000008001048                TIM7_IRQHandler
                0x0000000008001048                TIM5_IRQHandler
                0x0000000008001048                EXTI9_5_IRQHandler
                0x0000000008001048                SPI2_IRQHandler
                0x0000000008001048                DMA1_Channel5_IRQHandler
                0x0000000008001048                EXTI4_IRQHandler
                0x0000000008001048                USB_LP_CAN1_RX0_IRQHandler
                0x0000000008001048                USB_HP_CAN1_TX_IRQHandler
                0x0000000008001048                DMA1_Channel3_IRQHandler
                0x0000000008001048                FSMC_IRQHandler
                0x0000000008001048                TIM1_UP_IRQHandler
                0x0000000008001048                WWDG_IRQHandler
                0x0000000008001048                TIM2_IRQHandler
                0x0000000008001048                TIM1_BRK_IRQHandler
                0x0000000008001048                EXTI1_IRQHandler
                0x0000000008001048                USART2_IRQHandler
                0x0000000008001048                I2C2_ER_IRQHandler
                0x0000000008001048                DMA1_Channel2_IRQHandler
                0x0000000008001048                TIM8_BRK_IRQHandler
                0x0000000008001048                CAN1_SCE_IRQHandler
                0x0000000008001048                FLASH_IRQHandler
                0x0000000008001048                USART1_IRQHandler
                0x0000000008001048                SPI3_IRQHandler
                0x0000000008001048                I2C1_ER_IRQHandler
                0x0000000008001048                USBWakeUp_IRQHandler
                0x0000000008001048                RTC_Alarm_IRQHandler
 *fill*         0x000000000800104a        0x2 
 .text.loopback_udps
                0x000000000800104c      0x114 Core/ioLibrary/Application/loopback/loopback.o
                0x000000000800104c                loopback_udps
 .text.WIZCHIP_READ
                0x0000000008001160       0x98 Core/ioLibrary/Ethernet/W5500/w5500.o
                0x0000000008001160                WIZCHIP_READ
 .text.WIZCHIP_WRITE
                0x00000000080011f8       0x9c Core/ioLibrary/Ethernet/W5500/w5500.o
                0x00000000080011f8                WIZCHIP_WRITE
 .text.WIZCHIP_READ_BUF
                0x0000000008001294       0xc0 Core/ioLibrary/Ethernet/W5500/w5500.o
                0x0000000008001294                WIZCHIP_READ_BUF
 .text.WIZCHIP_WRITE_BUF
                0x0000000008001354       0xc0 Core/ioLibrary/Ethernet/W5500/w5500.o
                0x0000000008001354                WIZCHIP_WRITE_BUF
 .text.getSn_TX_FSR
                0x0000000008001414       0x96 Core/ioLibrary/Ethernet/W5500/w5500.o
                0x0000000008001414                getSn_TX_FSR
 .text.getSn_RX_RSR
                0x00000000080014aa       0x96 Core/ioLibrary/Ethernet/W5500/w5500.o
                0x00000000080014aa                getSn_RX_RSR
 .text.wiz_send_data
                0x0000000008001540       0xb8 Core/ioLibrary/Ethernet/W5500/w5500.o
                0x0000000008001540                wiz_send_data
 .text.wiz_recv_data
                0x00000000080015f8       0xb8 Core/ioLibrary/Ethernet/W5500/w5500.o
                0x00000000080015f8                wiz_recv_data
 .text.wiz_recv_ignore
                0x00000000080016b0       0x90 Core/ioLibrary/Ethernet/W5500/w5500.o
                0x00000000080016b0                wiz_recv_ignore
 .text.socket   0x0000000008001740      0x22c Core/ioLibrary/Ethernet/socket.o
                0x0000000008001740                socket
 .text.close    0x000000000800196c       0xdc Core/ioLibrary/Ethernet/socket.o
                0x000000000800196c                close
 .text.sendto   0x0000000008001a48      0x26c Core/ioLibrary/Ethernet/socket.o
                0x0000000008001a48                sendto
 .text.recvfrom
                0x0000000008001cb4      0x3dc Core/ioLibrary/Ethernet/socket.o
                0x0000000008001cb4                recvfrom
 .text.wizchip_cris_enter
                0x0000000008002090        0xc Core/ioLibrary/Ethernet/wizchip_conf.o
                0x0000000008002090                wizchip_cris_enter
 .text.wizchip_cris_exit
                0x000000000800209c        0xc Core/ioLibrary/Ethernet/wizchip_conf.o
                0x000000000800209c                wizchip_cris_exit
 .text.wizchip_cs_select
                0x00000000080020a8        0xc Core/ioLibrary/Ethernet/wizchip_conf.o
                0x00000000080020a8                wizchip_cs_select
 .text.wizchip_cs_deselect
                0x00000000080020b4        0xc Core/ioLibrary/Ethernet/wizchip_conf.o
                0x00000000080020b4                wizchip_cs_deselect
 .text.wizchip_bus_readdata
                0x00000000080020c0       0x18 Core/ioLibrary/Ethernet/wizchip_conf.o
                0x00000000080020c0                wizchip_bus_readdata
 .text.wizchip_bus_writedata
                0x00000000080020d8       0x1c Core/ioLibrary/Ethernet/wizchip_conf.o
                0x00000000080020d8                wizchip_bus_writedata
 .text.wizchip_spi_readbyte
                0x00000000080020f4        0xe Core/ioLibrary/Ethernet/wizchip_conf.o
                0x00000000080020f4                wizchip_spi_readbyte
 .text.wizchip_spi_writebyte
                0x0000000008002102       0x14 Core/ioLibrary/Ethernet/wizchip_conf.o
                0x0000000008002102                wizchip_spi_writebyte
 .text.wizchip_spi_readburst
                0x0000000008002116       0x16 Core/ioLibrary/Ethernet/wizchip_conf.o
                0x0000000008002116                wizchip_spi_readburst
 .text.wizchip_spi_writeburst
                0x000000000800212c       0x16 Core/ioLibrary/Ethernet/wizchip_conf.o
                0x000000000800212c                wizchip_spi_writeburst
 *fill*         0x0000000008002142        0x2 
 .text.reg_wizchip_cs_cbfunc
                0x0000000008002144       0x48 Core/ioLibrary/Ethernet/wizchip_conf.o
                0x0000000008002144                reg_wizchip_cs_cbfunc
 .text.reg_wizchip_spi_cbfunc
                0x000000000800218c       0x58 Core/ioLibrary/Ethernet/wizchip_conf.o
                0x000000000800218c                reg_wizchip_spi_cbfunc
 .text.reg_wizchip_spiburst_cbfunc
                0x00000000080021e4       0x58 Core/ioLibrary/Ethernet/wizchip_conf.o
                0x00000000080021e4                reg_wizchip_spiburst_cbfunc
 .text.ctlwizchip
                0x000000000800223c      0x1bc Core/ioLibrary/Ethernet/wizchip_conf.o
                0x000000000800223c                ctlwizchip
 .text.ctlnetwork
                0x00000000080023f8       0x7c Core/ioLibrary/Ethernet/wizchip_conf.o
                0x00000000080023f8                ctlnetwork
 .text.wizchip_sw_reset
                0x0000000008002474       0x98 Core/ioLibrary/Ethernet/wizchip_conf.o
                0x0000000008002474                wizchip_sw_reset
 .text.wizchip_init
                0x000000000800250c      0x118 Core/ioLibrary/Ethernet/wizchip_conf.o
                0x000000000800250c                wizchip_init
 .text.wizchip_clrinterrupt
                0x0000000008002624       0x68 Core/ioLibrary/Ethernet/wizchip_conf.o
                0x0000000008002624                wizchip_clrinterrupt
 .text.wizchip_getinterrupt
                0x000000000800268c       0x4a Core/ioLibrary/Ethernet/wizchip_conf.o
                0x000000000800268c                wizchip_getinterrupt
 .text.wizchip_setinterruptmask
                0x00000000080026d6       0x36 Core/ioLibrary/Ethernet/wizchip_conf.o
                0x00000000080026d6                wizchip_setinterruptmask
 .text.wizchip_getinterruptmask
                0x000000000800270c       0x46 Core/ioLibrary/Ethernet/wizchip_conf.o
                0x000000000800270c                wizchip_getinterruptmask
 .text.wizphy_getphylink
                0x0000000008002752       0x2c Core/ioLibrary/Ethernet/wizchip_conf.o
                0x0000000008002752                wizphy_getphylink
 .text.wizphy_getphypmode
                0x000000000800277e       0x32 Core/ioLibrary/Ethernet/wizchip_conf.o
                0x000000000800277e                wizphy_getphypmode
 .text.wizphy_reset
                0x00000000080027b0       0x4e Core/ioLibrary/Ethernet/wizchip_conf.o
                0x00000000080027b0                wizphy_reset
 .text.wizphy_setphyconf
                0x00000000080027fe       0x84 Core/ioLibrary/Ethernet/wizchip_conf.o
                0x00000000080027fe                wizphy_setphyconf
 .text.wizphy_getphyconf
                0x0000000008002882       0xd2 Core/ioLibrary/Ethernet/wizchip_conf.o
                0x0000000008002882                wizphy_getphyconf
 .text.wizphy_setphypmode
                0x0000000008002954       0x94 Core/ioLibrary/Ethernet/wizchip_conf.o
                0x0000000008002954                wizphy_setphypmode
 .text.wizchip_setnetinfo
                0x00000000080029e8       0x80 Core/ioLibrary/Ethernet/wizchip_conf.o
                0x00000000080029e8                wizchip_setnetinfo
 .text.wizchip_getnetinfo
                0x0000000008002a68       0x80 Core/ioLibrary/Ethernet/wizchip_conf.o
                0x0000000008002a68                wizchip_getnetinfo
 .text.wizchip_setnetmode
                0x0000000008002ae8       0x44 Core/ioLibrary/Ethernet/wizchip_conf.o
                0x0000000008002ae8                wizchip_setnetmode
 .text.wizchip_getnetmode
                0x0000000008002b2c       0x10 Core/ioLibrary/Ethernet/wizchip_conf.o
                0x0000000008002b2c                wizchip_getnetmode
 .text.wizchip_settimeout
                0x0000000008002b3c       0x42 Core/ioLibrary/Ethernet/wizchip_conf.o
                0x0000000008002b3c                wizchip_settimeout
 .text.wizchip_gettimeout
                0x0000000008002b7e       0x44 Core/ioLibrary/Ethernet/wizchip_conf.o
                0x0000000008002b7e                wizchip_gettimeout
 *fill*         0x0000000008002bc2        0x2 
 .text.HAL_Init
                0x0000000008002bc4       0x2c Drivers/STM32F1xx_HAL_Driver/stm32f1xx_hal.o
                0x0000000008002bc4                HAL_Init
 .text.HAL_InitTick
                0x0000000008002bf0       0x60 Drivers/STM32F1xx_HAL_Driver/stm32f1xx_hal.o
                0x0000000008002bf0                HAL_InitTick
 .text.HAL_IncTick
                0x0000000008002c50       0x24 Drivers/STM32F1xx_HAL_Driver/stm32f1xx_hal.o
                0x0000000008002c50                HAL_IncTick
 .text.HAL_GetTick
                0x0000000008002c74       0x14 Drivers/STM32F1xx_HAL_Driver/stm32f1xx_hal.o
                0x0000000008002c74                HAL_GetTick
 .text.HAL_ADC_Init
                0x0000000008002c88      0x1d4 Drivers/STM32F1xx_HAL_Driver/stm32f1xx_hal_adc.o
                0x0000000008002c88                HAL_ADC_Init
 .text.HAL_ADC_ConfigChannel
                0x0000000008002e5c      0x1f0 Drivers/STM32F1xx_HAL_Driver/stm32f1xx_hal_adc.o
                0x0000000008002e5c                HAL_ADC_ConfigChannel
 .text.ADC_ConversionStop_Disable
                0x000000000800304c       0x74 Drivers/STM32F1xx_HAL_Driver/stm32f1xx_hal_adc.o
                0x000000000800304c                ADC_ConversionStop_Disable
 .text.__NVIC_SetPriorityGrouping
                0x00000000080030c0       0x48 Drivers/STM32F1xx_HAL_Driver/stm32f1xx_hal_cortex.o
 .text.__NVIC_GetPriorityGrouping
                0x0000000008003108       0x1c Drivers/STM32F1xx_HAL_Driver/stm32f1xx_hal_cortex.o
 .text.__NVIC_EnableIRQ
                0x0000000008003124       0x38 Drivers/STM32F1xx_HAL_Driver/stm32f1xx_hal_cortex.o
 .text.__NVIC_SetPriority
                0x000000000800315c       0x54 Drivers/STM32F1xx_HAL_Driver/stm32f1xx_hal_cortex.o
 .text.NVIC_EncodePriority
                0x00000000080031b0       0x64 Drivers/STM32F1xx_HAL_Driver/stm32f1xx_hal_cortex.o
 .text.SysTick_Config
                0x0000000008003214       0x44 Drivers/STM32F1xx_HAL_Driver/stm32f1xx_hal_cortex.o
 .text.HAL_NVIC_SetPriorityGrouping
                0x0000000008003258       0x16 Drivers/STM32F1xx_HAL_Driver/stm32f1xx_hal_cortex.o
                0x0000000008003258                HAL_NVIC_SetPriorityGrouping
 .text.HAL_NVIC_SetPriority
                0x000000000800326e       0x38 Drivers/STM32F1xx_HAL_Driver/stm32f1xx_hal_cortex.o
                0x000000000800326e                HAL_NVIC_SetPriority
 .text.HAL_NVIC_EnableIRQ
                0x00000000080032a6       0x1c Drivers/STM32F1xx_HAL_Driver/stm32f1xx_hal_cortex.o
                0x00000000080032a6                HAL_NVIC_EnableIRQ
 .text.HAL_SYSTICK_Config
                0x00000000080032c2       0x18 Drivers/STM32F1xx_HAL_Driver/stm32f1xx_hal_cortex.o
                0x00000000080032c2                HAL_SYSTICK_Config
 *fill*         0x00000000080032da        0x2 
 .text.HAL_DMA_Init
                0x00000000080032dc       0xec Drivers/STM32F1xx_HAL_Driver/stm32f1xx_hal_dma.o
                0x00000000080032dc                HAL_DMA_Init
 .text.HAL_DMA_IRQHandler
                0x00000000080033c8      0x478 Drivers/STM32F1xx_HAL_Driver/stm32f1xx_hal_dma.o
                0x00000000080033c8                HAL_DMA_IRQHandler
 .text.HAL_GPIO_Init
                0x0000000008003840      0x328 Drivers/STM32F1xx_HAL_Driver/stm32f1xx_hal_gpio.o
                0x0000000008003840                HAL_GPIO_Init
 .text.HAL_GPIO_WritePin
                0x0000000008003b68       0x30 Drivers/STM32F1xx_HAL_Driver/stm32f1xx_hal_gpio.o
                0x0000000008003b68                HAL_GPIO_WritePin
 .text.HAL_RCC_OscConfig
                0x0000000008003b98      0x500 Drivers/STM32F1xx_HAL_Driver/stm32f1xx_hal_rcc.o
                0x0000000008003b98                HAL_RCC_OscConfig
 .text.HAL_RCC_ClockConfig
                0x0000000008004098      0x1d4 Drivers/STM32F1xx_HAL_Driver/stm32f1xx_hal_rcc.o
                0x0000000008004098                HAL_RCC_ClockConfig
 .text.HAL_RCC_GetSysClockFreq
                0x000000000800426c       0xc0 Drivers/STM32F1xx_HAL_Driver/stm32f1xx_hal_rcc.o
                0x000000000800426c                HAL_RCC_GetSysClockFreq
 .text.HAL_RCC_GetHCLKFreq
                0x000000000800432c       0x14 Drivers/STM32F1xx_HAL_Driver/stm32f1xx_hal_rcc.o
                0x000000000800432c                HAL_RCC_GetHCLKFreq
 .text.HAL_RCC_GetPCLK1Freq
                0x0000000008004340       0x28 Drivers/STM32F1xx_HAL_Driver/stm32f1xx_hal_rcc.o
                0x0000000008004340                HAL_RCC_GetPCLK1Freq
 .text.HAL_RCC_GetPCLK2Freq
                0x0000000008004368       0x28 Drivers/STM32F1xx_HAL_Driver/stm32f1xx_hal_rcc.o
                0x0000000008004368                HAL_RCC_GetPCLK2Freq
 .text.RCC_Delay
                0x0000000008004390       0x3c Drivers/STM32F1xx_HAL_Driver/stm32f1xx_hal_rcc.o
 .text.HAL_RCCEx_PeriphCLKConfig
                0x00000000080043cc      0x16c Drivers/STM32F1xx_HAL_Driver/stm32f1xx_hal_rcc_ex.o
                0x00000000080043cc                HAL_RCCEx_PeriphCLKConfig
 .text.HAL_SPI_Init
                0x0000000008004538      0x108 Drivers/STM32F1xx_HAL_Driver/stm32f1xx_hal_spi.o
                0x0000000008004538                HAL_SPI_Init
 .text.HAL_SPI_Transmit
                0x0000000008004640      0x278 Drivers/STM32F1xx_HAL_Driver/stm32f1xx_hal_spi.o
                0x0000000008004640                HAL_SPI_Transmit
 .text.HAL_SPI_Receive
                0x00000000080048b8      0x222 Drivers/STM32F1xx_HAL_Driver/stm32f1xx_hal_spi.o
                0x00000000080048b8                HAL_SPI_Receive
 .text.HAL_SPI_TransmitReceive
                0x0000000008004ada      0x344 Drivers/STM32F1xx_HAL_Driver/stm32f1xx_hal_spi.o
                0x0000000008004ada                HAL_SPI_TransmitReceive
 *fill*         0x0000000008004e1e        0x2 
 .text.SPI_WaitFlagStateUntilTimeout
                0x0000000008004e20      0x110 Drivers/STM32F1xx_HAL_Driver/stm32f1xx_hal_spi.o
 .text.SPI_EndRxTransaction
                0x0000000008004f30       0xa4 Drivers/STM32F1xx_HAL_Driver/stm32f1xx_hal_spi.o
 .text.SPI_EndRxTxTransaction
                0x0000000008004fd4       0x3c Drivers/STM32F1xx_HAL_Driver/stm32f1xx_hal_spi.o
 .text.HAL_UART_Init
                0x0000000008005010       0x9a Drivers/STM32F1xx_HAL_Driver/stm32f1xx_hal_uart.o
                0x0000000008005010                HAL_UART_Init
 .text.HAL_UART_Transmit
                0x00000000080050aa      0x124 Drivers/STM32F1xx_HAL_Driver/stm32f1xx_hal_uart.o
                0x00000000080050aa                HAL_UART_Transmit
 .text.UART_WaitOnFlagUntilTimeout
                0x00000000080051ce       0x94 Drivers/STM32F1xx_HAL_Driver/stm32f1xx_hal_uart.o
 *fill*         0x0000000008005262        0x2 
 .text.UART_SetConfig
                0x0000000008005264      0x11c Drivers/STM32F1xx_HAL_Driver/stm32f1xx_hal_uart.o
 .text.__errno  0x0000000008005380        0xc /Applications/STM32CubeIDE.app/Contents/Eclipse/plugins/com.st.stm32cube.ide.mcu.externaltools.gnu-tools-for-stm32.9-2020-q2-update.macos64_1.5.0.202011040924/tools/bin/../lib/gcc/arm-none-eabi/9.3.1/../../../../arm-none-eabi/lib/thumb/v7-m/nofp/libc_nano.a(lib_a-errno.o)
                0x0000000008005380                __errno
 .text.__libc_init_array
                0x000000000800538c       0x48 /Applications/STM32CubeIDE.app/Contents/Eclipse/plugins/com.st.stm32cube.ide.mcu.externaltools.gnu-tools-for-stm32.9-2020-q2-update.macos64_1.5.0.202011040924/tools/bin/../lib/gcc/arm-none-eabi/9.3.1/../../../../arm-none-eabi/lib/thumb/v7-m/nofp/libc_nano.a(lib_a-init.o)
                0x000000000800538c                __libc_init_array
 .text.memset   0x00000000080053d4       0x10 /Applications/STM32CubeIDE.app/Contents/Eclipse/plugins/com.st.stm32cube.ide.mcu.externaltools.gnu-tools-for-stm32.9-2020-q2-update.macos64_1.5.0.202011040924/tools/bin/../lib/gcc/arm-none-eabi/9.3.1/../../../../arm-none-eabi/lib/thumb/v7-m/nofp/libc_nano.a(lib_a-memset.o)
                0x00000000080053d4                memset
 .text._free_r  0x00000000080053e4       0x98 /Applications/STM32CubeIDE.app/Contents/Eclipse/plugins/com.st.stm32cube.ide.mcu.externaltools.gnu-tools-for-stm32.9-2020-q2-update.macos64_1.5.0.202011040924/tools/bin/../lib/gcc/arm-none-eabi/9.3.1/../../../../arm-none-eabi/lib/thumb/v7-m/nofp/libc_nano.a(lib_a-nano-freer.o)
                0x00000000080053e4                _free_r
 .text._malloc_r
                0x000000000800547c       0xb4 /Applications/STM32CubeIDE.app/Contents/Eclipse/plugins/com.st.stm32cube.ide.mcu.externaltools.gnu-tools-for-stm32.9-2020-q2-update.macos64_1.5.0.202011040924/tools/bin/../lib/gcc/arm-none-eabi/9.3.1/../../../../arm-none-eabi/lib/thumb/v7-m/nofp/libc_nano.a(lib_a-nano-mallocr.o)
                0x000000000800547c                _malloc_r
 .text.printf   0x0000000008005530       0x30 /Applications/STM32CubeIDE.app/Contents/Eclipse/plugins/com.st.stm32cube.ide.mcu.externaltools.gnu-tools-for-stm32.9-2020-q2-update.macos64_1.5.0.202011040924/tools/bin/../lib/gcc/arm-none-eabi/9.3.1/../../../../arm-none-eabi/lib/thumb/v7-m/nofp/libc_nano.a(lib_a-printf.o)
                0x0000000008005530                printf
                0x0000000008005530                iprintf
 .text._puts_r  0x0000000008005560       0xdc /Applications/STM32CubeIDE.app/Contents/Eclipse/plugins/com.st.stm32cube.ide.mcu.externaltools.gnu-tools-for-stm32.9-2020-q2-update.macos64_1.5.0.202011040924/tools/bin/../lib/gcc/arm-none-eabi/9.3.1/../../../../arm-none-eabi/lib/thumb/v7-m/nofp/libc_nano.a(lib_a-puts.o)
                0x0000000008005560                _puts_r
 .text.puts     0x000000000800563c       0x10 /Applications/STM32CubeIDE.app/Contents/Eclipse/plugins/com.st.stm32cube.ide.mcu.externaltools.gnu-tools-for-stm32.9-2020-q2-update.macos64_1.5.0.202011040924/tools/bin/../lib/gcc/arm-none-eabi/9.3.1/../../../../arm-none-eabi/lib/thumb/v7-m/nofp/libc_nano.a(lib_a-puts.o)
                0x000000000800563c                puts
 .text._sbrk_r  0x000000000800564c       0x20 /Applications/STM32CubeIDE.app/Contents/Eclipse/plugins/com.st.stm32cube.ide.mcu.externaltools.gnu-tools-for-stm32.9-2020-q2-update.macos64_1.5.0.202011040924/tools/bin/../lib/gcc/arm-none-eabi/9.3.1/../../../../arm-none-eabi/lib/thumb/v7-m/nofp/libc_nano.a(lib_a-sbrkr.o)
                0x000000000800564c                _sbrk_r
 .text.__sread  0x000000000800566c       0x22 /Applications/STM32CubeIDE.app/Contents/Eclipse/plugins/com.st.stm32cube.ide.mcu.externaltools.gnu-tools-for-stm32.9-2020-q2-update.macos64_1.5.0.202011040924/tools/bin/../lib/gcc/arm-none-eabi/9.3.1/../../../../arm-none-eabi/lib/thumb/v7-m/nofp/libc_nano.a(lib_a-stdio.o)
                0x000000000800566c                __sread
 .text.__swrite
                0x000000000800568e       0x38 /Applications/STM32CubeIDE.app/Contents/Eclipse/plugins/com.st.stm32cube.ide.mcu.externaltools.gnu-tools-for-stm32.9-2020-q2-update.macos64_1.5.0.202011040924/tools/bin/../lib/gcc/arm-none-eabi/9.3.1/../../../../arm-none-eabi/lib/thumb/v7-m/nofp/libc_nano.a(lib_a-stdio.o)
                0x000000000800568e                __swrite
 .text.__sseek  0x00000000080056c6       0x24 /Applications/STM32CubeIDE.app/Contents/Eclipse/plugins/com.st.stm32cube.ide.mcu.externaltools.gnu-tools-for-stm32.9-2020-q2-update.macos64_1.5.0.202011040924/tools/bin/../lib/gcc/arm-none-eabi/9.3.1/../../../../arm-none-eabi/lib/thumb/v7-m/nofp/libc_nano.a(lib_a-stdio.o)
                0x00000000080056c6                __sseek
 .text.__sclose
                0x00000000080056ea        0x8 /Applications/STM32CubeIDE.app/Contents/Eclipse/plugins/com.st.stm32cube.ide.mcu.externaltools.gnu-tools-for-stm32.9-2020-q2-update.macos64_1.5.0.202011040924/tools/bin/../lib/gcc/arm-none-eabi/9.3.1/../../../../arm-none-eabi/lib/thumb/v7-m/nofp/libc_nano.a(lib_a-stdio.o)
                0x00000000080056ea                __sclose
 *fill*         0x00000000080056f2        0x2 
 .text.__swbuf_r
                0x00000000080056f4       0xa4 /Applications/STM32CubeIDE.app/Contents/Eclipse/plugins/com.st.stm32cube.ide.mcu.externaltools.gnu-tools-for-stm32.9-2020-q2-update.macos64_1.5.0.202011040924/tools/bin/../lib/gcc/arm-none-eabi/9.3.1/../../../../arm-none-eabi/lib/thumb/v7-m/nofp/libc_nano.a(lib_a-wbuf.o)
                0x00000000080056f4                __swbuf_r
 .text._write_r
                0x0000000008005798       0x24 /Applications/STM32CubeIDE.app/Contents/Eclipse/plugins/com.st.stm32cube.ide.mcu.externaltools.gnu-tools-for-stm32.9-2020-q2-update.macos64_1.5.0.202011040924/tools/bin/../lib/gcc/arm-none-eabi/9.3.1/../../../../arm-none-eabi/lib/thumb/v7-m/nofp/libc_nano.a(lib_a-writer.o)
                0x0000000008005798                _write_r
 .text.__swsetup_r
                0x00000000080057bc       0xdc /Applications/STM32CubeIDE.app/Contents/Eclipse/plugins/com.st.stm32cube.ide.mcu.externaltools.gnu-tools-for-stm32.9-2020-q2-update.macos64_1.5.0.202011040924/tools/bin/../lib/gcc/arm-none-eabi/9.3.1/../../../../arm-none-eabi/lib/thumb/v7-m/nofp/libc_nano.a(lib_a-wsetup.o)
                0x00000000080057bc                __swsetup_r
 .text._close_r
                0x0000000008005898       0x20 /Applications/STM32CubeIDE.app/Contents/Eclipse/plugins/com.st.stm32cube.ide.mcu.externaltools.gnu-tools-for-stm32.9-2020-q2-update.macos64_1.5.0.202011040924/tools/bin/../lib/gcc/arm-none-eabi/9.3.1/../../../../arm-none-eabi/lib/thumb/v7-m/nofp/libc_nano.a(lib_a-closer.o)
                0x0000000008005898                _close_r
 .text.__sflush_r
                0x00000000080058b8      0x10c /Applications/STM32CubeIDE.app/Contents/Eclipse/plugins/com.st.stm32cube.ide.mcu.externaltools.gnu-tools-for-stm32.9-2020-q2-update.macos64_1.5.0.202011040924/tools/bin/../lib/gcc/arm-none-eabi/9.3.1/../../../../arm-none-eabi/lib/thumb/v7-m/nofp/libc_nano.a(lib_a-fflush.o)
                0x00000000080058b8                __sflush_r
 .text._fflush_r
                0x00000000080059c4       0x78 /Applications/STM32CubeIDE.app/Contents/Eclipse/plugins/com.st.stm32cube.ide.mcu.externaltools.gnu-tools-for-stm32.9-2020-q2-update.macos64_1.5.0.202011040924/tools/bin/../lib/gcc/arm-none-eabi/9.3.1/../../../../arm-none-eabi/lib/thumb/v7-m/nofp/libc_nano.a(lib_a-fflush.o)
                0x00000000080059c4                _fflush_r
 .text.std      0x0000000008005a3c       0x48 /Applications/STM32CubeIDE.app/Contents/Eclipse/plugins/com.st.stm32cube.ide.mcu.externaltools.gnu-tools-for-stm32.9-2020-q2-update.macos64_1.5.0.202011040924/tools/bin/../lib/gcc/arm-none-eabi/9.3.1/../../../../arm-none-eabi/lib/thumb/v7-m/nofp/libc_nano.a(lib_a-findfp.o)
 .text._cleanup_r
                0x0000000008005a84        0xc /Applications/STM32CubeIDE.app/Contents/Eclipse/plugins/com.st.stm32cube.ide.mcu.externaltools.gnu-tools-for-stm32.9-2020-q2-update.macos64_1.5.0.202011040924/tools/bin/../lib/gcc/arm-none-eabi/9.3.1/../../../../arm-none-eabi/lib/thumb/v7-m/nofp/libc_nano.a(lib_a-findfp.o)
                0x0000000008005a84                _cleanup_r
 .text.__sfmoreglue
                0x0000000008005a90       0x2c /Applications/STM32CubeIDE.app/Contents/Eclipse/plugins/com.st.stm32cube.ide.mcu.externaltools.gnu-tools-for-stm32.9-2020-q2-update.macos64_1.5.0.202011040924/tools/bin/../lib/gcc/arm-none-eabi/9.3.1/../../../../arm-none-eabi/lib/thumb/v7-m/nofp/libc_nano.a(lib_a-findfp.o)
                0x0000000008005a90                __sfmoreglue
 .text.__sfp_lock_acquire
                0x0000000008005abc        0xc /Applications/STM32CubeIDE.app/Contents/Eclipse/plugins/com.st.stm32cube.ide.mcu.externaltools.gnu-tools-for-stm32.9-2020-q2-update.macos64_1.5.0.202011040924/tools/bin/../lib/gcc/arm-none-eabi/9.3.1/../../../../arm-none-eabi/lib/thumb/v7-m/nofp/libc_nano.a(lib_a-findfp.o)
                0x0000000008005abc                __sfp_lock_acquire
 .text.__sfp_lock_release
                0x0000000008005ac8        0xc /Applications/STM32CubeIDE.app/Contents/Eclipse/plugins/com.st.stm32cube.ide.mcu.externaltools.gnu-tools-for-stm32.9-2020-q2-update.macos64_1.5.0.202011040924/tools/bin/../lib/gcc/arm-none-eabi/9.3.1/../../../../arm-none-eabi/lib/thumb/v7-m/nofp/libc_nano.a(lib_a-findfp.o)
                0x0000000008005ac8                __sfp_lock_release
 .text.__sinit_lock_acquire
                0x0000000008005ad4        0xc /Applications/STM32CubeIDE.app/Contents/Eclipse/plugins/com.st.stm32cube.ide.mcu.externaltools.gnu-tools-for-stm32.9-2020-q2-update.macos64_1.5.0.202011040924/tools/bin/../lib/gcc/arm-none-eabi/9.3.1/../../../../arm-none-eabi/lib/thumb/v7-m/nofp/libc_nano.a(lib_a-findfp.o)
                0x0000000008005ad4                __sinit_lock_acquire
 .text.__sinit_lock_release
                0x0000000008005ae0        0xc /Applications/STM32CubeIDE.app/Contents/Eclipse/plugins/com.st.stm32cube.ide.mcu.externaltools.gnu-tools-for-stm32.9-2020-q2-update.macos64_1.5.0.202011040924/tools/bin/../lib/gcc/arm-none-eabi/9.3.1/../../../../arm-none-eabi/lib/thumb/v7-m/nofp/libc_nano.a(lib_a-findfp.o)
                0x0000000008005ae0                __sinit_lock_release
 .text.__sinit  0x0000000008005aec       0x70 /Applications/STM32CubeIDE.app/Contents/Eclipse/plugins/com.st.stm32cube.ide.mcu.externaltools.gnu-tools-for-stm32.9-2020-q2-update.macos64_1.5.0.202011040924/tools/bin/../lib/gcc/arm-none-eabi/9.3.1/../../../../arm-none-eabi/lib/thumb/v7-m/nofp/libc_nano.a(lib_a-findfp.o)
                0x0000000008005aec                __sinit
 .text.__sfp    0x0000000008005b5c       0x8c /Applications/STM32CubeIDE.app/Contents/Eclipse/plugins/com.st.stm32cube.ide.mcu.externaltools.gnu-tools-for-stm32.9-2020-q2-update.macos64_1.5.0.202011040924/tools/bin/../lib/gcc/arm-none-eabi/9.3.1/../../../../arm-none-eabi/lib/thumb/v7-m/nofp/libc_nano.a(lib_a-findfp.o)
                0x0000000008005b5c                __sfp
 .text._fwalk_reent
                0x0000000008005be8       0x3e /Applications/STM32CubeIDE.app/Contents/Eclipse/plugins/com.st.stm32cube.ide.mcu.externaltools.gnu-tools-for-stm32.9-2020-q2-update.macos64_1.5.0.202011040924/tools/bin/../lib/gcc/arm-none-eabi/9.3.1/../../../../arm-none-eabi/lib/thumb/v7-m/nofp/libc_nano.a(lib_a-fwalk.o)
                0x0000000008005be8                _fwalk_reent
 .text.__retarget_lock_init_recursive
                0x0000000008005c26        0x2 /Applications/STM32CubeIDE.app/Contents/Eclipse/plugins/com.st.stm32cube.ide.mcu.externaltools.gnu-tools-for-stm32.9-2020-q2-update.macos64_1.5.0.202011040924/tools/bin/../lib/gcc/arm-none-eabi/9.3.1/../../../../arm-none-eabi/lib/thumb/v7-m/nofp/libc_nano.a(lib_a-lock.o)
                0x0000000008005c26                __retarget_lock_init_recursive
 .text.__retarget_lock_acquire_recursive
                0x0000000008005c28        0x2 /Applications/STM32CubeIDE.app/Contents/Eclipse/plugins/com.st.stm32cube.ide.mcu.externaltools.gnu-tools-for-stm32.9-2020-q2-update.macos64_1.5.0.202011040924/tools/bin/../lib/gcc/arm-none-eabi/9.3.1/../../../../arm-none-eabi/lib/thumb/v7-m/nofp/libc_nano.a(lib_a-lock.o)
                0x0000000008005c28                __retarget_lock_acquire_recursive
 .text.__retarget_lock_release_recursive
                0x0000000008005c2a        0x2 /Applications/STM32CubeIDE.app/Contents/Eclipse/plugins/com.st.stm32cube.ide.mcu.externaltools.gnu-tools-for-stm32.9-2020-q2-update.macos64_1.5.0.202011040924/tools/bin/../lib/gcc/arm-none-eabi/9.3.1/../../../../arm-none-eabi/lib/thumb/v7-m/nofp/libc_nano.a(lib_a-lock.o)
                0x0000000008005c2a                __retarget_lock_release_recursive
 .text._lseek_r
                0x0000000008005c2c       0x24 /Applications/STM32CubeIDE.app/Contents/Eclipse/plugins/com.st.stm32cube.ide.mcu.externaltools.gnu-tools-for-stm32.9-2020-q2-update.macos64_1.5.0.202011040924/tools/bin/../lib/gcc/arm-none-eabi/9.3.1/../../../../arm-none-eabi/lib/thumb/v7-m/nofp/libc_nano.a(lib_a-lseekr.o)
                0x0000000008005c2c                _lseek_r
 .text.__swhatbuf_r
                0x0000000008005c50       0x48 /Applications/STM32CubeIDE.app/Contents/Eclipse/plugins/com.st.stm32cube.ide.mcu.externaltools.gnu-tools-for-stm32.9-2020-q2-update.macos64_1.5.0.202011040924/tools/bin/../lib/gcc/arm-none-eabi/9.3.1/../../../../arm-none-eabi/lib/thumb/v7-m/nofp/libc_nano.a(lib_a-makebuf.o)
                0x0000000008005c50                __swhatbuf_r
 .text.__smakebuf_r
                0x0000000008005c98       0x80 /Applications/STM32CubeIDE.app/Contents/Eclipse/plugins/com.st.stm32cube.ide.mcu.externaltools.gnu-tools-for-stm32.9-2020-q2-update.macos64_1.5.0.202011040924/tools/bin/../lib/gcc/arm-none-eabi/9.3.1/../../../../arm-none-eabi/lib/thumb/v7-m/nofp/libc_nano.a(lib_a-makebuf.o)
                0x0000000008005c98                __smakebuf_r
 .text.__malloc_lock
                0x0000000008005d18        0xc /Applications/STM32CubeIDE.app/Contents/Eclipse/plugins/com.st.stm32cube.ide.mcu.externaltools.gnu-tools-for-stm32.9-2020-q2-update.macos64_1.5.0.202011040924/tools/bin/../lib/gcc/arm-none-eabi/9.3.1/../../../../arm-none-eabi/lib/thumb/v7-m/nofp/libc_nano.a(lib_a-mlock.o)
                0x0000000008005d18                __malloc_lock
 .text.__malloc_unlock
                0x0000000008005d24        0xc /Applications/STM32CubeIDE.app/Contents/Eclipse/plugins/com.st.stm32cube.ide.mcu.externaltools.gnu-tools-for-stm32.9-2020-q2-update.macos64_1.5.0.202011040924/tools/bin/../lib/gcc/arm-none-eabi/9.3.1/../../../../arm-none-eabi/lib/thumb/v7-m/nofp/libc_nano.a(lib_a-mlock.o)
                0x0000000008005d24                __malloc_unlock
 .text.__sfputc_r
                0x0000000008005d30       0x2a /Applications/STM32CubeIDE.app/Contents/Eclipse/plugins/com.st.stm32cube.ide.mcu.externaltools.gnu-tools-for-stm32.9-2020-q2-update.macos64_1.5.0.202011040924/tools/bin/../lib/gcc/arm-none-eabi/9.3.1/../../../../arm-none-eabi/lib/thumb/v7-m/nofp/libc_nano.a(lib_a-nano-vfprintf.o)
 .text.__sfputs_r
                0x0000000008005d5a       0x24 /Applications/STM32CubeIDE.app/Contents/Eclipse/plugins/com.st.stm32cube.ide.mcu.externaltools.gnu-tools-for-stm32.9-2020-q2-update.macos64_1.5.0.202011040924/tools/bin/../lib/gcc/arm-none-eabi/9.3.1/../../../../arm-none-eabi/lib/thumb/v7-m/nofp/libc_nano.a(lib_a-nano-vfprintf.o)
                0x0000000008005d5a                __sfputs_r
 *fill*         0x0000000008005d7e        0x2 
 .text._vfprintf_r
                0x0000000008005d80      0x260 /Applications/STM32CubeIDE.app/Contents/Eclipse/plugins/com.st.stm32cube.ide.mcu.externaltools.gnu-tools-for-stm32.9-2020-q2-update.macos64_1.5.0.202011040924/tools/bin/../lib/gcc/arm-none-eabi/9.3.1/../../../../arm-none-eabi/lib/thumb/v7-m/nofp/libc_nano.a(lib_a-nano-vfprintf.o)
                0x0000000008005d80                _vfiprintf_r
                0x0000000008005d80                _vfprintf_r
 .text._printf_common
                0x0000000008005fe0       0xde /Applications/STM32CubeIDE.app/Contents/Eclipse/plugins/com.st.stm32cube.ide.mcu.externaltools.gnu-tools-for-stm32.9-2020-q2-update.macos64_1.5.0.202011040924/tools/bin/../lib/gcc/arm-none-eabi/9.3.1/../../../../arm-none-eabi/lib/thumb/v7-m/nofp/libc_nano.a(lib_a-nano-vfprintf_i.o)
                0x0000000008005fe0                _printf_common
 *fill*         0x00000000080060be        0x2 
 .text._printf_i
                0x00000000080060c0      0x24c /Applications/STM32CubeIDE.app/Contents/Eclipse/plugins/com.st.stm32cube.ide.mcu.externaltools.gnu-tools-for-stm32.9-2020-q2-update.macos64_1.5.0.202011040924/tools/bin/../lib/gcc/arm-none-eabi/9.3.1/../../../../arm-none-eabi/lib/thumb/v7-m/nofp/libc_nano.a(lib_a-nano-vfprintf_i.o)
                0x00000000080060c0                _printf_i
 .text._read_r  0x000000000800630c       0x24 /Applications/STM32CubeIDE.app/Contents/Eclipse/plugins/com.st.stm32cube.ide.mcu.externaltools.gnu-tools-for-stm32.9-2020-q2-update.macos64_1.5.0.202011040924/tools/bin/../lib/gcc/arm-none-eabi/9.3.1/../../../../arm-none-eabi/lib/thumb/v7-m/nofp/libc_nano.a(lib_a-readr.o)
                0x000000000800630c                _read_r
 .text._fstat_r
                0x0000000008006330       0x24 /Applications/STM32CubeIDE.app/Contents/Eclipse/plugins/com.st.stm32cube.ide.mcu.externaltools.gnu-tools-for-stm32.9-2020-q2-update.macos64_1.5.0.202011040924/tools/bin/../lib/gcc/arm-none-eabi/9.3.1/../../../../arm-none-eabi/lib/thumb/v7-m/nofp/libc_nano.a(lib_a-fstatr.o)
                0x0000000008006330                _fstat_r
 .text._isatty_r
                0x0000000008006354       0x20 /Applications/STM32CubeIDE.app/Contents/Eclipse/plugins/com.st.stm32cube.ide.mcu.externaltools.gnu-tools-for-stm32.9-2020-q2-update.macos64_1.5.0.202011040924/tools/bin/../lib/gcc/arm-none-eabi/9.3.1/../../../../arm-none-eabi/lib/thumb/v7-m/nofp/libc_nano.a(lib_a-isattyr.o)
                0x0000000008006354                _isatty_r
 .text.memchr   0x0000000008006374       0x1c /Applications/STM32CubeIDE.app/Contents/Eclipse/plugins/com.st.stm32cube.ide.mcu.externaltools.gnu-tools-for-stm32.9-2020-q2-update.macos64_1.5.0.202011040924/tools/bin/../lib/gcc/arm-none-eabi/9.3.1/../../../../arm-none-eabi/lib/thumb/v7-m/nofp/libc_nano.a(lib_a-memchr-stub.o)
                0x0000000008006374                memchr
 *(.glue_7)
 .glue_7        0x0000000008006390        0x0 linker stubs
 *(.glue_7t)
 .glue_7t       0x0000000008006390        0x0 linker stubs
 *(.eh_frame)
 .eh_frame      0x0000000008006390        0x0 /Applications/STM32CubeIDE.app/Contents/Eclipse/plugins/com.st.stm32cube.ide.mcu.externaltools.gnu-tools-for-stm32.9-2020-q2-update.macos64_1.5.0.202011040924/tools/bin/../lib/gcc/arm-none-eabi/9.3.1/thumb/v7-m/nofp/crtbegin.o
 *(.init)
 .init          0x0000000008006390        0x4 /Applications/STM32CubeIDE.app/Contents/Eclipse/plugins/com.st.stm32cube.ide.mcu.externaltools.gnu-tools-for-stm32.9-2020-q2-update.macos64_1.5.0.202011040924/tools/bin/../lib/gcc/arm-none-eabi/9.3.1/thumb/v7-m/nofp/crti.o
                0x0000000008006390                _init
 .init          0x0000000008006394        0x8 /Applications/STM32CubeIDE.app/Contents/Eclipse/plugins/com.st.stm32cube.ide.mcu.externaltools.gnu-tools-for-stm32.9-2020-q2-update.macos64_1.5.0.202011040924/tools/bin/../lib/gcc/arm-none-eabi/9.3.1/thumb/v7-m/nofp/crtn.o
 *(.fini)
 .fini          0x000000000800639c        0x4 /Applications/STM32CubeIDE.app/Contents/Eclipse/plugins/com.st.stm32cube.ide.mcu.externaltools.gnu-tools-for-stm32.9-2020-q2-update.macos64_1.5.0.202011040924/tools/bin/../lib/gcc/arm-none-eabi/9.3.1/thumb/v7-m/nofp/crti.o
                0x000000000800639c                _fini
 .fini          0x00000000080063a0        0x8 /Applications/STM32CubeIDE.app/Contents/Eclipse/plugins/com.st.stm32cube.ide.mcu.externaltools.gnu-tools-for-stm32.9-2020-q2-update.macos64_1.5.0.202011040924/tools/bin/../lib/gcc/arm-none-eabi/9.3.1/thumb/v7-m/nofp/crtn.o
                0x00000000080063a8                . = ALIGN (0x4)
                0x00000000080063a8                _etext = .

.vfp11_veneer   0x00000000080063a8        0x0
 .vfp11_veneer  0x00000000080063a8        0x0 linker stubs

.v4_bx          0x00000000080063a8        0x0
 .v4_bx         0x00000000080063a8        0x0 linker stubs

.iplt           0x00000000080063a8        0x0
 .iplt          0x00000000080063a8        0x0 /Applications/STM32CubeIDE.app/Contents/Eclipse/plugins/com.st.stm32cube.ide.mcu.externaltools.gnu-tools-for-stm32.9-2020-q2-update.macos64_1.5.0.202011040924/tools/bin/../lib/gcc/arm-none-eabi/9.3.1/thumb/v7-m/nofp/crtbegin.o

.rodata         0x00000000080063a8      0x2ec
                0x00000000080063a8                . = ALIGN (0x4)
 *(.rodata)
 .rodata        0x00000000080063a8      0x118 Core/Src/main.o
 .rodata        0x00000000080064c0      0x111 Core/ioLibrary/Application/loopback/loopback.o
 *fill*         0x00000000080065d1        0x3 
 .rodata        0x00000000080065d4       0x10 Drivers/STM32F1xx_HAL_Driver/stm32f1xx_hal_rcc.o
 *(.rodata*)
 .rodata.AHBPrescTable
                0x00000000080065e4       0x10 Core/Src/system_stm32f1xx.o
                0x00000000080065e4                AHBPrescTable
 .rodata.APBPrescTable
                0x00000000080065f4        0x8 Core/Src/system_stm32f1xx.o
                0x00000000080065f4                APBPrescTable
 .rodata._global_impure_ptr
                0x00000000080065fc        0x4 /Applications/STM32CubeIDE.app/Contents/Eclipse/plugins/com.st.stm32cube.ide.mcu.externaltools.gnu-tools-for-stm32.9-2020-q2-update.macos64_1.5.0.202011040924/tools/bin/../lib/gcc/arm-none-eabi/9.3.1/../../../../arm-none-eabi/lib/thumb/v7-m/nofp/libc_nano.a(lib_a-impure.o)
                0x00000000080065fc                _global_impure_ptr
 .rodata.__sf_fake_stderr
                0x0000000008006600       0x20 /Applications/STM32CubeIDE.app/Contents/Eclipse/plugins/com.st.stm32cube.ide.mcu.externaltools.gnu-tools-for-stm32.9-2020-q2-update.macos64_1.5.0.202011040924/tools/bin/../lib/gcc/arm-none-eabi/9.3.1/../../../../arm-none-eabi/lib/thumb/v7-m/nofp/libc_nano.a(lib_a-findfp.o)
                0x0000000008006600                __sf_fake_stderr
 .rodata.__sf_fake_stdin
                0x0000000008006620       0x20 /Applications/STM32CubeIDE.app/Contents/Eclipse/plugins/com.st.stm32cube.ide.mcu.externaltools.gnu-tools-for-stm32.9-2020-q2-update.macos64_1.5.0.202011040924/tools/bin/../lib/gcc/arm-none-eabi/9.3.1/../../../../arm-none-eabi/lib/thumb/v7-m/nofp/libc_nano.a(lib_a-findfp.o)
                0x0000000008006620                __sf_fake_stdin
 .rodata.__sf_fake_stdout
                0x0000000008006640       0x20 /Applications/STM32CubeIDE.app/Contents/Eclipse/plugins/com.st.stm32cube.ide.mcu.externaltools.gnu-tools-for-stm32.9-2020-q2-update.macos64_1.5.0.202011040924/tools/bin/../lib/gcc/arm-none-eabi/9.3.1/../../../../arm-none-eabi/lib/thumb/v7-m/nofp/libc_nano.a(lib_a-findfp.o)
                0x0000000008006640                __sf_fake_stdout
 .rodata._vfprintf_r.str1.1
                0x0000000008006660       0x11 /Applications/STM32CubeIDE.app/Contents/Eclipse/plugins/com.st.stm32cube.ide.mcu.externaltools.gnu-tools-for-stm32.9-2020-q2-update.macos64_1.5.0.202011040924/tools/bin/../lib/gcc/arm-none-eabi/9.3.1/../../../../arm-none-eabi/lib/thumb/v7-m/nofp/libc_nano.a(lib_a-nano-vfprintf.o)
 .rodata._printf_i.str1.1
                0x0000000008006671       0x22 /Applications/STM32CubeIDE.app/Contents/Eclipse/plugins/com.st.stm32cube.ide.mcu.externaltools.gnu-tools-for-stm32.9-2020-q2-update.macos64_1.5.0.202011040924/tools/bin/../lib/gcc/arm-none-eabi/9.3.1/../../../../arm-none-eabi/lib/thumb/v7-m/nofp/libc_nano.a(lib_a-nano-vfprintf_i.o)
                0x0000000008006694                . = ALIGN (0x4)
 *fill*         0x0000000008006693        0x1 

.rel.dyn        0x0000000008006694        0x0
 .rel.iplt      0x0000000008006694        0x0 /Applications/STM32CubeIDE.app/Contents/Eclipse/plugins/com.st.stm32cube.ide.mcu.externaltools.gnu-tools-for-stm32.9-2020-q2-update.macos64_1.5.0.202011040924/tools/bin/../lib/gcc/arm-none-eabi/9.3.1/thumb/v7-m/nofp/crtbegin.o

.ARM.extab      0x0000000008006694        0x0
                0x0000000008006694                . = ALIGN (0x4)
 *(.ARM.extab* .gnu.linkonce.armextab.*)
                0x0000000008006694                . = ALIGN (0x4)

.ARM            0x0000000008006694        0x0
                0x0000000008006694                . = ALIGN (0x4)
                0x0000000008006694                __exidx_start = .
 *(.ARM.exidx*)
                0x0000000008006694                __exidx_end = .
                0x0000000008006694                . = ALIGN (0x4)

.preinit_array  0x0000000008006694        0x0
                0x0000000008006694                . = ALIGN (0x4)
                0x0000000008006694                PROVIDE (__preinit_array_start = .)
 *(.preinit_array*)
                0x0000000008006694                PROVIDE (__preinit_array_end = .)
                0x0000000008006694                . = ALIGN (0x4)

.init_array     0x0000000008006694        0x4
                0x0000000008006694                . = ALIGN (0x4)
                0x0000000008006694                PROVIDE (__init_array_start = .)
 *(SORT_BY_NAME(.init_array.*))
 *(.init_array*)
 .init_array    0x0000000008006694        0x4 /Applications/STM32CubeIDE.app/Contents/Eclipse/plugins/com.st.stm32cube.ide.mcu.externaltools.gnu-tools-for-stm32.9-2020-q2-update.macos64_1.5.0.202011040924/tools/bin/../lib/gcc/arm-none-eabi/9.3.1/thumb/v7-m/nofp/crtbegin.o
                0x0000000008006698                PROVIDE (__init_array_end = .)
                0x0000000008006698                . = ALIGN (0x4)

.fini_array     0x0000000008006698        0x4
                0x0000000008006698                . = ALIGN (0x4)
                [!provide]                        PROVIDE (__fini_array_start = .)
 *(SORT_BY_NAME(.fini_array.*))
 *(.fini_array*)
 .fini_array    0x0000000008006698        0x4 /Applications/STM32CubeIDE.app/Contents/Eclipse/plugins/com.st.stm32cube.ide.mcu.externaltools.gnu-tools-for-stm32.9-2020-q2-update.macos64_1.5.0.202011040924/tools/bin/../lib/gcc/arm-none-eabi/9.3.1/thumb/v7-m/nofp/crtbegin.o
                [!provide]                        PROVIDE (__fini_array_end = .)
                0x000000000800669c                . = ALIGN (0x4)
                0x000000000800669c                _sidata = LOADADDR (.data)

.data           0x0000000020000000       0xb8 load address 0x000000000800669c
                0x0000000020000000                . = ALIGN (0x4)
                0x0000000020000000                _sdata = .
 *(.data)
 *(.data*)
 .data.gWIZNETINFO
                0x0000000020000000       0x17 Core/Src/main.o
                0x0000000020000000                gWIZNETINFO
 *fill*         0x0000000020000017        0x1 
 .data.SystemCoreClock
                0x0000000020000018        0x4 Core/Src/system_stm32f1xx.o
                0x0000000020000018                SystemCoreClock
 .data.sock_any_port
                0x000000002000001c        0x2 Core/ioLibrary/Ethernet/socket.o
 *fill*         0x000000002000001e        0x2 
 .data.WIZCHIP  0x0000000020000020       0x2c Core/ioLibrary/Ethernet/wizchip_conf.o
                0x0000000020000020                WIZCHIP
 .data.uwTickPrio
                0x000000002000004c        0x4 Drivers/STM32F1xx_HAL_Driver/stm32f1xx_hal.o
                0x000000002000004c                uwTickPrio
 .data.uwTickFreq
                0x0000000020000050        0x1 Drivers/STM32F1xx_HAL_Driver/stm32f1xx_hal.o
                0x0000000020000050                uwTickFreq
 *fill*         0x0000000020000051        0x3 
 .data._impure_ptr
                0x0000000020000054        0x4 /Applications/STM32CubeIDE.app/Contents/Eclipse/plugins/com.st.stm32cube.ide.mcu.externaltools.gnu-tools-for-stm32.9-2020-q2-update.macos64_1.5.0.202011040924/tools/bin/../lib/gcc/arm-none-eabi/9.3.1/../../../../arm-none-eabi/lib/thumb/v7-m/nofp/libc_nano.a(lib_a-impure.o)
                0x0000000020000054                _impure_ptr
 .data.impure_data
                0x0000000020000058       0x60 /Applications/STM32CubeIDE.app/Contents/Eclipse/plugins/com.st.stm32cube.ide.mcu.externaltools.gnu-tools-for-stm32.9-2020-q2-update.macos64_1.5.0.202011040924/tools/bin/../lib/gcc/arm-none-eabi/9.3.1/../../../../arm-none-eabi/lib/thumb/v7-m/nofp/libc_nano.a(lib_a-impure.o)
 *(.RamFunc)
 *(.RamFunc*)
                0x00000000200000b8                . = ALIGN (0x4)
                0x00000000200000b8                _edata = .

.igot.plt       0x00000000200000b8        0x0 load address 0x0000000008006754
 .igot.plt      0x00000000200000b8        0x0 /Applications/STM32CubeIDE.app/Contents/Eclipse/plugins/com.st.stm32cube.ide.mcu.externaltools.gnu-tools-for-stm32.9-2020-q2-update.macos64_1.5.0.202011040924/tools/bin/../lib/gcc/arm-none-eabi/9.3.1/thumb/v7-m/nofp/crtbegin.o
                0x00000000200000b8                . = ALIGN (0x4)

.bss            0x00000000200000b8      0xb34 load address 0x0000000008006754
                0x00000000200000b8                _sbss = .
                0x00000000200000b8                __bss_start__ = _sbss
 *(.bss)
 .bss           0x00000000200000b8       0x1c /Applications/STM32CubeIDE.app/Contents/Eclipse/plugins/com.st.stm32cube.ide.mcu.externaltools.gnu-tools-for-stm32.9-2020-q2-update.macos64_1.5.0.202011040924/tools/bin/../lib/gcc/arm-none-eabi/9.3.1/thumb/v7-m/nofp/crtbegin.o
 *(.bss*)
 .bss.__sbrk_heap_end
                0x00000000200000d4        0x4 Core/Src/sysmem.o
 .bss.sock_io_mode
                0x00000000200000d8        0x2 Core/ioLibrary/Ethernet/socket.o
 .bss.sock_is_sending
                0x00000000200000da        0x2 Core/ioLibrary/Ethernet/socket.o
 .bss.sock_remained_size
                0x00000000200000dc       0x10 Core/ioLibrary/Ethernet/socket.o
 .bss.sock_pack_info
                0x00000000200000ec        0x8 Core/ioLibrary/Ethernet/socket.o
                0x00000000200000ec                sock_pack_info
 .bss._DNS_     0x00000000200000f4        0x4 Core/ioLibrary/Ethernet/wizchip_conf.o
 .bss._DHCP_    0x00000000200000f8        0x1 Core/ioLibrary/Ethernet/wizchip_conf.o
 *fill*         0x00000000200000f9        0x3 
 .bss.__malloc_free_list
                0x00000000200000fc        0x4 /Applications/STM32CubeIDE.app/Contents/Eclipse/plugins/com.st.stm32cube.ide.mcu.externaltools.gnu-tools-for-stm32.9-2020-q2-update.macos64_1.5.0.202011040924/tools/bin/../lib/gcc/arm-none-eabi/9.3.1/../../../../arm-none-eabi/lib/thumb/v7-m/nofp/libc_nano.a(lib_a-nano-mallocr.o)
                0x00000000200000fc                __malloc_free_list
 .bss.__malloc_sbrk_start
                0x0000000020000100        0x4 /Applications/STM32CubeIDE.app/Contents/Eclipse/plugins/com.st.stm32cube.ide.mcu.externaltools.gnu-tools-for-stm32.9-2020-q2-update.macos64_1.5.0.202011040924/tools/bin/../lib/gcc/arm-none-eabi/9.3.1/../../../../arm-none-eabi/lib/thumb/v7-m/nofp/libc_nano.a(lib_a-nano-mallocr.o)
                0x0000000020000100                __malloc_sbrk_start
 *(COMMON)
 COMMON         0x0000000020000104       0xe8 Core/Src/adc.o
                0x0000000020000104                hdma_adc3
                0x0000000020000148                hadc1
                0x0000000020000178                hadc3
                0x00000000200001a8                hdma_adc1
 COMMON         0x00000000200001ec      0x952 Core/Src/main.o
                0x00000000200001ec                j
                0x00000000200001f0                Spi_Buff
                0x0000000020000242                k
                0x0000000020000244                gDATABUF
                0x0000000020000a44                aRxBuffer
                0x0000000020000a98                ADC_Receive_array
                0x0000000020000aec                aTxBuffer
 *fill*         0x0000000020000b3e        0x2 
 COMMON         0x0000000020000b40       0x58 Core/Src/spi.o
                0x0000000020000b40                hspi2
 COMMON         0x0000000020000b98       0x40 Core/Src/usart.o
                0x0000000020000b98                huart1
 COMMON         0x0000000020000bd8        0x4 Drivers/STM32F1xx_HAL_Driver/stm32f1xx_hal.o
                0x0000000020000bd8                uwTick
 COMMON         0x0000000020000bdc        0x9 /Applications/STM32CubeIDE.app/Contents/Eclipse/plugins/com.st.stm32cube.ide.mcu.externaltools.gnu-tools-for-stm32.9-2020-q2-update.macos64_1.5.0.202011040924/tools/bin/../lib/gcc/arm-none-eabi/9.3.1/../../../../arm-none-eabi/lib/thumb/v7-m/nofp/libc_nano.a(lib_a-lock.o)
                0x0000000020000bdc                __lock___atexit_recursive_mutex
                0x0000000020000bdd                __lock___arc4random_mutex
                0x0000000020000bde                __lock___env_recursive_mutex
                0x0000000020000bdf                __lock___sinit_recursive_mutex
                0x0000000020000be0                __lock___malloc_recursive_mutex
                0x0000000020000be1                __lock___at_quick_exit_mutex
                0x0000000020000be2                __lock___dd_hash_mutex
                0x0000000020000be3                __lock___tz_mutex
                0x0000000020000be4                __lock___sfp_recursive_mutex
 *fill*         0x0000000020000be5        0x3 
 COMMON         0x0000000020000be8        0x4 /Applications/STM32CubeIDE.app/Contents/Eclipse/plugins/com.st.stm32cube.ide.mcu.externaltools.gnu-tools-for-stm32.9-2020-q2-update.macos64_1.5.0.202011040924/tools/bin/../lib/gcc/arm-none-eabi/9.3.1/../../../../arm-none-eabi/lib/thumb/v7-m/nofp/libc_nano.a(lib_a-reent.o)
                0x0000000020000be8                errno
                0x0000000020000bec                . = ALIGN (0x4)
                0x0000000020000bec                _ebss = .
                0x0000000020000bec                __bss_end__ = _ebss

._user_heap_stack
                0x0000000020000bec      0x604 load address 0x0000000008006754
                0x0000000020000bf0                . = ALIGN (0x8)
 *fill*         0x0000000020000bec        0x4 
                [!provide]                        PROVIDE (end = .)
                0x0000000020000bf0                PROVIDE (_end = .)
                0x0000000020000df0                . = (. + _Min_Heap_Size)
 *fill*         0x0000000020000bf0      0x200 
                0x00000000200011f0                . = (. + _Min_Stack_Size)
 *fill*         0x0000000020000df0      0x400 
                0x00000000200011f0                . = ALIGN (0x8)

/DISCARD/
 libc.a(*)
 libm.a(*)
 libgcc.a(*)

.ARM.attributes
                0x0000000000000000       0x29
 *(.ARM.attributes)
 .ARM.attributes
                0x0000000000000000       0x1d /Applications/STM32CubeIDE.app/Contents/Eclipse/plugins/com.st.stm32cube.ide.mcu.externaltools.gnu-tools-for-stm32.9-2020-q2-update.macos64_1.5.0.202011040924/tools/bin/../lib/gcc/arm-none-eabi/9.3.1/thumb/v7-m/nofp/crti.o
 .ARM.attributes
                0x000000000000001d       0x2d /Applications/STM32CubeIDE.app/Contents/Eclipse/plugins/com.st.stm32cube.ide.mcu.externaltools.gnu-tools-for-stm32.9-2020-q2-update.macos64_1.5.0.202011040924/tools/bin/../lib/gcc/arm-none-eabi/9.3.1/thumb/v7-m/nofp/crtbegin.o
 .ARM.attributes
                0x000000000000004a       0x2d Core/Src/adc.o
 .ARM.attributes
                0x0000000000000077       0x2d Core/Src/dma.o
 .ARM.attributes
                0x00000000000000a4       0x2d Core/Src/gpio.o
 .ARM.attributes
                0x00000000000000d1       0x2d Core/Src/main.o
 .ARM.attributes
                0x00000000000000fe       0x2d Core/Src/spi.o
 .ARM.attributes
                0x000000000000012b       0x2d Core/Src/stm32f1xx_hal_msp.o
 .ARM.attributes
                0x0000000000000158       0x2d Core/Src/stm32f1xx_it.o
 .ARM.attributes
                0x0000000000000185       0x2d Core/Src/syscalls.o
 .ARM.attributes
                0x00000000000001b2       0x2d Core/Src/sysmem.o
 .ARM.attributes
                0x00000000000001df       0x2d Core/Src/system_stm32f1xx.o
 .ARM.attributes
                0x000000000000020c       0x2d Core/Src/usart.o
 .ARM.attributes
                0x0000000000000239       0x21 Core/Startup/startup_stm32f103zetx.o
 .ARM.attributes
                0x000000000000025a       0x2d Core/ioLibrary/Application/loopback/loopback.o
 .ARM.attributes
                0x0000000000000287       0x2d Core/ioLibrary/Ethernet/W5500/w5500.o
 .ARM.attributes
                0x00000000000002b4       0x2d Core/ioLibrary/Ethernet/socket.o
 .ARM.attributes
                0x00000000000002e1       0x2d Core/ioLibrary/Ethernet/wizchip_conf.o
 .ARM.attributes
                0x000000000000030e       0x2d Drivers/STM32F1xx_HAL_Driver/stm32f1xx_hal.o
 .ARM.attributes
                0x000000000000033b       0x2d Drivers/STM32F1xx_HAL_Driver/stm32f1xx_hal_adc.o
 .ARM.attributes
                0x0000000000000368       0x2d Drivers/STM32F1xx_HAL_Driver/stm32f1xx_hal_cortex.o
 .ARM.attributes
                0x0000000000000395       0x2d Drivers/STM32F1xx_HAL_Driver/stm32f1xx_hal_dma.o
 .ARM.attributes
                0x00000000000003c2       0x2d Drivers/STM32F1xx_HAL_Driver/stm32f1xx_hal_gpio.o
 .ARM.attributes
                0x00000000000003ef       0x2d Drivers/STM32F1xx_HAL_Driver/stm32f1xx_hal_rcc.o
 .ARM.attributes
                0x000000000000041c       0x2d Drivers/STM32F1xx_HAL_Driver/stm32f1xx_hal_rcc_ex.o
 .ARM.attributes
                0x0000000000000449       0x2d Drivers/STM32F1xx_HAL_Driver/stm32f1xx_hal_spi.o
 .ARM.attributes
                0x0000000000000476       0x2d Drivers/STM32F1xx_HAL_Driver/stm32f1xx_hal_uart.o
 .ARM.attributes
                0x00000000000004a3       0x2d /Applications/STM32CubeIDE.app/Contents/Eclipse/plugins/com.st.stm32cube.ide.mcu.externaltools.gnu-tools-for-stm32.9-2020-q2-update.macos64_1.5.0.202011040924/tools/bin/../lib/gcc/arm-none-eabi/9.3.1/../../../../arm-none-eabi/lib/thumb/v7-m/nofp/libc_nano.a(lib_a-errno.o)
 .ARM.attributes
                0x00000000000004d0       0x2d /Applications/STM32CubeIDE.app/Contents/Eclipse/plugins/com.st.stm32cube.ide.mcu.externaltools.gnu-tools-for-stm32.9-2020-q2-update.macos64_1.5.0.202011040924/tools/bin/../lib/gcc/arm-none-eabi/9.3.1/../../../../arm-none-eabi/lib/thumb/v7-m/nofp/libc_nano.a(lib_a-impure.o)
 .ARM.attributes
                0x00000000000004fd       0x2d /Applications/STM32CubeIDE.app/Contents/Eclipse/plugins/com.st.stm32cube.ide.mcu.externaltools.gnu-tools-for-stm32.9-2020-q2-update.macos64_1.5.0.202011040924/tools/bin/../lib/gcc/arm-none-eabi/9.3.1/../../../../arm-none-eabi/lib/thumb/v7-m/nofp/libc_nano.a(lib_a-init.o)
 .ARM.attributes
                0x000000000000052a       0x2d /Applications/STM32CubeIDE.app/Contents/Eclipse/plugins/com.st.stm32cube.ide.mcu.externaltools.gnu-tools-for-stm32.9-2020-q2-update.macos64_1.5.0.202011040924/tools/bin/../lib/gcc/arm-none-eabi/9.3.1/../../../../arm-none-eabi/lib/thumb/v7-m/nofp/libc_nano.a(lib_a-memset.o)
 .ARM.attributes
                0x0000000000000557       0x2d /Applications/STM32CubeIDE.app/Contents/Eclipse/plugins/com.st.stm32cube.ide.mcu.externaltools.gnu-tools-for-stm32.9-2020-q2-update.macos64_1.5.0.202011040924/tools/bin/../lib/gcc/arm-none-eabi/9.3.1/../../../../arm-none-eabi/lib/thumb/v7-m/nofp/libc_nano.a(lib_a-nano-freer.o)
 .ARM.attributes
                0x0000000000000584       0x2d /Applications/STM32CubeIDE.app/Contents/Eclipse/plugins/com.st.stm32cube.ide.mcu.externaltools.gnu-tools-for-stm32.9-2020-q2-update.macos64_1.5.0.202011040924/tools/bin/../lib/gcc/arm-none-eabi/9.3.1/../../../../arm-none-eabi/lib/thumb/v7-m/nofp/libc_nano.a(lib_a-nano-mallocr.o)
 .ARM.attributes
                0x00000000000005b1       0x2d /Applications/STM32CubeIDE.app/Contents/Eclipse/plugins/com.st.stm32cube.ide.mcu.externaltools.gnu-tools-for-stm32.9-2020-q2-update.macos64_1.5.0.202011040924/tools/bin/../lib/gcc/arm-none-eabi/9.3.1/../../../../arm-none-eabi/lib/thumb/v7-m/nofp/libc_nano.a(lib_a-printf.o)
 .ARM.attributes
                0x00000000000005de       0x2d /Applications/STM32CubeIDE.app/Contents/Eclipse/plugins/com.st.stm32cube.ide.mcu.externaltools.gnu-tools-for-stm32.9-2020-q2-update.macos64_1.5.0.202011040924/tools/bin/../lib/gcc/arm-none-eabi/9.3.1/../../../../arm-none-eabi/lib/thumb/v7-m/nofp/libc_nano.a(lib_a-puts.o)
 .ARM.attributes
                0x000000000000060b       0x2d /Applications/STM32CubeIDE.app/Contents/Eclipse/plugins/com.st.stm32cube.ide.mcu.externaltools.gnu-tools-for-stm32.9-2020-q2-update.macos64_1.5.0.202011040924/tools/bin/../lib/gcc/arm-none-eabi/9.3.1/../../../../arm-none-eabi/lib/thumb/v7-m/nofp/libc_nano.a(lib_a-sbrkr.o)
 .ARM.attributes
                0x0000000000000638       0x2d /Applications/STM32CubeIDE.app/Contents/Eclipse/plugins/com.st.stm32cube.ide.mcu.externaltools.gnu-tools-for-stm32.9-2020-q2-update.macos64_1.5.0.202011040924/tools/bin/../lib/gcc/arm-none-eabi/9.3.1/../../../../arm-none-eabi/lib/thumb/v7-m/nofp/libc_nano.a(lib_a-stdio.o)
 .ARM.attributes
                0x0000000000000665       0x2d /Applications/STM32CubeIDE.app/Contents/Eclipse/plugins/com.st.stm32cube.ide.mcu.externaltools.gnu-tools-for-stm32.9-2020-q2-update.macos64_1.5.0.202011040924/tools/bin/../lib/gcc/arm-none-eabi/9.3.1/../../../../arm-none-eabi/lib/thumb/v7-m/nofp/libc_nano.a(lib_a-wbuf.o)
 .ARM.attributes
                0x0000000000000692       0x2d /Applications/STM32CubeIDE.app/Contents/Eclipse/plugins/com.st.stm32cube.ide.mcu.externaltools.gnu-tools-for-stm32.9-2020-q2-update.macos64_1.5.0.202011040924/tools/bin/../lib/gcc/arm-none-eabi/9.3.1/../../../../arm-none-eabi/lib/thumb/v7-m/nofp/libc_nano.a(lib_a-writer.o)
 .ARM.attributes
                0x00000000000006bf       0x2d /Applications/STM32CubeIDE.app/Contents/Eclipse/plugins/com.st.stm32cube.ide.mcu.externaltools.gnu-tools-for-stm32.9-2020-q2-update.macos64_1.5.0.202011040924/tools/bin/../lib/gcc/arm-none-eabi/9.3.1/../../../../arm-none-eabi/lib/thumb/v7-m/nofp/libc_nano.a(lib_a-wsetup.o)
 .ARM.attributes
                0x00000000000006ec       0x2d /Applications/STM32CubeIDE.app/Contents/Eclipse/plugins/com.st.stm32cube.ide.mcu.externaltools.gnu-tools-for-stm32.9-2020-q2-update.macos64_1.5.0.202011040924/tools/bin/../lib/gcc/arm-none-eabi/9.3.1/../../../../arm-none-eabi/lib/thumb/v7-m/nofp/libc_nano.a(lib_a-closer.o)
 .ARM.attributes
                0x0000000000000719       0x2d /Applications/STM32CubeIDE.app/Contents/Eclipse/plugins/com.st.stm32cube.ide.mcu.externaltools.gnu-tools-for-stm32.9-2020-q2-update.macos64_1.5.0.202011040924/tools/bin/../lib/gcc/arm-none-eabi/9.3.1/../../../../arm-none-eabi/lib/thumb/v7-m/nofp/libc_nano.a(lib_a-fflush.o)
 .ARM.attributes
                0x0000000000000746       0x2d /Applications/STM32CubeIDE.app/Contents/Eclipse/plugins/com.st.stm32cube.ide.mcu.externaltools.gnu-tools-for-stm32.9-2020-q2-update.macos64_1.5.0.202011040924/tools/bin/../lib/gcc/arm-none-eabi/9.3.1/../../../../arm-none-eabi/lib/thumb/v7-m/nofp/libc_nano.a(lib_a-findfp.o)
 .ARM.attributes
                0x0000000000000773       0x2d /Applications/STM32CubeIDE.app/Contents/Eclipse/plugins/com.st.stm32cube.ide.mcu.externaltools.gnu-tools-for-stm32.9-2020-q2-update.macos64_1.5.0.202011040924/tools/bin/../lib/gcc/arm-none-eabi/9.3.1/../../../../arm-none-eabi/lib/thumb/v7-m/nofp/libc_nano.a(lib_a-fwalk.o)
 .ARM.attributes
                0x00000000000007a0       0x2d /Applications/STM32CubeIDE.app/Contents/Eclipse/plugins/com.st.stm32cube.ide.mcu.externaltools.gnu-tools-for-stm32.9-2020-q2-update.macos64_1.5.0.202011040924/tools/bin/../lib/gcc/arm-none-eabi/9.3.1/../../../../arm-none-eabi/lib/thumb/v7-m/nofp/libc_nano.a(lib_a-lock.o)
 .ARM.attributes
                0x00000000000007cd       0x2d /Applications/STM32CubeIDE.app/Contents/Eclipse/plugins/com.st.stm32cube.ide.mcu.externaltools.gnu-tools-for-stm32.9-2020-q2-update.macos64_1.5.0.202011040924/tools/bin/../lib/gcc/arm-none-eabi/9.3.1/../../../../arm-none-eabi/lib/thumb/v7-m/nofp/libc_nano.a(lib_a-lseekr.o)
 .ARM.attributes
                0x00000000000007fa       0x2d /Applications/STM32CubeIDE.app/Contents/Eclipse/plugins/com.st.stm32cube.ide.mcu.externaltools.gnu-tools-for-stm32.9-2020-q2-update.macos64_1.5.0.202011040924/tools/bin/../lib/gcc/arm-none-eabi/9.3.1/../../../../arm-none-eabi/lib/thumb/v7-m/nofp/libc_nano.a(lib_a-makebuf.o)
 .ARM.attributes
                0x0000000000000827       0x2d /Applications/STM32CubeIDE.app/Contents/Eclipse/plugins/com.st.stm32cube.ide.mcu.externaltools.gnu-tools-for-stm32.9-2020-q2-update.macos64_1.5.0.202011040924/tools/bin/../lib/gcc/arm-none-eabi/9.3.1/../../../../arm-none-eabi/lib/thumb/v7-m/nofp/libc_nano.a(lib_a-mlock.o)
 .ARM.attributes
                0x0000000000000854       0x2d /Applications/STM32CubeIDE.app/Contents/Eclipse/plugins/com.st.stm32cube.ide.mcu.externaltools.gnu-tools-for-stm32.9-2020-q2-update.macos64_1.5.0.202011040924/tools/bin/../lib/gcc/arm-none-eabi/9.3.1/../../../../arm-none-eabi/lib/thumb/v7-m/nofp/libc_nano.a(lib_a-nano-vfprintf.o)
 .ARM.attributes
                0x0000000000000881       0x2d /Applications/STM32CubeIDE.app/Contents/Eclipse/plugins/com.st.stm32cube.ide.mcu.externaltools.gnu-tools-for-stm32.9-2020-q2-update.macos64_1.5.0.202011040924/tools/bin/../lib/gcc/arm-none-eabi/9.3.1/../../../../arm-none-eabi/lib/thumb/v7-m/nofp/libc_nano.a(lib_a-nano-vfprintf_i.o)
 .ARM.attributes
                0x00000000000008ae       0x2d /Applications/STM32CubeIDE.app/Contents/Eclipse/plugins/com.st.stm32cube.ide.mcu.externaltools.gnu-tools-for-stm32.9-2020-q2-update.macos64_1.5.0.202011040924/tools/bin/../lib/gcc/arm-none-eabi/9.3.1/../../../../arm-none-eabi/lib/thumb/v7-m/nofp/libc_nano.a(lib_a-readr.o)
 .ARM.attributes
                0x00000000000008db       0x2d /Applications/STM32CubeIDE.app/Contents/Eclipse/plugins/com.st.stm32cube.ide.mcu.externaltools.gnu-tools-for-stm32.9-2020-q2-update.macos64_1.5.0.202011040924/tools/bin/../lib/gcc/arm-none-eabi/9.3.1/../../../../arm-none-eabi/lib/thumb/v7-m/nofp/libc_nano.a(lib_a-reent.o)
 .ARM.attributes
                0x0000000000000908       0x2d /Applications/STM32CubeIDE.app/Contents/Eclipse/plugins/com.st.stm32cube.ide.mcu.externaltools.gnu-tools-for-stm32.9-2020-q2-update.macos64_1.5.0.202011040924/tools/bin/../lib/gcc/arm-none-eabi/9.3.1/../../../../arm-none-eabi/lib/thumb/v7-m/nofp/libc_nano.a(lib_a-fstatr.o)
 .ARM.attributes
                0x0000000000000935       0x2d /Applications/STM32CubeIDE.app/Contents/Eclipse/plugins/com.st.stm32cube.ide.mcu.externaltools.gnu-tools-for-stm32.9-2020-q2-update.macos64_1.5.0.202011040924/tools/bin/../lib/gcc/arm-none-eabi/9.3.1/../../../../arm-none-eabi/lib/thumb/v7-m/nofp/libc_nano.a(lib_a-isattyr.o)
 .ARM.attributes
                0x0000000000000962       0x2d /Applications/STM32CubeIDE.app/Contents/Eclipse/plugins/com.st.stm32cube.ide.mcu.externaltools.gnu-tools-for-stm32.9-2020-q2-update.macos64_1.5.0.202011040924/tools/bin/../lib/gcc/arm-none-eabi/9.3.1/../../../../arm-none-eabi/lib/thumb/v7-m/nofp/libc_nano.a(lib_a-memchr-stub.o)
 .ARM.attributes
                0x000000000000098f       0x1d /Applications/STM32CubeIDE.app/Contents/Eclipse/plugins/com.st.stm32cube.ide.mcu.externaltools.gnu-tools-for-stm32.9-2020-q2-update.macos64_1.5.0.202011040924/tools/bin/../lib/gcc/arm-none-eabi/9.3.1/thumb/v7-m/nofp/crtn.o
OUTPUT(zet6net.elf elf32-littlearm)
LOAD linker stubs
LOAD /Applications/STM32CubeIDE.app/Contents/Eclipse/plugins/com.st.stm32cube.ide.mcu.externaltools.gnu-tools-for-stm32.9-2020-q2-update.macos64_1.5.0.202011040924/tools/bin/../lib/gcc/arm-none-eabi/9.3.1/../../../../arm-none-eabi/lib/thumb/v7-m/nofp/libc.a
LOAD /Applications/STM32CubeIDE.app/Contents/Eclipse/plugins/com.st.stm32cube.ide.mcu.externaltools.gnu-tools-for-stm32.9-2020-q2-update.macos64_1.5.0.202011040924/tools/bin/../lib/gcc/arm-none-eabi/9.3.1/../../../../arm-none-eabi/lib/thumb/v7-m/nofp/libm.a
LOAD /Applications/STM32CubeIDE.app/Contents/Eclipse/plugins/com.st.stm32cube.ide.mcu.externaltools.gnu-tools-for-stm32.9-2020-q2-update.macos64_1.5.0.202011040924/tools/bin/../lib/gcc/arm-none-eabi/9.3.1/thumb/v7-m/nofp/libgcc.a

.debug_info     0x0000000000000000     0xf9bd
 .debug_info    0x0000000000000000      0x967 Core/Src/adc.o
 .debug_info    0x0000000000000967      0x419 Core/Src/dma.o
 .debug_info    0x0000000000000d80      0x3c9 Core/Src/gpio.o
 .debug_info    0x0000000000001149     0x1b93 Core/Src/main.o
 .debug_info    0x0000000000002cdc      0x8a7 Core/Src/spi.o
 .debug_info    0x0000000000003583      0x2fc Core/Src/stm32f1xx_hal_msp.o
 .debug_info    0x000000000000387f      0x488 Core/Src/stm32f1xx_it.o
 .debug_info    0x0000000000003d07      0xfb4 Core/Src/syscalls.o
 .debug_info    0x0000000000004cbb      0xa25 Core/Src/sysmem.o
 .debug_info    0x00000000000056e0      0x2be Core/Src/system_stm32f1xx.o
 .debug_info    0x000000000000599e      0x833 Core/Src/usart.o
 .debug_info    0x00000000000061d1       0x22 Core/Startup/startup_stm32f103zetx.o
 .debug_info    0x00000000000061f3      0xd06 Core/ioLibrary/Application/loopback/loopback.o
 .debug_info    0x0000000000006ef9      0xe27 Core/ioLibrary/Ethernet/W5500/w5500.o
 .debug_info    0x0000000000007d20      0x86a Core/ioLibrary/Ethernet/socket.o
 .debug_info    0x000000000000858a      0xccc Core/ioLibrary/Ethernet/wizchip_conf.o
 .debug_info    0x0000000000009256      0x7d0 Drivers/STM32F1xx_HAL_Driver/stm32f1xx_hal.o
 .debug_info    0x0000000000009a26      0xd2d Drivers/STM32F1xx_HAL_Driver/stm32f1xx_hal_adc.o
 .debug_info    0x000000000000a753      0xc42 Drivers/STM32F1xx_HAL_Driver/stm32f1xx_hal_cortex.o
 .debug_info    0x000000000000b395      0x81e Drivers/STM32F1xx_HAL_Driver/stm32f1xx_hal_dma.o
 .debug_info    0x000000000000bbb3      0x701 Drivers/STM32F1xx_HAL_Driver/stm32f1xx_hal_gpio.o
 .debug_info    0x000000000000c2b4      0x88e Drivers/STM32F1xx_HAL_Driver/stm32f1xx_hal_rcc.o
 .debug_info    0x000000000000cb42      0x49c Drivers/STM32F1xx_HAL_Driver/stm32f1xx_hal_rcc_ex.o
 .debug_info    0x000000000000cfde     0x16bd Drivers/STM32F1xx_HAL_Driver/stm32f1xx_hal_spi.o
 .debug_info    0x000000000000e69b     0x1322 Drivers/STM32F1xx_HAL_Driver/stm32f1xx_hal_uart.o

.debug_abbrev   0x0000000000000000     0x30f3
 .debug_abbrev  0x0000000000000000      0x1fb Core/Src/adc.o
 .debug_abbrev  0x00000000000001fb      0x126 Core/Src/dma.o
 .debug_abbrev  0x0000000000000321      0x14e Core/Src/gpio.o
 .debug_abbrev  0x000000000000046f      0x307 Core/Src/main.o
 .debug_abbrev  0x0000000000000776      0x1bb Core/Src/spi.o
 .debug_abbrev  0x0000000000000931      0x11d Core/Src/stm32f1xx_hal_msp.o
 .debug_abbrev  0x0000000000000a4e      0x163 Core/Src/stm32f1xx_it.o
 .debug_abbrev  0x0000000000000bb1      0x297 Core/Src/syscalls.o
 .debug_abbrev  0x0000000000000e48      0x1bf Core/Src/sysmem.o
 .debug_abbrev  0x0000000000001007      0x14e Core/Src/system_stm32f1xx.o
 .debug_abbrev  0x0000000000001155      0x1bb Core/Src/usart.o
 .debug_abbrev  0x0000000000001310       0x12 Core/Startup/startup_stm32f103zetx.o
 .debug_abbrev  0x0000000000001322      0x22e Core/ioLibrary/Application/loopback/loopback.o
 .debug_abbrev  0x0000000000001550      0x288 Core/ioLibrary/Ethernet/W5500/w5500.o
 .debug_abbrev  0x00000000000017d8      0x24e Core/ioLibrary/Ethernet/socket.o
 .debug_abbrev  0x0000000000001a26      0x2de Core/ioLibrary/Ethernet/wizchip_conf.o
 .debug_abbrev  0x0000000000001d04      0x1ed Drivers/STM32F1xx_HAL_Driver/stm32f1xx_hal.o
 .debug_abbrev  0x0000000000001ef1      0x1fb Drivers/STM32F1xx_HAL_Driver/stm32f1xx_hal_adc.o
 .debug_abbrev  0x00000000000020ec      0x313 Drivers/STM32F1xx_HAL_Driver/stm32f1xx_hal_cortex.o
 .debug_abbrev  0x00000000000023ff      0x228 Drivers/STM32F1xx_HAL_Driver/stm32f1xx_hal_dma.o
 .debug_abbrev  0x0000000000002627      0x1e8 Drivers/STM32F1xx_HAL_Driver/stm32f1xx_hal_gpio.o
 .debug_abbrev  0x000000000000280f      0x273 Drivers/STM32F1xx_HAL_Driver/stm32f1xx_hal_rcc.o
 .debug_abbrev  0x0000000000002a82      0x193 Drivers/STM32F1xx_HAL_Driver/stm32f1xx_hal_rcc_ex.o
 .debug_abbrev  0x0000000000002c15      0x26e Drivers/STM32F1xx_HAL_Driver/stm32f1xx_hal_spi.o
 .debug_abbrev  0x0000000000002e83      0x270 Drivers/STM32F1xx_HAL_Driver/stm32f1xx_hal_uart.o

.debug_aranges  0x0000000000000000      0xd38
 .debug_aranges
                0x0000000000000000       0x38 Core/Src/adc.o
 .debug_aranges
                0x0000000000000038       0x20 Core/Src/dma.o
 .debug_aranges
                0x0000000000000058       0x20 Core/Src/gpio.o
 .debug_aranges
                0x0000000000000078       0x70 Core/Src/main.o
 .debug_aranges
                0x00000000000000e8       0x30 Core/Src/spi.o
 .debug_aranges
                0x0000000000000118       0x20 Core/Src/stm32f1xx_hal_msp.o
 .debug_aranges
                0x0000000000000138       0x70 Core/Src/stm32f1xx_it.o
 .debug_aranges
                0x00000000000001a8       0xa8 Core/Src/syscalls.o
 .debug_aranges
                0x0000000000000250       0x20 Core/Src/sysmem.o
 .debug_aranges
                0x0000000000000270       0x28 Core/Src/system_stm32f1xx.o
 .debug_aranges
                0x0000000000000298       0x30 Core/Src/usart.o
 .debug_aranges
                0x00000000000002c8       0x28 Core/Startup/startup_stm32f103zetx.o
 .debug_aranges
                0x00000000000002f0       0x30 Core/ioLibrary/Application/loopback/loopback.o
 .debug_aranges
                0x0000000000000320       0x60 Core/ioLibrary/Ethernet/W5500/w5500.o
 .debug_aranges
                0x0000000000000380       0x78 Core/ioLibrary/Ethernet/socket.o
 .debug_aranges
                0x00000000000003f8      0x138 Core/ioLibrary/Ethernet/wizchip_conf.o
 .debug_aranges
                0x0000000000000530       0xe0 Drivers/STM32F1xx_HAL_Driver/stm32f1xx_hal.o
 .debug_aranges
                0x0000000000000610       0xf0 Drivers/STM32F1xx_HAL_Driver/stm32f1xx_hal_adc.o
 .debug_aranges
                0x0000000000000700      0x100 Drivers/STM32F1xx_HAL_Driver/stm32f1xx_hal_cortex.o
 .debug_aranges
                0x0000000000000800       0x80 Drivers/STM32F1xx_HAL_Driver/stm32f1xx_hal_dma.o
 .debug_aranges
                0x0000000000000880       0x58 Drivers/STM32F1xx_HAL_Driver/stm32f1xx_hal_gpio.o
 .debug_aranges
                0x00000000000008d8       0x90 Drivers/STM32F1xx_HAL_Driver/stm32f1xx_hal_rcc.o
 .debug_aranges
                0x0000000000000968       0x30 Drivers/STM32F1xx_HAL_Driver/stm32f1xx_hal_rcc_ex.o
 .debug_aranges
                0x0000000000000998      0x1d0 Drivers/STM32F1xx_HAL_Driver/stm32f1xx_hal_spi.o
 .debug_aranges
                0x0000000000000b68      0x1d0 Drivers/STM32F1xx_HAL_Driver/stm32f1xx_hal_uart.o

.debug_ranges   0x0000000000000000      0xbc8
 .debug_ranges  0x0000000000000000       0x28 Core/Src/adc.o
 .debug_ranges  0x0000000000000028       0x10 Core/Src/dma.o
 .debug_ranges  0x0000000000000038       0x10 Core/Src/gpio.o
 .debug_ranges  0x0000000000000048       0x60 Core/Src/main.o
 .debug_ranges  0x00000000000000a8       0x20 Core/Src/spi.o
 .debug_ranges  0x00000000000000c8       0x10 Core/Src/stm32f1xx_hal_msp.o
 .debug_ranges  0x00000000000000d8       0x60 Core/Src/stm32f1xx_it.o
 .debug_ranges  0x0000000000000138       0x98 Core/Src/syscalls.o
 .debug_ranges  0x00000000000001d0       0x10 Core/Src/sysmem.o
 .debug_ranges  0x00000000000001e0       0x18 Core/Src/system_stm32f1xx.o
 .debug_ranges  0x00000000000001f8       0x20 Core/Src/usart.o
 .debug_ranges  0x0000000000000218       0x20 Core/Startup/startup_stm32f103zetx.o
 .debug_ranges  0x0000000000000238       0x20 Core/ioLibrary/Application/loopback/loopback.o
 .debug_ranges  0x0000000000000258       0x50 Core/ioLibrary/Ethernet/W5500/w5500.o
 .debug_ranges  0x00000000000002a8       0x80 Core/ioLibrary/Ethernet/socket.o
 .debug_ranges  0x0000000000000328      0x128 Core/ioLibrary/Ethernet/wizchip_conf.o
 .debug_ranges  0x0000000000000450       0xd0 Drivers/STM32F1xx_HAL_Driver/stm32f1xx_hal.o
 .debug_ranges  0x0000000000000520       0xe0 Drivers/STM32F1xx_HAL_Driver/stm32f1xx_hal_adc.o
 .debug_ranges  0x0000000000000600       0xf0 Drivers/STM32F1xx_HAL_Driver/stm32f1xx_hal_cortex.o
 .debug_ranges  0x00000000000006f0       0x70 Drivers/STM32F1xx_HAL_Driver/stm32f1xx_hal_dma.o
 .debug_ranges  0x0000000000000760       0x48 Drivers/STM32F1xx_HAL_Driver/stm32f1xx_hal_gpio.o
 .debug_ranges  0x00000000000007a8       0x80 Drivers/STM32F1xx_HAL_Driver/stm32f1xx_hal_rcc.o
 .debug_ranges  0x0000000000000828       0x20 Drivers/STM32F1xx_HAL_Driver/stm32f1xx_hal_rcc_ex.o
 .debug_ranges  0x0000000000000848      0x1c0 Drivers/STM32F1xx_HAL_Driver/stm32f1xx_hal_spi.o
 .debug_ranges  0x0000000000000a08      0x1c0 Drivers/STM32F1xx_HAL_Driver/stm32f1xx_hal_uart.o

.debug_macro    0x0000000000000000    0x1c2a1
 .debug_macro   0x0000000000000000      0x1c0 Core/Src/adc.o
 .debug_macro   0x00000000000001c0      0xa9c Core/Src/adc.o
 .debug_macro   0x0000000000000c5c      0x227 Core/Src/adc.o
 .debug_macro   0x0000000000000e83       0x2e Core/Src/adc.o
 .debug_macro   0x0000000000000eb1       0x22 Core/Src/adc.o
 .debug_macro   0x0000000000000ed3       0x22 Core/Src/adc.o
 .debug_macro   0x0000000000000ef5       0x8e Core/Src/adc.o
 .debug_macro   0x0000000000000f83       0x51 Core/Src/adc.o
 .debug_macro   0x0000000000000fd4      0x103 Core/Src/adc.o
 .debug_macro   0x00000000000010d7       0x6a Core/Src/adc.o
 .debug_macro   0x0000000000001141      0x1df Core/Src/adc.o
 .debug_macro   0x0000000000001320       0x1c Core/Src/adc.o
 .debug_macro   0x000000000000133c       0x22 Core/Src/adc.o
 .debug_macro   0x000000000000135e       0xc3 Core/Src/adc.o
 .debug_macro   0x0000000000001421      0xd23 Core/Src/adc.o
 .debug_macro   0x0000000000002144     0xfd85 Core/Src/adc.o
 .debug_macro   0x0000000000011ec9       0x43 Core/Src/adc.o
 .debug_macro   0x0000000000011f0c     0x3468 Core/Src/adc.o
 .debug_macro   0x0000000000015374      0x174 Core/Src/adc.o
 .debug_macro   0x00000000000154e8       0x5c Core/Src/adc.o
 .debug_macro   0x0000000000015544      0x5be Core/Src/adc.o
 .debug_macro   0x0000000000015b02      0x4d5 Core/Src/adc.o
 .debug_macro   0x0000000000015fd7      0x1cb Core/Src/adc.o
 .debug_macro   0x00000000000161a2      0x114 Core/Src/adc.o
 .debug_macro   0x00000000000162b6      0x1ea Core/Src/adc.o
 .debug_macro   0x00000000000164a0       0x27 Core/Src/adc.o
 .debug_macro   0x00000000000164c7      0x144 Core/Src/adc.o
 .debug_macro   0x000000000001660b      0x1bc Core/Src/adc.o
 .debug_macro   0x00000000000167c7       0x30 Core/Src/adc.o
 .debug_macro   0x00000000000167f7       0x3c Core/Src/adc.o
 .debug_macro   0x0000000000016833       0x57 Core/Src/adc.o
 .debug_macro   0x000000000001688a      0x46a Core/Src/adc.o
 .debug_macro   0x0000000000016cf4      0x25d Core/Src/adc.o
 .debug_macro   0x0000000000016f51       0x88 Core/Src/adc.o
 .debug_macro   0x0000000000016fd9      0x24f Core/Src/adc.o
 .debug_macro   0x0000000000017228      0x141 Core/Src/adc.o
 .debug_macro   0x0000000000017369      0x217 Core/Src/adc.o
 .debug_macro   0x0000000000017580      0x26b Core/Src/adc.o
 .debug_macro   0x00000000000177eb       0xb5 Core/Src/adc.o
 .debug_macro   0x00000000000178a0      0x1c0 Core/Src/dma.o
 .debug_macro   0x0000000000017a60      0x1c0 Core/Src/gpio.o
 .debug_macro   0x0000000000017c20      0x3a8 Core/Src/main.o
 .debug_macro   0x0000000000017fc8       0x52 Core/Src/main.o
 .debug_macro   0x000000000001801a       0x18 Core/Src/main.o
 .debug_macro   0x0000000000018032       0x3c Core/Src/main.o
 .debug_macro   0x000000000001806e       0x34 Core/Src/main.o
 .debug_macro   0x00000000000180a2       0x16 Core/Src/main.o
 .debug_macro   0x00000000000180b8       0x35 Core/Src/main.o
 .debug_macro   0x00000000000180ed      0x333 Core/Src/main.o
 .debug_macro   0x0000000000018420       0x10 Core/Src/main.o
 .debug_macro   0x0000000000018430       0x16 Core/Src/main.o
 .debug_macro   0x0000000000018446       0x43 Core/Src/main.o
 .debug_macro   0x0000000000018489       0x34 Core/Src/main.o
 .debug_macro   0x00000000000184bd       0x10 Core/Src/main.o
 .debug_macro   0x00000000000184cd       0x58 Core/Src/main.o
 .debug_macro   0x0000000000018525       0x71 Core/Src/main.o
 .debug_macro   0x0000000000018596       0x1c Core/Src/main.o
 .debug_macro   0x00000000000185b2      0x12a Core/Src/main.o
 .debug_macro   0x00000000000186dc       0x10 Core/Src/main.o
 .debug_macro   0x00000000000186ec       0x1c Core/Src/main.o
 .debug_macro   0x0000000000018708       0x52 Core/Src/main.o
 .debug_macro   0x000000000001875a       0x22 Core/Src/main.o
 .debug_macro   0x000000000001877c       0x10 Core/Src/main.o
 .debug_macro   0x000000000001878c       0x40 Core/Src/main.o
 .debug_macro   0x00000000000187cc       0xd5 Core/Src/main.o
 .debug_macro   0x00000000000188a1       0x1c Core/Src/main.o