Archive member included to satisfy reference by file (symbol)

c:/users/administrator/.vscode/extensions/buzzyelectronics.stm-helper-1.2.9/armgcc/bin/../lib/gcc/arm-none-eabi/9.2.1/../../../../arm-none-eabi/lib/thumb/v7-m/nofp\libc_nano.a(lib_a-exit.o)
                              c:/users/administrator/.vscode/extensions/buzzyelectronics.stm-helper-1.2.9/armgcc/bin/../lib/gcc/arm-none-eabi/9.2.1/../../../../arm-none-eabi/lib/thumb/v7-m/nofp/crt0.o (exit)
c:/users/administrator/.vscode/extensions/buzzyelectronics.stm-helper-1.2.9/armgcc/bin/../lib/gcc/arm-none-eabi/9.2.1/../../../../arm-none-eabi/lib/thumb/v7-m/nofp\libc_nano.a(lib_a-impure.o)
                              c:/users/administrator/.vscode/extensions/buzzyelectronics.stm-helper-1.2.9/armgcc/bin/../lib/gcc/arm-none-eabi/9.2.1/../../../../arm-none-eabi/lib/thumb/v7-m/nofp\libc_nano.a(lib_a-exit.o) (_global_impure_ptr)
c:/users/administrator/.vscode/extensions/buzzyelectronics.stm-helper-1.2.9/armgcc/bin/../lib/gcc/arm-none-eabi/9.2.1/../../../../arm-none-eabi/lib/thumb/v7-m/nofp\libc_nano.a(lib_a-init.o)
                              c:/users/administrator/.vscode/extensions/buzzyelectronics.stm-helper-1.2.9/armgcc/bin/../lib/gcc/arm-none-eabi/9.2.1/../../../../arm-none-eabi/lib/thumb/v7-m/nofp/crt0.o (__libc_init_array)
c:/users/administrator/.vscode/extensions/buzzyelectronics.stm-helper-1.2.9/armgcc/bin/../lib/gcc/arm-none-eabi/9.2.1/../../../../arm-none-eabi/lib/thumb/v7-m/nofp\libc_nano.a(lib_a-memset.o)
                              c:/users/administrator/.vscode/extensions/buzzyelectronics.stm-helper-1.2.9/armgcc/bin/../lib/gcc/arm-none-eabi/9.2.1/../../../../arm-none-eabi/lib/thumb/v7-m/nofp/crt0.o (memset)
c:/users/administrator/.vscode/extensions/buzzyelectronics.stm-helper-1.2.9/armgcc/bin/../lib/gcc/arm-none-eabi/9.2.1/../../../../arm-none-eabi/lib/thumb/v7-m/nofp\libnosys.a(_exit.o)
                              c:/users/administrator/.vscode/extensions/buzzyelectronics.stm-helper-1.2.9/armgcc/bin/../lib/gcc/arm-none-eabi/9.2.1/../../../../arm-none-eabi/lib/thumb/v7-m/nofp\libc_nano.a(lib_a-exit.o) (_exit)

Allocating common symbols
Common symbol       size              file

uwTick              0x4               build/stm32f1xx_hal.o
pFlash              0x20              build/stm32f1xx_hal_flash.o

Discarded input sections

 .text          0x0000000000000000        0x0 c:/users/administrator/.vscode/extensions/buzzyelectronics.stm-helper-1.2.9/armgcc/bin/../lib/gcc/arm-none-eabi/9.2.1/thumb/v7-m/nofp/crti.o
 .data          0x0000000000000000        0x0 c:/users/administrator/.vscode/extensions/buzzyelectronics.stm-helper-1.2.9/armgcc/bin/../lib/gcc/arm-none-eabi/9.2.1/thumb/v7-m/nofp/crti.o
 .bss           0x0000000000000000        0x0 c:/users/administrator/.vscode/extensions/buzzyelectronics.stm-helper-1.2.9/armgcc/bin/../lib/gcc/arm-none-eabi/9.2.1/thumb/v7-m/nofp/crti.o
 .text          0x0000000000000000        0x0 c:/users/administrator/.vscode/extensions/buzzyelectronics.stm-helper-1.2.9/armgcc/bin/../lib/gcc/arm-none-eabi/9.2.1/thumb/v7-m/nofp/crtbegin.o
 .data          0x0000000000000000        0x0 c:/users/administrator/.vscode/extensions/buzzyelectronics.stm-helper-1.2.9/armgcc/bin/../lib/gcc/arm-none-eabi/9.2.1/thumb/v7-m/nofp/crtbegin.o
 .bss           0x0000000000000000        0x0 c:/users/administrator/.vscode/extensions/buzzyelectronics.stm-helper-1.2.9/armgcc/bin/../lib/gcc/arm-none-eabi/9.2.1/thumb/v7-m/nofp/crtbegin.o
 .data.__dso_handle
                0x0000000000000000        0x4 c:/users/administrator/.vscode/extensions/buzzyelectronics.stm-helper-1.2.9/armgcc/bin/../lib/gcc/arm-none-eabi/9.2.1/thumb/v7-m/nofp/crtbegin.o
 .text          0x0000000000000000       0x74 c:/users/administrator/.vscode/extensions/buzzyelectronics.stm-helper-1.2.9/armgcc/bin/../lib/gcc/arm-none-eabi/9.2.1/../../../../arm-none-eabi/lib/thumb/v7-m/nofp/crt0.o
 .data          0x0000000000000000        0x0 c:/users/administrator/.vscode/extensions/buzzyelectronics.stm-helper-1.2.9/armgcc/bin/../lib/gcc/arm-none-eabi/9.2.1/../../../../arm-none-eabi/lib/thumb/v7-m/nofp/crt0.o
 .bss           0x0000000000000000        0x0 c:/users/administrator/.vscode/extensions/buzzyelectronics.stm-helper-1.2.9/armgcc/bin/../lib/gcc/arm-none-eabi/9.2.1/../../../../arm-none-eabi/lib/thumb/v7-m/nofp/crt0.o
 .ARM.extab     0x0000000000000000        0x0 c:/users/administrator/.vscode/extensions/buzzyelectronics.stm-helper-1.2.9/armgcc/bin/../lib/gcc/arm-none-eabi/9.2.1/../../../../arm-none-eabi/lib/thumb/v7-m/nofp/crt0.o
 .ARM.exidx     0x0000000000000000        0x8 c:/users/administrator/.vscode/extensions/buzzyelectronics.stm-helper-1.2.9/armgcc/bin/../lib/gcc/arm-none-eabi/9.2.1/../../../../arm-none-eabi/lib/thumb/v7-m/nofp/crt0.o
 .ARM.attributes
                0x0000000000000000       0x1b c:/users/administrator/.vscode/extensions/buzzyelectronics.stm-helper-1.2.9/armgcc/bin/../lib/gcc/arm-none-eabi/9.2.1/../../../../arm-none-eabi/lib/thumb/v7-m/nofp/crt0.o
 .text          0x0000000000000000        0x0 build/main.o
 .data          0x0000000000000000        0x0 build/main.o
 .bss           0x0000000000000000        0x0 build/main.o
 .text.Error_Handler
                0x0000000000000000        0x2 build/main.o
 .text          0x0000000000000000        0x0 build/gpio.o
 .data          0x0000000000000000        0x0 build/gpio.o
 .bss           0x0000000000000000        0x0 build/gpio.o
 .text          0x0000000000000000        0x0 build/stm32f1xx_it.o
 .data          0x0000000000000000        0x0 build/stm32f1xx_it.o
 .bss           0x0000000000000000        0x0 build/stm32f1xx_it.o
 .text          0x0000000000000000        0x0 build/stm32f1xx_hal_msp.o
 .data          0x0000000000000000        0x0 build/stm32f1xx_hal_msp.o
 .bss           0x0000000000000000        0x0 build/stm32f1xx_hal_msp.o
 .text          0x0000000000000000        0x0 build/stm32f1xx_hal_gpio_ex.o
 .data          0x0000000000000000        0x0 build/stm32f1xx_hal_gpio_ex.o
 .bss           0x0000000000000000        0x0 build/stm32f1xx_hal_gpio_ex.o
 .text.HAL_GPIOEx_ConfigEventout
                0x0000000000000000       0x14 build/stm32f1xx_hal_gpio_ex.o
 .text.HAL_GPIOEx_EnableEventout
                0x0000000000000000       0x10 build/stm32f1xx_hal_gpio_ex.o
 .text.HAL_GPIOEx_DisableEventout
                0x0000000000000000       0x10 build/stm32f1xx_hal_gpio_ex.o
 .debug_info    0x0000000000000000      0x270 build/stm32f1xx_hal_gpio_ex.o
 .debug_abbrev  0x0000000000000000      0x125 build/stm32f1xx_hal_gpio_ex.o
 .debug_loc     0x0000000000000000       0x25 build/stm32f1xx_hal_gpio_ex.o
 .debug_aranges
                0x0000000000000000       0x30 build/stm32f1xx_hal_gpio_ex.o
 .debug_ranges  0x0000000000000000       0x20 build/stm32f1xx_hal_gpio_ex.o
 .debug_line    0x0000000000000000      0x24f build/stm32f1xx_hal_gpio_ex.o
 .debug_str     0x0000000000000000      0x318 build/stm32f1xx_hal_gpio_ex.o
 .comment       0x0000000000000000       0x67 build/stm32f1xx_hal_gpio_ex.o
 .debug_frame   0x0000000000000000       0x40 build/stm32f1xx_hal_gpio_ex.o
 .ARM.attributes
                0x0000000000000000       0x2d build/stm32f1xx_hal_gpio_ex.o
 .text          0x0000000000000000        0x0 build/stm32f1xx_hal_tim.o
 .data          0x0000000000000000        0x0 build/stm32f1xx_hal_tim.o
 .bss           0x0000000000000000        0x0 build/stm32f1xx_hal_tim.o
 .debug_info    0x0000000000000000      0x182 build/stm32f1xx_hal_tim.o
 .debug_abbrev  0x0000000000000000       0x97 build/stm32f1xx_hal_tim.o
 .debug_aranges
                0x0000000000000000       0x18 build/stm32f1xx_hal_tim.o
 .debug_line    0x0000000000000000      0x1b4 build/stm32f1xx_hal_tim.o
 .debug_str     0x0000000000000000      0x278 build/stm32f1xx_hal_tim.o
 .comment       0x0000000000000000       0x67 build/stm32f1xx_hal_tim.o
 .ARM.attributes
                0x0000000000000000       0x33 build/stm32f1xx_hal_tim.o
 .text          0x0000000000000000        0x0 build/stm32f1xx_hal_tim_ex.o
 .data          0x0000000000000000        0x0 build/stm32f1xx_hal_tim_ex.o
 .bss           0x0000000000000000        0x0 build/stm32f1xx_hal_tim_ex.o
 .debug_info    0x0000000000000000      0x182 build/stm32f1xx_hal_tim_ex.o
 .debug_abbrev  0x0000000000000000       0x97 build/stm32f1xx_hal_tim_ex.o
 .debug_aranges
                0x0000000000000000       0x18 build/stm32f1xx_hal_tim_ex.o
 .debug_line    0x0000000000000000      0x1b4 build/stm32f1xx_hal_tim_ex.o
 .debug_str     0x0000000000000000      0x27b build/stm32f1xx_hal_tim_ex.o
 .comment       0x0000000000000000       0x67 build/stm32f1xx_hal_tim_ex.o
 .ARM.attributes
                0x0000000000000000       0x33 build/stm32f1xx_hal_tim_ex.o
 .text          0x0000000000000000        0x0 build/stm32f1xx_hal.o
 .data          0x0000000000000000        0x0 build/stm32f1xx_hal.o
 .bss           0x0000000000000000        0x0 build/stm32f1xx_hal.o
 .text.HAL_MspInit
                0x0000000000000000        0x2 build/stm32f1xx_hal.o
 .text.HAL_MspDeInit
                0x0000000000000000        0x2 build/stm32f1xx_hal.o
 .text.HAL_DeInit
                0x0000000000000000       0x20 build/stm32f1xx_hal.o
 .text.HAL_GetTickPrio
                0x0000000000000000        0xc build/stm32f1xx_hal.o
 .text.HAL_SetTickFreq
                0x0000000000000000       0x2c build/stm32f1xx_hal.o
 .text.HAL_GetTickFreq
                0x0000000000000000        0xc build/stm32f1xx_hal.o
 .text.HAL_SuspendTick
                0x0000000000000000       0x10 build/stm32f1xx_hal.o
 .text.HAL_ResumeTick
                0x0000000000000000       0x10 build/stm32f1xx_hal.o
 .text.HAL_GetHalVersion
                0x0000000000000000        0x8 build/stm32f1xx_hal.o
 .text.HAL_GetREVID
                0x0000000000000000        0xc build/stm32f1xx_hal.o
 .text.HAL_GetDEVID
                0x0000000000000000       0x10 build/stm32f1xx_hal.o
 .text.HAL_GetUIDw0
                0x0000000000000000        0xc build/stm32f1xx_hal.o
 .text.HAL_GetUIDw1
                0x0000000000000000        0xc build/stm32f1xx_hal.o
 .text.HAL_GetUIDw2
                0x0000000000000000        0xc build/stm32f1xx_hal.o
 .text.HAL_DBGMCU_EnableDBGSleepMode
                0x0000000000000000       0x10 build/stm32f1xx_hal.o
 .text.HAL_DBGMCU_DisableDBGSleepMode
                0x0000000000000000       0x10 build/stm32f1xx_hal.o
 .text.HAL_DBGMCU_EnableDBGStopMode
                0x0000000000000000       0x10 build/stm32f1xx_hal.o
 .text.HAL_DBGMCU_DisableDBGStopMode
                0x0000000000000000       0x10 build/stm32f1xx_hal.o
 .text.HAL_DBGMCU_EnableDBGStandbyMode
                0x0000000000000000       0x10 build/stm32f1xx_hal.o
 .text.HAL_DBGMCU_DisableDBGStandbyMode
                0x0000000000000000       0x10 build/stm32f1xx_hal.o
 .text          0x0000000000000000        0x0 build/stm32f1xx_hal_rcc.o
 .data          0x0000000000000000        0x0 build/stm32f1xx_hal_rcc.o
 .bss           0x0000000000000000        0x0 build/stm32f1xx_hal_rcc.o
 .text.HAL_RCC_DeInit
                0x0000000000000000       0xf4 build/stm32f1xx_hal_rcc.o
 .text.HAL_RCC_MCOConfig
                0x0000000000000000       0x4c build/stm32f1xx_hal_rcc.o
 .text.HAL_RCC_EnableCSS
                0x0000000000000000        0xc build/stm32f1xx_hal_rcc.o
 .text.HAL_RCC_DisableCSS
                0x0000000000000000        0xc build/stm32f1xx_hal_rcc.o
 .text.HAL_RCC_GetHCLKFreq
                0x0000000000000000        0xc build/stm32f1xx_hal_rcc.o
 .text.HAL_RCC_GetPCLK1Freq
                0x0000000000000000       0x20 build/stm32f1xx_hal_rcc.o
 .text.HAL_RCC_GetPCLK2Freq
                0x0000000000000000       0x20 build/stm32f1xx_hal_rcc.o
 .text.HAL_RCC_GetOscConfig
                0x0000000000000000       0xb4 build/stm32f1xx_hal_rcc.o
 .text.HAL_RCC_GetClockConfig
                0x0000000000000000       0x3c build/stm32f1xx_hal_rcc.o
 .text.HAL_RCC_CSSCallback
                0x0000000000000000        0x2 build/stm32f1xx_hal_rcc.o
 .text.HAL_RCC_NMI_IRQHandler
                0x0000000000000000       0x24 build/stm32f1xx_hal_rcc.o
 .text          0x0000000000000000        0x0 build/stm32f1xx_hal_rcc_ex.o
 .data          0x0000000000000000        0x0 build/stm32f1xx_hal_rcc_ex.o
 .bss           0x0000000000000000        0x0 build/stm32f1xx_hal_rcc_ex.o
 .text.HAL_RCCEx_PeriphCLKConfig
                0x0000000000000000      0x114 build/stm32f1xx_hal_rcc_ex.o
 .text.HAL_RCCEx_GetPeriphCLKConfig
                0x0000000000000000       0x34 build/stm32f1xx_hal_rcc_ex.o
 .rodata.HAL_RCCEx_GetPeriphCLKFreq.str1.4
                0x0000000000000000       0x11 build/stm32f1xx_hal_rcc_ex.o
 .text.HAL_RCCEx_GetPeriphCLKFreq
                0x0000000000000000      0x110 build/stm32f1xx_hal_rcc_ex.o
 .debug_info    0x0000000000000000      0x582 build/stm32f1xx_hal_rcc_ex.o
 .debug_abbrev  0x0000000000000000      0x1fb build/stm32f1xx_hal_rcc_ex.o
 .debug_loc     0x0000000000000000      0x432 build/stm32f1xx_hal_rcc_ex.o
 .debug_aranges
                0x0000000000000000       0x30 build/stm32f1xx_hal_rcc_ex.o
 .debug_ranges  0x0000000000000000       0x38 build/stm32f1xx_hal_rcc_ex.o
 .debug_line    0x0000000000000000      0x524 build/stm32f1xx_hal_rcc_ex.o
 .debug_str     0x0000000000000000      0x4c0 build/stm32f1xx_hal_rcc_ex.o
 .comment       0x0000000000000000       0x67 build/stm32f1xx_hal_rcc_ex.o
 .debug_frame   0x0000000000000000       0x6c build/stm32f1xx_hal_rcc_ex.o
 .ARM.attributes
                0x0000000000000000       0x2d build/stm32f1xx_hal_rcc_ex.o
 .text          0x0000000000000000        0x0 build/stm32f1xx_hal_gpio.o
 .data          0x0000000000000000        0x0 build/stm32f1xx_hal_gpio.o
 .bss           0x0000000000000000        0x0 build/stm32f1xx_hal_gpio.o
 .text.HAL_GPIO_DeInit
                0x0000000000000000      0x114 build/stm32f1xx_hal_gpio.o
 .text.HAL_GPIO_ReadPin
                0x0000000000000000        0xe build/stm32f1xx_hal_gpio.o
 .text.HAL_GPIO_LockPin
                0x0000000000000000       0x2e build/stm32f1xx_hal_gpio.o
 .text.HAL_GPIO_EXTI_Callback
                0x0000000000000000        0x2 build/stm32f1xx_hal_gpio.o
 .text.HAL_GPIO_EXTI_IRQHandler
                0x0000000000000000       0x1c build/stm32f1xx_hal_gpio.o
 .text          0x0000000000000000        0x0 build/stm32f1xx_hal_dma.o
 .data          0x0000000000000000        0x0 build/stm32f1xx_hal_dma.o
 .bss           0x0000000000000000        0x0 build/stm32f1xx_hal_dma.o
 .text.DMA_SetConfig
                0x0000000000000000       0x2c build/stm32f1xx_hal_dma.o
 .text.HAL_DMA_Init
                0x0000000000000000       0x98 build/stm32f1xx_hal_dma.o
 .text.HAL_DMA_DeInit
                0x0000000000000000       0x90 build/stm32f1xx_hal_dma.o
 .text.HAL_DMA_Start
                0x0000000000000000       0x50 build/stm32f1xx_hal_dma.o
 .text.HAL_DMA_Start_IT
                0x0000000000000000       0x74 build/stm32f1xx_hal_dma.o
 .text.HAL_DMA_Abort
                0x0000000000000000       0x44 build/stm32f1xx_hal_dma.o
 .text.HAL_DMA_Abort_IT
                0x0000000000000000      0x168 build/stm32f1xx_hal_dma.o
 .text.HAL_DMA_PollForTransfer
                0x0000000000000000      0x548 build/stm32f1xx_hal_dma.o
 .text.HAL_DMA_IRQHandler
                0x0000000000000000      0x2ec build/stm32f1xx_hal_dma.o
 .text.HAL_DMA_RegisterCallback
                0x0000000000000000       0x44 build/stm32f1xx_hal_dma.o
 .text.HAL_DMA_UnRegisterCallback
                0x0000000000000000       0x5a build/stm32f1xx_hal_dma.o
 .text.HAL_DMA_GetState
                0x0000000000000000        0x6 build/stm32f1xx_hal_dma.o
 .text.HAL_DMA_GetError
                0x0000000000000000        0x4 build/stm32f1xx_hal_dma.o
 .debug_info    0x0000000000000000      0x9b4 build/stm32f1xx_hal_dma.o
 .debug_abbrev  0x0000000000000000      0x2a1 build/stm32f1xx_hal_dma.o
 .debug_loc     0x0000000000000000      0x8ea build/stm32f1xx_hal_dma.o
 .debug_aranges
                0x0000000000000000       0x80 build/stm32f1xx_hal_dma.o
 .debug_ranges  0x0000000000000000       0x70 build/stm32f1xx_hal_dma.o
 .debug_line    0x0000000000000000      0xd5f build/stm32f1xx_hal_dma.o
 .debug_str     0x0000000000000000      0x6be build/stm32f1xx_hal_dma.o
 .comment       0x0000000000000000       0x67 build/stm32f1xx_hal_dma.o
 .debug_frame   0x0000000000000000      0x168 build/stm32f1xx_hal_dma.o
 .ARM.attributes
                0x0000000000000000       0x2d build/stm32f1xx_hal_dma.o
 .text          0x0000000000000000        0x0 build/stm32f1xx_hal_cortex.o
 .data          0x0000000000000000        0x0 build/stm32f1xx_hal_cortex.o
 .bss           0x0000000000000000        0x0 build/stm32f1xx_hal_cortex.o
 .text.HAL_NVIC_EnableIRQ
                0x0000000000000000       0x1c build/stm32f1xx_hal_cortex.o
 .text.HAL_NVIC_DisableIRQ
                0x0000000000000000       0x24 build/stm32f1xx_hal_cortex.o
 .text.HAL_NVIC_SystemReset
                0x0000000000000000       0x24 build/stm32f1xx_hal_cortex.o
 .text.HAL_NVIC_GetPriorityGrouping
                0x0000000000000000       0x10 build/stm32f1xx_hal_cortex.o
 .text.HAL_NVIC_GetPriority
                0x0000000000000000       0x60 build/stm32f1xx_hal_cortex.o
 .text.HAL_NVIC_SetPendingIRQ
                0x0000000000000000       0x1c build/stm32f1xx_hal_cortex.o
 .text.HAL_NVIC_GetPendingIRQ
                0x0000000000000000       0x24 build/stm32f1xx_hal_cortex.o
 .text.HAL_NVIC_ClearPendingIRQ
                0x0000000000000000       0x1c build/stm32f1xx_hal_cortex.o
 .text.HAL_NVIC_GetActive
                0x0000000000000000       0x24 build/stm32f1xx_hal_cortex.o
 .text.HAL_SYSTICK_CLKSourceConfig
                0x0000000000000000       0x20 build/stm32f1xx_hal_cortex.o
 .text.HAL_SYSTICK_Callback
                0x0000000000000000        0x2 build/stm32f1xx_hal_cortex.o
 .text.HAL_SYSTICK_IRQHandler
                0x0000000000000000        0x8 build/stm32f1xx_hal_cortex.o
 .text          0x0000000000000000        0x0 build/stm32f1xx_hal_pwr.o
 .data          0x0000000000000000        0x0 build/stm32f1xx_hal_pwr.o
 .bss           0x0000000000000000        0x0 build/stm32f1xx_hal_pwr.o
 .text.PWR_OverloadWfe
                0x0000000000000000        0x6 build/stm32f1xx_hal_pwr.o
 .text.HAL_PWR_DeInit
                0x0000000000000000       0x18 build/stm32f1xx_hal_pwr.o
 .text.HAL_PWR_EnableBkUpAccess
                0x0000000000000000        0xc build/stm32f1xx_hal_pwr.o
 .text.HAL_PWR_DisableBkUpAccess
                0x0000000000000000        0xc build/stm32f1xx_hal_pwr.o
 .text.HAL_PWR_ConfigPVD
                0x0000000000000000       0x84 build/stm32f1xx_hal_pwr.o
 .text.HAL_PWR_EnablePVD
                0x0000000000000000        0xc build/stm32f1xx_hal_pwr.o
 .text.HAL_PWR_DisablePVD
                0x0000000000000000        0xc build/stm32f1xx_hal_pwr.o
 .text.HAL_PWR_EnableWakeUpPin
                0x0000000000000000       0x18 build/stm32f1xx_hal_pwr.o
 .text.HAL_PWR_DisableWakeUpPin
                0x0000000000000000       0x18 build/stm32f1xx_hal_pwr.o
 .text.HAL_PWR_EnterSLEEPMode
                0x0000000000000000       0x20 build/stm32f1xx_hal_pwr.o
 .text.HAL_PWR_EnterSTOPMode
                0x0000000000000000       0x48 build/stm32f1xx_hal_pwr.o
 .text.HAL_PWR_EnterSTANDBYMode
                0x0000000000000000       0x20 build/stm32f1xx_hal_pwr.o
 .text.HAL_PWR_EnableSleepOnExit
                0x0000000000000000       0x10 build/stm32f1xx_hal_pwr.o
 .text.HAL_PWR_DisableSleepOnExit
                0x0000000000000000       0x10 build/stm32f1xx_hal_pwr.o
 .text.HAL_PWR_EnableSEVOnPend
                0x0000000000000000       0x10 build/stm32f1xx_hal_pwr.o
 .text.HAL_PWR_DisableSEVOnPend
                0x0000000000000000       0x10 build/stm32f1xx_hal_pwr.o
 .text.HAL_PWR_PVDCallback
                0x0000000000000000        0x2 build/stm32f1xx_hal_pwr.o
 .text.HAL_PWR_PVD_IRQHandler
                0x0000000000000000       0x20 build/stm32f1xx_hal_pwr.o
 .debug_info    0x0000000000000000      0x82a build/stm32f1xx_hal_pwr.o
 .debug_abbrev  0x0000000000000000      0x222 build/stm32f1xx_hal_pwr.o
 .debug_loc     0x0000000000000000      0x182 build/stm32f1xx_hal_pwr.o
 .debug_aranges
                0x0000000000000000       0xa8 build/stm32f1xx_hal_pwr.o
 .debug_ranges  0x0000000000000000       0x98 build/stm32f1xx_hal_pwr.o
 .debug_line    0x0000000000000000      0x4ad build/stm32f1xx_hal_pwr.o
 .debug_str     0x0000000000000000      0x54a build/stm32f1xx_hal_pwr.o
 .comment       0x0000000000000000       0x67 build/stm32f1xx_hal_pwr.o
 .debug_frame   0x0000000000000000      0x148 build/stm32f1xx_hal_pwr.o
 .ARM.attributes
                0x0000000000000000       0x2d build/stm32f1xx_hal_pwr.o
 .text          0x0000000000000000        0x0 build/stm32f1xx_hal_flash.o
 .data          0x0000000000000000        0x0 build/stm32f1xx_hal_flash.o
 .bss           0x0000000000000000        0x0 build/stm32f1xx_hal_flash.o
 .text.FLASH_Program_HalfWord
                0x0000000000000000       0x1c build/stm32f1xx_hal_flash.o
 .text.FLASH_SetErrorCode
                0x0000000000000000       0x70 build/stm32f1xx_hal_flash.o
 .text.HAL_FLASH_Program_IT
                0x0000000000000000       0x68 build/stm32f1xx_hal_flash.o
 .text.HAL_FLASH_EndOfOperationCallback
                0x0000000000000000        0x2 build/stm32f1xx_hal_flash.o
 .text.HAL_FLASH_OperationErrorCallback
                0x0000000000000000        0x2 build/stm32f1xx_hal_flash.o
 .text.HAL_FLASH_IRQHandler
                0x0000000000000000      0x154 build/stm32f1xx_hal_flash.o
 .text.HAL_FLASH_Unlock
                0x0000000000000000       0x34 build/stm32f1xx_hal_flash.o
 .text.HAL_FLASH_Lock
                0x0000000000000000       0x14 build/stm32f1xx_hal_flash.o
 .text.HAL_FLASH_OB_Unlock
                0x0000000000000000       0x28 build/stm32f1xx_hal_flash.o
 .text.HAL_FLASH_OB_Lock
                0x0000000000000000       0x14 build/stm32f1xx_hal_flash.o
 .text.HAL_FLASH_OB_Launch
                0x0000000000000000        0x8 build/stm32f1xx_hal_flash.o
 .text.HAL_FLASH_GetError
                0x0000000000000000        0xc build/stm32f1xx_hal_flash.o
 .text.FLASH_WaitForLastOperation
                0x0000000000000000       0x68 build/stm32f1xx_hal_flash.o
 .text.HAL_FLASH_Program
                0x0000000000000000       0x9c build/stm32f1xx_hal_flash.o
 .debug_info    0x0000000000000000      0x7de build/stm32f1xx_hal_flash.o
 .debug_abbrev  0x0000000000000000      0x2aa build/stm32f1xx_hal_flash.o
 .debug_loc     0x0000000000000000      0x443 build/stm32f1xx_hal_flash.o
 .debug_aranges
                0x0000000000000000       0x88 build/stm32f1xx_hal_flash.o
 .debug_ranges  0x0000000000000000       0x78 build/stm32f1xx_hal_flash.o
 .debug_line    0x0000000000000000      0x7ea build/stm32f1xx_hal_flash.o
 .debug_str     0x0000000000000000      0x5de build/stm32f1xx_hal_flash.o
 .comment       0x0000000000000000       0x67 build/stm32f1xx_hal_flash.o
 .debug_frame   0x0000000000000000      0x150 build/stm32f1xx_hal_flash.o
 .ARM.attributes
                0x0000000000000000       0x2d build/stm32f1xx_hal_flash.o
 COMMON         0x0000000000000000       0x20 build/stm32f1xx_hal_flash.o
 .text          0x0000000000000000        0x0 build/stm32f1xx_hal_flash_ex.o
 .data          0x0000000000000000        0x0 build/stm32f1xx_hal_flash_ex.o
 .bss           0x0000000000000000        0x0 build/stm32f1xx_hal_flash_ex.o
 .text.FLASH_MassErase
                0x0000000000000000       0x24 build/stm32f1xx_hal_flash_ex.o
 .text.FLASH_OB_GetWRP
                0x0000000000000000        0xc build/stm32f1xx_hal_flash_ex.o
 .text.FLASH_OB_GetRDP
                0x0000000000000000       0x18 build/stm32f1xx_hal_flash_ex.o
 .text.FLASH_OB_GetUser
                0x0000000000000000       0x10 build/stm32f1xx_hal_flash_ex.o
 .text.FLASH_OB_RDP_LevelConfig
                0x0000000000000000       0x68 build/stm32f1xx_hal_flash_ex.o
 .text.FLASH_OB_UserConfig
                0x0000000000000000       0x48 build/stm32f1xx_hal_flash_ex.o
 .text.FLASH_OB_ProgramData
                0x0000000000000000       0x40 build/stm32f1xx_hal_flash_ex.o
 .text.HAL_FLASHEx_OBErase
                0x0000000000000000       0x50 build/stm32f1xx_hal_flash_ex.o
 .text.FLASH_OB_EnableWRP
                0x0000000000000000       0xc0 build/stm32f1xx_hal_flash_ex.o
 .text.FLASH_OB_DisableWRP
                0x0000000000000000       0xc8 build/stm32f1xx_hal_flash_ex.o
 .text.HAL_FLASHEx_OBProgram
                0x0000000000000000       0x9c build/stm32f1xx_hal_flash_ex.o
 .text.HAL_FLASHEx_OBGetConfig
                0x0000000000000000       0x1c build/stm32f1xx_hal_flash_ex.o
 .text.HAL_FLASHEx_OBGetUserData
                0x0000000000000000       0x24 build/stm32f1xx_hal_flash_ex.o
 .text.FLASH_PageErase
                0x0000000000000000       0x24 build/stm32f1xx_hal_flash_ex.o
 .text.HAL_FLASHEx_Erase
                0x0000000000000000       0xa4 build/stm32f1xx_hal_flash_ex.o
 .text.HAL_FLASHEx_Erase_IT
                0x0000000000000000       0x60 build/stm32f1xx_hal_flash_ex.o
 .debug_info    0x0000000000000000      0xc6b build/stm32f1xx_hal_flash_ex.o
 .debug_abbrev  0x0000000000000000      0x2b9 build/stm32f1xx_hal_flash_ex.o
 .debug_loc     0x0000000000000000      0x9d7 build/stm32f1xx_hal_flash_ex.o
 .debug_aranges
                0x0000000000000000       0x98 build/stm32f1xx_hal_flash_ex.o
 .debug_ranges  0x0000000000000000       0x88 build/stm32f1xx_hal_flash_ex.o
 .debug_line    0x0000000000000000      0x98d build/stm32f1xx_hal_flash_ex.o
 .debug_str     0x0000000000000000      0x6f4 build/stm32f1xx_hal_flash_ex.o
 .comment       0x0000000000000000       0x67 build/stm32f1xx_hal_flash_ex.o
 .debug_frame   0x0000000000000000      0x1c8 build/stm32f1xx_hal_flash_ex.o
 .ARM.attributes
                0x0000000000000000       0x2d build/stm32f1xx_hal_flash_ex.o
 .text          0x0000000000000000        0x0 build/stm32f1xx_hal_exti.o
 .data          0x0000000000000000        0x0 build/stm32f1xx_hal_exti.o
 .bss           0x0000000000000000        0x0 build/stm32f1xx_hal_exti.o
 .text.HAL_EXTI_SetConfigLine
                0x0000000000000000       0xd8 build/stm32f1xx_hal_exti.o
 .text.HAL_EXTI_GetConfigLine
                0x0000000000000000       0xa8 build/stm32f1xx_hal_exti.o
 .text.HAL_EXTI_ClearConfigLine
                0x0000000000000000       0x80 build/stm32f1xx_hal_exti.o
 .text.HAL_EXTI_RegisterCallback
                0x0000000000000000        0xe build/stm32f1xx_hal_exti.o
 .text.HAL_EXTI_GetHandle
                0x0000000000000000        0xc build/stm32f1xx_hal_exti.o
 .text.HAL_EXTI_IRQHandler
                0x0000000000000000       0x24 build/stm32f1xx_hal_exti.o
 .text.HAL_EXTI_GetPending
                0x0000000000000000       0x1c build/stm32f1xx_hal_exti.o
 .text.HAL_EXTI_ClearPending
                0x0000000000000000       0x14 build/stm32f1xx_hal_exti.o
 .text.HAL_EXTI_GenerateSWI
                0x0000000000000000       0x14 build/stm32f1xx_hal_exti.o
 .debug_info    0x0000000000000000      0x6fd build/stm32f1xx_hal_exti.o
 .debug_abbrev  0x0000000000000000      0x22d build/stm32f1xx_hal_exti.o
 .debug_loc     0x0000000000000000      0x5b5 build/stm32f1xx_hal_exti.o
 .debug_aranges
                0x0000000000000000       0x60 build/stm32f1xx_hal_exti.o
 .debug_ranges  0x0000000000000000       0x50 build/stm32f1xx_hal_exti.o
 .debug_line    0x0000000000000000      0x683 build/stm32f1xx_hal_exti.o
 .debug_str     0x0000000000000000      0x497 build/stm32f1xx_hal_exti.o
 .comment       0x0000000000000000       0x67 build/stm32f1xx_hal_exti.o
 .debug_frame   0x0000000000000000      0x108 build/stm32f1xx_hal_exti.o
 .ARM.attributes
                0x0000000000000000       0x2d build/stm32f1xx_hal_exti.o
 .text          0x0000000000000000        0x0 build/system_stm32f1xx.o
 .data          0x0000000000000000        0x0 build/system_stm32f1xx.o
 .bss           0x0000000000000000        0x0 build/system_stm32f1xx.o
 .text.SystemCoreClockUpdate
                0x0000000000000000       0x94 build/system_stm32f1xx.o
 .rodata.APBPrescTable
                0x0000000000000000        0x8 build/system_stm32f1xx.o
 .text          0x0000000000000000       0x14 build/startup_stm32f103xe.o
 .data          0x0000000000000000        0x0 build/startup_stm32f103xe.o
 .bss           0x0000000000000000        0x0 build/startup_stm32f103xe.o
 .text          0x0000000000000000        0x0 c:/users/administrator/.vscode/extensions/buzzyelectronics.stm-helper-1.2.9/armgcc/bin/../lib/gcc/arm-none-eabi/9.2.1/../../../../arm-none-eabi/lib/thumb/v7-m/nofp\libc_nano.a(lib_a-exit.o)
 .data          0x0000000000000000        0x0 c:/users/administrator/.vscode/extensions/buzzyelectronics.stm-helper-1.2.9/armgcc/bin/../lib/gcc/arm-none-eabi/9.2.1/../../../../arm-none-eabi/lib/thumb/v7-m/nofp\libc_nano.a(lib_a-exit.o)
 .bss           0x0000000000000000        0x0 c:/users/administrator/.vscode/extensions/buzzyelectronics.stm-helper-1.2.9/armgcc/bin/../lib/gcc/arm-none-eabi/9.2.1/../../../../arm-none-eabi/lib/thumb/v7-m/nofp\libc_nano.a(lib_a-exit.o)
 .text.exit     0x0000000000000000       0x28 c:/users/administrator/.vscode/extensions/buzzyelectronics.stm-helper-1.2.9/armgcc/bin/../lib/gcc/arm-none-eabi/9.2.1/../../../../arm-none-eabi/lib/thumb/v7-m/nofp\libc_nano.a(lib_a-exit.o)
 .debug_frame   0x0000000000000000       0x28 c:/users/administrator/.vscode/extensions/buzzyelectronics.stm-helper-1.2.9/armgcc/bin/../lib/gcc/arm-none-eabi/9.2.1/../../../../arm-none-eabi/lib/thumb/v7-m/nofp\libc_nano.a(lib_a-exit.o)
 .ARM.attributes
                0x0000000000000000       0x2d c:/users/administrator/.vscode/extensions/buzzyelectronics.stm-helper-1.2.9/armgcc/bin/../lib/gcc/arm-none-eabi/9.2.1/../../../../arm-none-eabi/lib/thumb/v7-m/nofp\libc_nano.a(lib_a-exit.o)
 .text          0x0000000000000000        0x0 c:/users/administrator/.vscode/extensions/buzzyelectronics.stm-helper-1.2.9/armgcc/bin/../lib/gcc/arm-none-eabi/9.2.1/../../../../arm-none-eabi/lib/thumb/v7-m/nofp\libc_nano.a(lib_a-impure.o)
 .data          0x0000000000000000        0x0 c:/users/administrator/.vscode/extensions/buzzyelectronics.stm-helper-1.2.9/armgcc/bin/../lib/gcc/arm-none-eabi/9.2.1/../../../../arm-none-eabi/lib/thumb/v7-m/nofp\libc_nano.a(lib_a-impure.o)
 .bss           0x0000000000000000        0x0 c:/users/administrator/.vscode/extensions/buzzyelectronics.stm-helper-1.2.9/armgcc/bin/../lib/gcc/arm-none-eabi/9.2.1/../../../../arm-none-eabi/lib/thumb/v7-m/nofp\libc_nano.a(lib_a-impure.o)
 .data._impure_ptr
                0x0000000000000000        0x4 c:/users/administrator/.vscode/extensions/buzzyelectronics.stm-helper-1.2.9/armgcc/bin/../lib/gcc/arm-none-eabi/9.2.1/../../../../arm-none-eabi/lib/thumb/v7-m/nofp\libc_nano.a(lib_a-impure.o)
 .data.impure_data
                0x0000000000000000       0x60 c:/users/administrator/.vscode/extensions/buzzyelectronics.stm-helper-1.2.9/armgcc/bin/../lib/gcc/arm-none-eabi/9.2.1/../../../../arm-none-eabi/lib/thumb/v7-m/nofp\libc_nano.a(lib_a-impure.o)
 .rodata._global_impure_ptr
                0x0000000000000000        0x4 c:/users/administrator/.vscode/extensions/buzzyelectronics.stm-helper-1.2.9/armgcc/bin/../lib/gcc/arm-none-eabi/9.2.1/../../../../arm-none-eabi/lib/thumb/v7-m/nofp\libc_nano.a(lib_a-impure.o)
 .ARM.attributes
                0x0000000000000000       0x2d c:/users/administrator/.vscode/extensions/buzzyelectronics.stm-helper-1.2.9/armgcc/bin/../lib/gcc/arm-none-eabi/9.2.1/../../../../arm-none-eabi/lib/thumb/v7-m/nofp\libc_nano.a(lib_a-impure.o)
 .text          0x0000000000000000        0x0 c:/users/administrator/.vscode/extensions/buzzyelectronics.stm-helper-1.2.9/armgcc/bin/../lib/gcc/arm-none-eabi/9.2.1/../../../../arm-none-eabi/lib/thumb/v7-m/nofp\libc_nano.a(lib_a-init.o)
 .data          0x0000000000000000        0x0 c:/users/administrator/.vscode/extensions/buzzyelectronics.stm-helper-1.2.9/armgcc/bin/../lib/gcc/arm-none-eabi/9.2.1/../../../../arm-none-eabi/lib/thumb/v7-m/nofp\libc_nano.a(lib_a-init.o)
 .bss           0x0000000000000000        0x0 c:/users/administrator/.vscode/extensions/buzzyelectronics.stm-helper-1.2.9/armgcc/bin/../lib/gcc/arm-none-eabi/9.2.1/../../../../arm-none-eabi/lib/thumb/v7-m/nofp\libc_nano.a(lib_a-init.o)
 .text          0x0000000000000000        0x0 c:/users/administrator/.vscode/extensions/buzzyelectronics.stm-helper-1.2.9/armgcc/bin/../lib/gcc/arm-none-eabi/9.2.1/../../../../arm-none-eabi/lib/thumb/v7-m/nofp\libc_nano.a(lib_a-memset.o)
 .data          0x0000000000000000        0x0 c:/users/administrator/.vscode/extensions/buzzyelectronics.stm-helper-1.2.9/armgcc/bin/../lib/gcc/arm-none-eabi/9.2.1/../../../../arm-none-eabi/lib/thumb/v7-m/nofp\libc_nano.a(lib_a-memset.o)
 .bss           0x0000000000000000        0x0 c:/users/administrator/.vscode/extensions/buzzyelectronics.stm-helper-1.2.9/armgcc/bin/../lib/gcc/arm-none-eabi/9.2.1/../../../../arm-none-eabi/lib/thumb/v7-m/nofp\libc_nano.a(lib_a-memset.o)
 .text          0x0000000000000000        0x0 c:/users/administrator/.vscode/extensions/buzzyelectronics.stm-helper-1.2.9/armgcc/bin/../lib/gcc/arm-none-eabi/9.2.1/../../../../arm-none-eabi/lib/thumb/v7-m/nofp\libnosys.a(_exit.o)
 .data          0x0000000000000000        0x0 c:/users/administrator/.vscode/extensions/buzzyelectronics.stm-helper-1.2.9/armgcc/bin/../lib/gcc/arm-none-eabi/9.2.1/../../../../arm-none-eabi/lib/thumb/v7-m/nofp\libnosys.a(_exit.o)
 .bss           0x0000000000000000        0x0 c:/users/administrator/.vscode/extensions/buzzyelectronics.stm-helper-1.2.9/armgcc/bin/../lib/gcc/arm-none-eabi/9.2.1/../../../../arm-none-eabi/lib/thumb/v7-m/nofp\libnosys.a(_exit.o)
 .text._exit    0x0000000000000000        0x4 c:/users/administrator/.vscode/extensions/buzzyelectronics.stm-helper-1.2.9/armgcc/bin/../lib/gcc/arm-none-eabi/9.2.1/../../../../arm-none-eabi/lib/thumb/v7-m/nofp\libnosys.a(_exit.o)
 .debug_frame   0x0000000000000000       0x20 c:/users/administrator/.vscode/extensions/buzzyelectronics.stm-helper-1.2.9/armgcc/bin/../lib/gcc/arm-none-eabi/9.2.1/../../../../arm-none-eabi/lib/thumb/v7-m/nofp\libnosys.a(_exit.o)
 .ARM.attributes
                0x0000000000000000       0x2d c:/users/administrator/.vscode/extensions/buzzyelectronics.stm-helper-1.2.9/armgcc/bin/../lib/gcc/arm-none-eabi/9.2.1/../../../../arm-none-eabi/lib/thumb/v7-m/nofp\libnosys.a(_exit.o)
 .text          0x0000000000000000        0x0 c:/users/administrator/.vscode/extensions/buzzyelectronics.stm-helper-1.2.9/armgcc/bin/../lib/gcc/arm-none-eabi/9.2.1/thumb/v7-m/nofp/crtend.o
 .data          0x0000000000000000        0x0 c:/users/administrator/.vscode/extensions/buzzyelectronics.stm-helper-1.2.9/armgcc/bin/../lib/gcc/arm-none-eabi/9.2.1/thumb/v7-m/nofp/crtend.o
 .bss           0x0000000000000000        0x0 c:/users/administrator/.vscode/extensions/buzzyelectronics.stm-helper-1.2.9/armgcc/bin/../lib/gcc/arm-none-eabi/9.2.1/thumb/v7-m/nofp/crtend.o
 .eh_frame      0x0000000000000000        0x4 c:/users/administrator/.vscode/extensions/buzzyelectronics.stm-helper-1.2.9/armgcc/bin/../lib/gcc/arm-none-eabi/9.2.1/thumb/v7-m/nofp/crtend.o
 .ARM.attributes
                0x0000000000000000       0x2d c:/users/administrator/.vscode/extensions/buzzyelectronics.stm-helper-1.2.9/armgcc/bin/../lib/gcc/arm-none-eabi/9.2.1/thumb/v7-m/nofp/crtend.o
 .text          0x0000000000000000        0x0 c:/users/administrator/.vscode/extensions/buzzyelectronics.stm-helper-1.2.9/armgcc/bin/../lib/gcc/arm-none-eabi/9.2.1/thumb/v7-m/nofp/crtn.o
 .data          0x0000000000000000        0x0 c:/users/administrator/.vscode/extensions/buzzyelectronics.stm-helper-1.2.9/armgcc/bin/../lib/gcc/arm-none-eabi/9.2.1/thumb/v7-m/nofp/crtn.o
 .bss           0x0000000000000000        0x0 c:/users/administrator/.vscode/extensions/buzzyelectronics.stm-helper-1.2.9/armgcc/bin/../lib/gcc/arm-none-eabi/9.2.1/thumb/v7-m/nofp/crtn.o

Memory Configuration

Name             Origin             Length             Attributes
RAM              0x0000000020000000 0x0000000000010000 xrw
FLASH            0x0000000008000000 0x0000000000080000 xr
*default*        0x0000000000000000 0xffffffffffffffff

Linker script and memory map

LOAD c:/users/administrator/.vscode/extensions/buzzyelectronics.stm-helper-1.2.9/armgcc/bin/../lib/gcc/arm-none-eabi/9.2.1/thumb/v7-m/nofp/crti.o
LOAD c:/users/administrator/.vscode/extensions/buzzyelectronics.stm-helper-1.2.9/armgcc/bin/../lib/gcc/arm-none-eabi/9.2.1/thumb/v7-m/nofp/crtbegin.o
LOAD c:/users/administrator/.vscode/extensions/buzzyelectronics.stm-helper-1.2.9/armgcc/bin/../lib/gcc/arm-none-eabi/9.2.1/../../../../arm-none-eabi/lib/thumb/v7-m/nofp/crt0.o
LOAD build/main.o
LOAD build/gpio.o
LOAD build/stm32f1xx_it.o
LOAD build/stm32f1xx_hal_msp.o
LOAD build/stm32f1xx_hal_gpio_ex.o
LOAD build/stm32f1xx_hal_tim.o
LOAD build/stm32f1xx_hal_tim_ex.o
LOAD build/stm32f1xx_hal.o
LOAD build/stm32f1xx_hal_rcc.o
LOAD build/stm32f1xx_hal_rcc_ex.o
LOAD build/stm32f1xx_hal_gpio.o
LOAD build/stm32f1xx_hal_dma.o
LOAD build/stm32f1xx_hal_cortex.o
LOAD build/stm32f1xx_hal_pwr.o
LOAD build/stm32f1xx_hal_flash.o
LOAD build/stm32f1xx_hal_flash_ex.o
LOAD build/stm32f1xx_hal_exti.o
LOAD build/system_stm32f1xx.o
LOAD build/startup_stm32f103xe.o
LOAD c:/users/administrator/.vscode/extensions/buzzyelectronics.stm-helper-1.2.9/armgcc/bin/../lib/gcc/arm-none-eabi/9.2.1/../../../../arm-none-eabi/lib/thumb/v7-m/nofp\libc_nano.a
LOAD c:/users/administrator/.vscode/extensions/buzzyelectronics.stm-helper-1.2.9/armgcc/bin/../lib/gcc/arm-none-eabi/9.2.1/../../../../arm-none-eabi/lib/thumb/v7-m/nofp\libm.a
LOAD c:/users/administrator/.vscode/extensions/buzzyelectronics.stm-helper-1.2.9/armgcc/bin/../lib/gcc/arm-none-eabi/9.2.1/../../../../arm-none-eabi/lib/thumb/v7-m/nofp\libnosys.a
START GROUP
LOAD c:/users/administrator/.vscode/extensions/buzzyelectronics.stm-helper-1.2.9/armgcc/bin/../lib/gcc/arm-none-eabi/9.2.1/thumb/v7-m/nofp\libgcc.a
LOAD c:/users/administrator/.vscode/extensions/buzzyelectronics.stm-helper-1.2.9/armgcc/bin/../lib/gcc/arm-none-eabi/9.2.1/../../../../arm-none-eabi/lib/thumb/v7-m/nofp\libc_nano.a
END GROUP
START GROUP
LOAD c:/users/administrator/.vscode/extensions/buzzyelectronics.stm-helper-1.2.9/armgcc/bin/../lib/gcc/arm-none-eabi/9.2.1/thumb/v7-m/nofp\libgcc.a
LOAD c:/users/administrator/.vscode/extensions/buzzyelectronics.stm-helper-1.2.9/armgcc/bin/../lib/gcc/arm-none-eabi/9.2.1/../../../../arm-none-eabi/lib/thumb/v7-m/nofp\libc_nano.a
END GROUP
LOAD c:/users/administrator/.vscode/extensions/buzzyelectronics.stm-helper-1.2.9/armgcc/bin/../lib/gcc/arm-none-eabi/9.2.1/thumb/v7-m/nofp/crtend.o
LOAD c:/users/administrator/.vscode/extensions/buzzyelectronics.stm-helper-1.2.9/armgcc/bin/../lib/gcc/arm-none-eabi/9.2.1/thumb/v7-m/nofp/crtn.o
                0x0000000020010000                _estack = 0x20010000
                0x0000000000000200                _Min_Heap_Size = 0x200
                0x0000000000000400                _Min_Stack_Size = 0x400

.isr_vector     0x0000000008000000      0x1e4
                0x0000000008000000                . = ALIGN (0x4)
 *(.isr_vector)
 .isr_vector    0x0000000008000000      0x1e4 build/startup_stm32f103xe.o
                0x0000000008000000                g_pfnVectors
                0x00000000080001e4                . = ALIGN (0x4)

.text           0x00000000080001e4      0xc60
                0x00000000080001e4                . = ALIGN (0x4)
 *(.text)
 *(.text*)
 .text.__do_global_dtors_aux
                0x00000000080001e4       0x24 c:/users/administrator/.vscode/extensions/buzzyelectronics.stm-helper-1.2.9/armgcc/bin/../lib/gcc/arm-none-eabi/9.2.1/thumb/v7-m/nofp/crtbegin.o
 .text.frame_dummy
                0x0000000008000208       0x1c c:/users/administrator/.vscode/extensions/buzzyelectronics.stm-helper-1.2.9/armgcc/bin/../lib/gcc/arm-none-eabi/9.2.1/thumb/v7-m/nofp/crtbegin.o
 .text.SystemClock_Config
                0x0000000008000224       0x44 build/main.o
                0x0000000008000224                SystemClock_Config
 .text.main     0x0000000008000268       0x28 build/main.o
                0x0000000008000268                main
 .text.MX_GPIO_Init
                0x0000000008000290       0xb8 build/gpio.o
                0x0000000008000290                MX_GPIO_Init
 .text.NMI_Handler
                0x0000000008000348        0x2 build/stm32f1xx_it.o
                0x0000000008000348                NMI_Handler
 .text.HardFault_Handler
                0x000000000800034a        0x2 build/stm32f1xx_it.o
                0x000000000800034a                HardFault_Handler
 .text.MemManage_Handler
                0x000000000800034c        0x2 build/stm32f1xx_it.o
                0x000000000800034c                MemManage_Handler
 .text.BusFault_Handler
                0x000000000800034e        0x2 build/stm32f1xx_it.o
                0x000000000800034e                BusFault_Handler
 .text.UsageFault_Handler
                0x0000000008000350        0x2 build/stm32f1xx_it.o
                0x0000000008000350                UsageFault_Handler
 .text.SVC_Handler
                0x0000000008000352        0x2 build/stm32f1xx_it.o
                0x0000000008000352                SVC_Handler
 .text.DebugMon_Handler
                0x0000000008000354        0x2 build/stm32f1xx_it.o
                0x0000000008000354                DebugMon_Handler
 .text.PendSV_Handler
                0x0000000008000356        0x2 build/stm32f1xx_it.o
                0x0000000008000356                PendSV_Handler
 .text.SysTick_Handler
                0x0000000008000358        0x8 build/stm32f1xx_it.o
                0x0000000008000358                SysTick_Handler
 .text.HAL_MspInit
                0x0000000008000360       0x44 build/stm32f1xx_hal_msp.o
                0x0000000008000360                HAL_MspInit
 .text.HAL_InitTick
                0x00000000080003a4       0x4c build/stm32f1xx_hal.o
                0x00000000080003a4                HAL_InitTick
 .text.HAL_Init
                0x00000000080003f0       0x24 build/stm32f1xx_hal.o
                0x00000000080003f0                HAL_Init
 .text.HAL_IncTick
                0x0000000008000414       0x18 build/stm32f1xx_hal.o
                0x0000000008000414                HAL_IncTick
 .text.HAL_GetTick
                0x000000000800042c        0xc build/stm32f1xx_hal.o
                0x000000000800042c                HAL_GetTick
 .text.HAL_Delay
                0x0000000008000438       0x28 build/stm32f1xx_hal.o
                0x0000000008000438                HAL_Delay
 .text.RCC_Delay
                0x0000000008000460       0x2c build/stm32f1xx_hal_rcc.o
 .text.HAL_RCC_OscConfig
                0x000000000800048c      0x410 build/stm32f1xx_hal_rcc.o
                0x000000000800048c                HAL_RCC_OscConfig
 .text.HAL_RCC_GetSysClockFreq
                0x000000000800089c       0x6c build/stm32f1xx_hal_rcc.o
                0x000000000800089c                HAL_RCC_GetSysClockFreq
 .text.HAL_RCC_ClockConfig
                0x0000000008000908      0x16c build/stm32f1xx_hal_rcc.o
                0x0000000008000908                HAL_RCC_ClockConfig
 .text.HAL_GPIO_Init
                0x0000000008000a74      0x238 build/stm32f1xx_hal_gpio.o
                0x0000000008000a74                HAL_GPIO_Init
 .text.HAL_GPIO_WritePin
                0x0000000008000cac        0xc build/stm32f1xx_hal_gpio.o
                0x0000000008000cac                HAL_GPIO_WritePin
 .text.HAL_GPIO_TogglePin
                0x0000000008000cb8       0x12 build/stm32f1xx_hal_gpio.o
                0x0000000008000cb8                HAL_GPIO_TogglePin
 *fill*         0x0000000008000cca        0x2 
 .text.HAL_NVIC_SetPriorityGrouping
                0x0000000008000ccc       0x24 build/stm32f1xx_hal_cortex.o
                0x0000000008000ccc                HAL_NVIC_SetPriorityGrouping
 .text.HAL_NVIC_SetPriority
                0x0000000008000cf0       0x68 build/stm32f1xx_hal_cortex.o
                0x0000000008000cf0                HAL_NVIC_SetPriority
 .text.HAL_SYSTICK_Config
                0x0000000008000d58       0x2c build/stm32f1xx_hal_cortex.o
                0x0000000008000d58                HAL_SYSTICK_Config
 .text.SystemInit
                0x0000000008000d84        0x2 build/system_stm32f1xx.o
                0x0000000008000d84                SystemInit
 *fill*         0x0000000008000d86        0x2 
 .text.Reset_Handler
                0x0000000008000d88       0x48 build/startup_stm32f103xe.o
                0x0000000008000d88                Reset_Handler
 .text.Default_Handler
                0x0000000008000dd0        0x2 build/startup_stm32f103xe.o
                0x0000000008000dd0                RTC_Alarm_IRQHandler
                0x0000000008000dd0                EXTI2_IRQHandler
                0x0000000008000dd0                TIM8_TRG_COM_IRQHandler
                0x0000000008000dd0                TIM8_CC_IRQHandler
                0x0000000008000dd0                TIM1_CC_IRQHandler
                0x0000000008000dd0                TIM6_IRQHandler
                0x0000000008000dd0                PVD_IRQHandler
                0x0000000008000dd0                SDIO_IRQHandler
                0x0000000008000dd0                EXTI3_IRQHandler
                0x0000000008000dd0                EXTI0_IRQHandler
                0x0000000008000dd0                I2C2_EV_IRQHandler
                0x0000000008000dd0                ADC1_2_IRQHandler
                0x0000000008000dd0                SPI1_IRQHandler
                0x0000000008000dd0                TAMPER_IRQHandler
                0x0000000008000dd0                TIM8_UP_IRQHandler
                0x0000000008000dd0                DMA2_Channel2_IRQHandler
                0x0000000008000dd0                DMA1_Channel4_IRQHandler
                0x0000000008000dd0                USART3_IRQHandler
                0x0000000008000dd0                RTC_IRQHandler
                0x0000000008000dd0                DMA1_Channel7_IRQHandler
                0x0000000008000dd0                CAN1_RX1_IRQHandler
                0x0000000008000dd0                UART5_IRQHandler
                0x0000000008000dd0                ADC3_IRQHandler
                0x0000000008000dd0                TIM4_IRQHandler
                0x0000000008000dd0                DMA2_Channel1_IRQHandler
                0x0000000008000dd0                I2C1_EV_IRQHandler
                0x0000000008000dd0                DMA1_Channel6_IRQHandler
                0x0000000008000dd0                UART4_IRQHandler
                0x0000000008000dd0                TIM3_IRQHandler
                0x0000000008000dd0                RCC_IRQHandler
                0x0000000008000dd0                TIM1_TRG_COM_IRQHandler
                0x0000000008000dd0                DMA1_Channel1_IRQHandler
                0x0000000008000dd0                Default_Handler
                0x0000000008000dd0                EXTI15_10_IRQHandler
                0x0000000008000dd0                TIM7_IRQHandler
                0x0000000008000dd0                TIM5_IRQHandler
                0x0000000008000dd0                EXTI9_5_IRQHandler
                0x0000000008000dd0                SPI2_IRQHandler
                0x0000000008000dd0                DMA1_Channel5_IRQHandler
                0x0000000008000dd0                EXTI4_IRQHandler
                0x0000000008000dd0                USB_LP_CAN1_RX0_IRQHandler
                0x0000000008000dd0                USB_HP_CAN1_TX_IRQHandler
                0x0000000008000dd0                DMA1_Channel3_IRQHandler
                0x0000000008000dd0                FSMC_IRQHandler
                0x0000000008000dd0                TIM1_UP_IRQHandler
                0x0000000008000dd0                WWDG_IRQHandler
                0x0000000008000dd0                TIM2_IRQHandler
                0x0000000008000dd0                TIM1_BRK_IRQHandler
                0x0000000008000dd0                EXTI1_IRQHandler
                0x0000000008000dd0                DMA2_Channel4_5_IRQHandler
                0x0000000008000dd0                USART2_IRQHandler
                0x0000000008000dd0                I2C2_ER_IRQHandler
                0x0000000008000dd0                DMA1_Channel2_IRQHandler
                0x0000000008000dd0                TIM8_BRK_IRQHandler
                0x0000000008000dd0                CAN1_SCE_IRQHandler
                0x0000000008000dd0                FLASH_IRQHandler
                0x0000000008000dd0                USART1_IRQHandler
                0x0000000008000dd0                SPI3_IRQHandler
                0x0000000008000dd0                I2C1_ER_IRQHandler
                0x0000000008000dd0                USBWakeUp_IRQHandler
                0x0000000008000dd0                DMA2_Channel3_IRQHandler
 *fill*         0x0000000008000dd2        0x2 
 .text.__libc_init_array
                0x0000000008000dd4       0x48 c:/users/administrator/.vscode/extensions/buzzyelectronics.stm-helper-1.2.9/armgcc/bin/../lib/gcc/arm-none-eabi/9.2.1/../../../../arm-none-eabi/lib/thumb/v7-m/nofp\libc_nano.a(lib_a-init.o)
                0x0000000008000dd4                __libc_init_array
 .text.memset   0x0000000008000e1c       0x10 c:/users/administrator/.vscode/extensions/buzzyelectronics.stm-helper-1.2.9/armgcc/bin/../lib/gcc/arm-none-eabi/9.2.1/../../../../arm-none-eabi/lib/thumb/v7-m/nofp\libc_nano.a(lib_a-memset.o)
                0x0000000008000e1c                memset
 *(.glue_7)
 .glue_7        0x0000000008000e2c        0x0 linker stubs
 *(.glue_7t)
 .glue_7t       0x0000000008000e2c        0x0 linker stubs
 *(.eh_frame)
 .eh_frame      0x0000000008000e2c        0x0 c:/users/administrator/.vscode/extensions/buzzyelectronics.stm-helper-1.2.9/armgcc/bin/../lib/gcc/arm-none-eabi/9.2.1/thumb/v7-m/nofp/crtbegin.o
 *(.init)
 .init          0x0000000008000e2c        0x4 c:/users/administrator/.vscode/extensions/buzzyelectronics.stm-helper-1.2.9/armgcc/bin/../lib/gcc/arm-none-eabi/9.2.1/thumb/v7-m/nofp/crti.o
                0x0000000008000e2c                _init
 .init          0x0000000008000e30        0x8 c:/users/administrator/.vscode/extensions/buzzyelectronics.stm-helper-1.2.9/armgcc/bin/../lib/gcc/arm-none-eabi/9.2.1/thumb/v7-m/nofp/crtn.o
 *(.fini)
 .fini          0x0000000008000e38        0x4 c:/users/administrator/.vscode/extensions/buzzyelectronics.stm-helper-1.2.9/armgcc/bin/../lib/gcc/arm-none-eabi/9.2.1/thumb/v7-m/nofp/crti.o
                0x0000000008000e38                _fini
 .fini          0x0000000008000e3c        0x8 c:/users/administrator/.vscode/extensions/buzzyelectronics.stm-helper-1.2.9/armgcc/bin/../lib/gcc/arm-none-eabi/9.2.1/thumb/v7-m/nofp/crtn.o
                0x0000000008000e44                . = ALIGN (0x4)
                0x0000000008000e44                _etext = .

.vfp11_veneer   0x0000000008000e44        0x0
 .vfp11_veneer  0x0000000008000e44        0x0 linker stubs

.v4_bx          0x0000000008000e44        0x0
 .v4_bx         0x0000000008000e44        0x0 linker stubs

.iplt           0x0000000008000e44        0x0
 .iplt          0x0000000008000e44        0x0 c:/users/administrator/.vscode/extensions/buzzyelectronics.stm-helper-1.2.9/armgcc/bin/../lib/gcc/arm-none-eabi/9.2.1/thumb/v7-m/nofp/crtbegin.o

.rodata         0x0000000008000e44       0x24
                0x0000000008000e44                . = ALIGN (0x4)
 *(.rodata)
 *(.rodata*)
 .rodata.HAL_RCC_GetSysClockFreq.str1.4
                0x0000000008000e44       0x11 build/stm32f1xx_hal_rcc.o
 *fill*         0x0000000008000e55        0x3 
 .rodata.AHBPrescTable
                0x0000000008000e58       0x10 build/system_stm32f1xx.o
                0x0000000008000e58                AHBPrescTable
                0x0000000008000e68                . = ALIGN (0x4)

.rel.dyn        0x0000000008000e68        0x0
 .rel.iplt      0x0000000008000e68        0x0 c:/users/administrator/.vscode/extensions/buzzyelectronics.stm-helper-1.2.9/armgcc/bin/../lib/gcc/arm-none-eabi/9.2.1/thumb/v7-m/nofp/crtbegin.o

.ARM.extab
 *(.ARM.extab* .gnu.linkonce.armextab.*)

.ARM            0x0000000008000e68        0x0
                0x0000000008000e68                __exidx_start = .
 *(.ARM.exidx*)
                0x0000000008000e68                __exidx_end = .

.preinit_array  0x0000000008000e68        0x0
                0x0000000008000e68                PROVIDE (__preinit_array_start = .)
 *(.preinit_array*)
                0x0000000008000e68                PROVIDE (__preinit_array_end = .)

.init_array     0x0000000008000e68        0x4
                0x0000000008000e68                PROVIDE (__init_array_start = .)
 *(SORT_BY_NAME(.init_array.*))
 *(.init_array*)
 .init_array    0x0000000008000e68        0x4 c:/users/administrator/.vscode/extensions/buzzyelectronics.stm-helper-1.2.9/armgcc/bin/../lib/gcc/arm-none-eabi/9.2.1/thumb/v7-m/nofp/crtbegin.o
                0x0000000008000e6c                PROVIDE (__init_array_end = .)

.fini_array     0x0000000008000e6c        0x4
                [!provide]                        PROVIDE (__fini_array_start = .)
 *(SORT_BY_NAME(.fini_array.*))
 *(.fini_array*)
 .fini_array    0x0000000008000e6c        0x4 c:/users/administrator/.vscode/extensions/buzzyelectronics.stm-helper-1.2.9/armgcc/bin/../lib/gcc/arm-none-eabi/9.2.1/thumb/v7-m/nofp/crtbegin.o
                [!provide]                        PROVIDE (__fini_array_end = .)
                0x0000000008000e70                _sidata = LOADADDR (.data)

.data           0x0000000020000000        0xc load address 0x0000000008000e70
                0x0000000020000000                . = ALIGN (0x4)
                0x0000000020000000                _sdata = .
 *(.data)
 *(.data*)
 .data.uwTickFreq
                0x0000000020000000        0x1 build/stm32f1xx_hal.o
                0x0000000020000000                uwTickFreq
 *fill*         0x0000000020000001        0x3 
 .data.uwTickPrio
                0x0000000020000004        0x4 build/stm32f1xx_hal.o
                0x0000000020000004                uwTickPrio
 .data.SystemCoreClock
                0x0000000020000008        0x4 build/system_stm32f1xx.o
                0x0000000020000008                SystemCoreClock
                0x000000002000000c                . = ALIGN (0x4)
                0x000000002000000c                _edata = .

.igot.plt       0x000000002000000c        0x0 load address 0x0000000008000e7c
 .igot.plt      0x000000002000000c        0x0 c:/users/administrator/.vscode/extensions/buzzyelectronics.stm-helper-1.2.9/armgcc/bin/../lib/gcc/arm-none-eabi/9.2.1/thumb/v7-m/nofp/crtbegin.o
                0x000000002000000c                . = ALIGN (0x4)

.bss            0x000000002000000c       0x20 load address 0x0000000008000e7c
                0x000000002000000c                _sbss = .
                0x000000002000000c                __bss_start__ = _sbss
 *(.bss)
 *(.bss*)
 .bss.completed.8911
                0x000000002000000c        0x1 c:/users/administrator/.vscode/extensions/buzzyelectronics.stm-helper-1.2.9/armgcc/bin/../lib/gcc/arm-none-eabi/9.2.1/thumb/v7-m/nofp/crtbegin.o
 *fill*         0x000000002000000d        0x3 
 .bss.object.8916
                0x0000000020000010       0x18 c:/users/administrator/.vscode/extensions/buzzyelectronics.stm-helper-1.2.9/armgcc/bin/../lib/gcc/arm-none-eabi/9.2.1/thumb/v7-m/nofp/crtbegin.o
 *(COMMON)
 COMMON         0x0000000020000028        0x4 build/stm32f1xx_hal.o
                0x0000000020000028                uwTick
                0x000000002000002c                . = ALIGN (0x4)
                0x000000002000002c                _ebss = .
                0x000000002000002c                __bss_end__ = _ebss

._user_heap_stack
                0x000000002000002c      0x604 load address 0x0000000008000e7c
                0x0000000020000030                . = ALIGN (0x8)
 *fill*         0x000000002000002c        0x4 
                [!provide]                        PROVIDE (end = .)
                [!provide]                        PROVIDE (_end = .)
                0x0000000020000230                . = (. + _Min_Heap_Size)
 *fill*         0x0000000020000030      0x200 
                0x0000000020000630                . = (. + _Min_Stack_Size)
 *fill*         0x0000000020000230      0x400 
                0x0000000020000630                . = ALIGN (0x8)

/DISCARD/
 libc.a(*)
 libm.a(*)
 libgcc.a(*)

.ARM.attributes
                0x0000000000000000       0x29
 *(.ARM.attributes)
 .ARM.attributes
                0x0000000000000000       0x1d c:/users/administrator/.vscode/extensions/buzzyelectronics.stm-helper-1.2.9/armgcc/bin/../lib/gcc/arm-none-eabi/9.2.1/thumb/v7-m/nofp/crti.o
 .ARM.attributes
                0x000000000000001d       0x2d c:/users/administrator/.vscode/extensions/buzzyelectronics.stm-helper-1.2.9/armgcc/bin/../lib/gcc/arm-none-eabi/9.2.1/thumb/v7-m/nofp/crtbegin.o
 .ARM.attributes
                0x000000000000004a       0x2d build/main.o
 .ARM.attributes
                0x0000000000000077       0x2d build/gpio.o
 .ARM.attributes
                0x00000000000000a4       0x2d build/stm32f1xx_it.o
 .ARM.attributes
                0x00000000000000d1       0x2d build/stm32f1xx_hal_msp.o
 .ARM.attributes
                0x00000000000000fe       0x2d build/stm32f1xx_hal.o
 .ARM.attributes
                0x000000000000012b       0x2d build/stm32f1xx_hal_rcc.o
 .ARM.attributes
                0x0000000000000158       0x2d build/stm32f1xx_hal_gpio.o
 .ARM.attributes
                0x0000000000000185       0x2d build/stm32f1xx_hal_cortex.o
 .ARM.attributes
                0x00000000000001b2       0x2d build/system_stm32f1xx.o
 .ARM.attributes
                0x00000000000001df       0x21 build/startup_stm32f103xe.o
 .ARM.attributes
                0x0000000000000200       0x2d c:/users/administrator/.vscode/extensions/buzzyelectronics.stm-helper-1.2.9/armgcc/bin/../lib/gcc/arm-none-eabi/9.2.1/../../../../arm-none-eabi/lib/thumb/v7-m/nofp\libc_nano.a(lib_a-init.o)
 .ARM.attributes
                0x000000000000022d       0x2d c:/users/administrator/.vscode/extensions/buzzyelectronics.stm-helper-1.2.9/armgcc/bin/../lib/gcc/arm-none-eabi/9.2.1/../../../../arm-none-eabi/lib/thumb/v7-m/nofp\libc_nano.a(lib_a-memset.o)
 .ARM.attributes
                0x000000000000025a       0x1d c:/users/administrator/.vscode/extensions/buzzyelectronics.stm-helper-1.2.9/armgcc/bin/../lib/gcc/arm-none-eabi/9.2.1/thumb/v7-m/nofp/crtn.o
OUTPUT(build/zet6net.elf elf32-littlearm)

.debug_info     0x0000000000000000     0x3e07
 .debug_info    0x0000000000000000      0x4f3 build/main.o
 .debug_info    0x00000000000004f3      0x478 build/gpio.o
 .debug_info    0x000000000000096b      0x272 build/stm32f1xx_it.o
 .debug_info    0x0000000000000bdd      0x332 build/stm32f1xx_hal_msp.o
 .debug_info    0x0000000000000f0f      0x94a build/stm32f1xx_hal.o
 .debug_info    0x0000000000001859      0xb67 build/stm32f1xx_hal_rcc.o
 .debug_info    0x00000000000023c0      0x7d1 build/stm32f1xx_hal_gpio.o
 .debug_info    0x0000000000002b91      0xf5d build/stm32f1xx_hal_cortex.o
 .debug_info    0x0000000000003aee      0x2f7 build/system_stm32f1xx.o
 .debug_info    0x0000000000003de5       0x22 build/startup_stm32f103xe.o

.debug_abbrev   0x0000000000000000     0x1167
 .debug_abbrev  0x0000000000000000      0x1cb build/main.o
 .debug_abbrev  0x00000000000001cb      0x17e build/gpio.o
 .debug_abbrev  0x0000000000000349       0xf2 build/stm32f1xx_it.o
 .debug_abbrev  0x000000000000043b      0x130 build/stm32f1xx_hal_msp.o
 .debug_abbrev  0x000000000000056b      0x21c build/stm32f1xx_hal.o
 .debug_abbrev  0x0000000000000787      0x2ad build/stm32f1xx_hal_rcc.o
 .debug_abbrev  0x0000000000000a34      0x24f build/stm32f1xx_hal_gpio.o
 .debug_abbrev  0x0000000000000c83      0x37f build/stm32f1xx_hal_cortex.o
 .debug_abbrev  0x0000000000001002      0x153 build/system_stm32f1xx.o
 .debug_abbrev  0x0000000000001155       0x12 build/startup_stm32f103xe.o

.debug_loc      0x0000000000000000     0x187c
 .debug_loc     0x0000000000000000       0x59 build/main.o
 .debug_loc     0x0000000000000059       0x38 build/gpio.o
 .debug_loc     0x0000000000000091       0x20 build/stm32f1xx_it.o
 .debug_loc     0x00000000000000b1       0x41 build/stm32f1xx_hal_msp.o
 .debug_loc     0x00000000000000f2      0x1e1 build/stm32f1xx_hal.o
 .debug_loc     0x00000000000002d3      0x7c0 build/stm32f1xx_hal_rcc.o
 .debug_loc     0x0000000000000a93      0x53b build/stm32f1xx_hal_gpio.o
 .debug_loc     0x0000000000000fce      0x7af build/stm32f1xx_hal_cortex.o
 .debug_loc     0x000000000000177d       0xff build/system_stm32f1xx.o

.debug_aranges  0x0000000000000000      0x378
 .debug_aranges
                0x0000000000000000       0x30 build/main.o
 .debug_aranges
                0x0000000000000030       0x20 build/gpio.o
 .debug_aranges
                0x0000000000000050       0x60 build/stm32f1xx_it.o
 .debug_aranges
                0x00000000000000b0       0x20 build/stm32f1xx_hal_msp.o
 .debug_aranges
                0x00000000000000d0       0xe0 build/stm32f1xx_hal.o
 .debug_aranges
                0x00000000000001b0       0x90 build/stm32f1xx_hal_rcc.o
 .debug_aranges
                0x0000000000000240       0x58 build/stm32f1xx_hal_gpio.o
 .debug_aranges
                0x0000000000000298       0x90 build/stm32f1xx_hal_cortex.o
 .debug_aranges
                0x0000000000000328       0x28 build/system_stm32f1xx.o
 .debug_aranges
                0x0000000000000350       0x28 build/startup_stm32f103xe.o

.debug_ranges   0x0000000000000000      0x360
 .debug_ranges  0x0000000000000000       0x20 build/main.o
 .debug_ranges  0x0000000000000020       0x10 build/gpio.o
 .debug_ranges  0x0000000000000030       0x50 build/stm32f1xx_it.o
 .debug_ranges  0x0000000000000080       0x10 build/stm32f1xx_hal_msp.o
 .debug_ranges  0x0000000000000090       0xd0 build/stm32f1xx_hal.o
 .debug_ranges  0x0000000000000160       0xa0 build/stm32f1xx_hal_rcc.o
 .debug_ranges  0x0000000000000200       0x48 build/stm32f1xx_hal_gpio.o
 .debug_ranges  0x0000000000000248       0xe0 build/stm32f1xx_hal_cortex.o
 .debug_ranges  0x0000000000000328       0x18 build/system_stm32f1xx.o
 .debug_ranges  0x0000000000000340       0x20 build/startup_stm32f103xe.o

.debug_line     0x0000000000000000     0x2c77
 .debug_line    0x0000000000000000      0x310 build/main.o
 .debug_line    0x0000000000000310      0x28e build/gpio.o
 .debug_line    0x000000000000059e      0x2c8 build/stm32f1xx_it.o
 .debug_line    0x0000000000000866      0x20f build/stm32f1xx_hal_msp.o
 .debug_line    0x0000000000000a75      0x552 build/stm32f1xx_hal.o
 .debug_line    0x0000000000000fc7      0xc6f build/stm32f1xx_hal_rcc.o
 .debug_line    0x0000000000001c36      0x665 build/stm32f1xx_hal_gpio.o
 .debug_line    0x000000000000229b      0x6a8 build/stm32f1xx_hal_cortex.o
 .debug_line    0x0000000000002943      0x2c2 build/system_stm32f1xx.o
 .debug_line    0x0000000000002c05       0x72 build/startup_stm32f103xe.o

.debug_str      0x0000000000000000     0x1335
 .debug_str     0x0000000000000000      0x3ee build/main.o
                                        0x44b (size before relaxing)
 .debug_str     0x00000000000003ee       0xbe build/gpio.o
                                        0x33e (size before relaxing)
 .debug_str     0x00000000000004ac       0xb4 build/stm32f1xx_it.o
                                        0x2f7 (size before relaxing)
 .debug_str     0x0000000000000560       0x57 build/stm32f1xx_hal_msp.o
                                        0x2e0 (size before relaxing)
 .debug_str     0x00000000000005b7      0x64e build/stm32f1xx_hal.o
                                        0x938 (size before relaxing)
 .debug_str     0x0000000000000c05      0x1f1 build/stm32f1xx_hal_rcc.o
                                        0x6a3 (size before relaxing)
 .debug_str     0x0000000000000df6      0x114 build/stm32f1xx_hal_gpio.o
                                        0x4c1 (size before relaxing)
 .debug_str     0x0000000000000f0a      0x3b8 build/stm32f1xx_hal_cortex.o
                                        0xa54 (size before relaxing)
 .debug_str     0x00000000000012c2       0x4f build/system_stm32f1xx.o
                                        0x2d7 (size before relaxing)
 .debug_str     0x0000000000001311       0x24 build/startup_stm32f103xe.o
                                         0x34 (size before relaxing)

.comment        0x0000000000000000       0x66
 .comment       0x0000000000000000       0x66 build/main.o
                                         0x67 (size before relaxing)
 .comment       0x0000000000000066       0x67 build/gpio.o
 .comment       0x0000000000000066       0x67 build/stm32f1xx_it.o
 .comment       0x0000000000000066       0x67 build/stm32f1xx_hal_msp.o
 .comment       0x0000000000000066       0x67 build/stm32f1xx_hal.o
 .comment       0x0000000000000066       0x67 build/stm32f1xx_hal_rcc.o
 .comment       0x0000000000000066       0x67 build/stm32f1xx_hal_gpio.o
 .comment       0x0000000000000066       0x67 build/stm32f1xx_hal_cortex.o
 .comment       0x0000000000000066       0x67 build/system_stm32f1xx.o

.debug_frame    0x0000000000000000      0x7c8
 .debug_frame   0x0000000000000000       0x5c build/main.o
 .debug_frame   0x000000000000005c       0x3c build/gpio.o
 .debug_frame   0x0000000000000098       0xac build/stm32f1xx_it.o
 .debug_frame   0x0000000000000144       0x28 build/stm32f1xx_hal_msp.o
 .debug_frame   0x000000000000016c      0x1e0 build/stm32f1xx_hal.o
 .debug_frame   0x000000000000034c      0x1c0 build/stm32f1xx_hal_rcc.o
 .debug_frame   0x000000000000050c      0x104 build/stm32f1xx_hal_gpio.o
 .debug_frame   0x0000000000000610      0x13c build/stm32f1xx_hal_cortex.o
 .debug_frame   0x000000000000074c       0x30 build/system_stm32f1xx.o
 .debug_frame   0x000000000000077c       0x2c c:/users/administrator/.vscode/extensions/buzzyelectronics.stm-helper-1.2.9/armgcc/bin/../lib/gcc/arm-none-eabi/9.2.1/../../../../arm-none-eabi/lib/thumb/v7-m/nofp\libc_nano.a(lib_a-init.o)
 .debug_frame   0x00000000000007a8       0x20 c:/users/administrator/.vscode/extensions/buzzyelectronics.stm-helper-1.2.9/armgcc/bin/../lib/gcc/arm-none-eabi/9.2.1/../../../../arm-none-eabi/lib/thumb/v7-m/nofp\libc_nano.a(lib_a-memset.o)

Cross Reference Table

Symbol                                            File
ADC1_2_IRQHandler                                 build/startup_stm32f103xe.o
ADC3_IRQHandler                                   build/startup_stm32f103xe.o
AHBPrescTable                                     build/system_stm32f1xx.o
                                                  build/stm32f1xx_hal_rcc.o
APBPrescTable                                     build/system_stm32f1xx.o
                                                  build/stm32f1xx_hal_rcc.o
BusFault_Handler                                  build/stm32f1xx_it.o
CAN1_RX1_IRQHandler                               build/startup_stm32f103xe.o
CAN1_SCE_IRQHandler                               build/startup_stm32f103xe.o
DMA1_Channel1_IRQHandler                          build/startup_stm32f103xe.o
DMA1_Channel2_IRQHandler                          build/startup_stm32f103xe.o
DMA1_Channel3_IRQHandler                          build/startup_stm32f103xe.o
DMA1_Channel4_IRQHandler                          build/startup_stm32f103xe.o
DMA1_Channel5_IRQHandler                          build/startup_stm32f103xe.o
DMA1_Channel6_IRQHandler                          build/startup_stm32f103xe.o
DMA1_Channel7_IRQHandler                          build/startup_stm32f103xe.o
DMA2_Channel1_IRQHandler                          build/startup_stm32f103xe.o
DMA2_Channel2_IRQHandler                          build/startup_stm32f103xe.o
DMA2_Channel3_IRQHandler                          build/startup_stm32f103xe.o
DMA2_Channel4_5_IRQHandler                        build/startup_stm32f103xe.o
DebugMon_Handler                                  build/stm32f1xx_it.o
Default_Handler                                   build/startup_stm32f103xe.o
EXTI0_IRQHandler                                  build/startup_stm32f103xe.o
EXTI15_10_IRQHandler                              build/startup_stm32f103xe.o
EXTI1_IRQHandler                                  build/startup_stm32f103xe.o
EXTI2_IRQHandler                                  build/startup_stm32f103xe.o
EXTI3_IRQHandler                                  build/startup_stm32f103xe.o
EXTI4_IRQHandler                                  build/startup_stm32f103xe.o
EXTI9_5_IRQHandler                                build/startup_stm32f103xe.o
Error_Handler                                     build/main.o
FLASH_IRQHandler                                  build/startup_stm32f103xe.o
FLASH_PageErase                                   build/stm32f1xx_hal_flash_ex.o
                                                  build/stm32f1xx_hal_flash.o
FLASH_WaitForLastOperation                        build/stm32f1xx_hal_flash.o
                                                  build/stm32f1xx_hal_flash_ex.o
FSMC_IRQHandler                                   build/startup_stm32f103xe.o
HAL_DBGMCU_DisableDBGSleepMode                    build/stm32f1xx_hal.o
HAL_DBGMCU_DisableDBGStandbyMode                  build/stm32f1xx_hal.o
HAL_DBGMCU_DisableDBGStopMode                     build/stm32f1xx_hal.o
HAL_DBGMCU_EnableDBGSleepMode                     build/stm32f1xx_hal.o
HAL_DBGMCU_EnableDBGStandbyMode                   build/stm32f1xx_hal.o
HAL_DBGMCU_EnableDBGStopMode                      build/stm32f1xx_hal.o
HAL_DMA_Abort                                     build/stm32f1xx_hal_dma.o
HAL_DMA_Abort_IT                                  build/stm32f1xx_hal_dma.o
HAL_DMA_DeInit                                    build/stm32f1xx_hal_dma.o
HAL_DMA_GetError                                  build/stm32f1xx_hal_dma.o
HAL_DMA_GetState                                  build/stm32f1xx_hal_dma.o
HAL_DMA_IRQHandler                                build/stm32f1xx_hal_dma.o
HAL_DMA_Init                                      build/stm32f1xx_hal_dma.o
HAL_DMA_PollForTransfer                           build/stm32f1xx_hal_dma.o
HAL_DMA_RegisterCallback                          build/stm32f1xx_hal_dma.o
HAL_DMA_Start                                     build/stm32f1xx_hal_dma.o
HAL_DMA_Start_IT                                  build/stm32f1xx_hal_dma.o
HAL_DMA_UnRegisterCallback                        build/stm32f1xx_hal_dma.o
HAL_DeInit                                        build/stm32f1xx_hal.o
HAL_Delay                                         build/stm32f1xx_hal.o
                                                  build/main.o
HAL_EXTI_ClearConfigLine                          build/stm32f1xx_hal_exti.o
HAL_EXTI_ClearPending                             build/stm32f1xx_hal_exti.o
HAL_EXTI_GenerateSWI                              build/stm32f1xx_hal_exti.o
HAL_EXTI_GetConfigLine                            build/stm32f1xx_hal_exti.o
HAL_EXTI_GetHandle                                build/stm32f1xx_hal_exti.o
HAL_EXTI_GetPending                               build/stm32f1xx_hal_exti.o
HAL_EXTI_IRQHandler                               build/stm32f1xx_hal_exti.o
HAL_EXTI_RegisterCallback                         build/stm32f1xx_hal_exti.o
HAL_EXTI_SetConfigLine                            build/stm32f1xx_hal_exti.o
HAL_FLASHEx_Erase                                 build/stm32f1xx_hal_flash_ex.o
HAL_FLASHEx_Erase_IT                              build/stm32f1xx_hal_flash_ex.o
HAL_FLASHEx_OBErase                               build/stm32f1xx_hal_flash_ex.o
HAL_FLASHEx_OBGetConfig                           build/stm32f1xx_hal_flash_ex.o
HAL_FLASHEx_OBGetUserData                         build/stm32f1xx_hal_flash_ex.o
HAL_FLASHEx_OBProgram                             build/stm32f1xx_hal_flash_ex.o
HAL_FLASH_EndOfOperationCallback                  build/stm32f1xx_hal_flash.o
HAL_FLASH_GetError                                build/stm32f1xx_hal_flash.o
HAL_FLASH_IRQHandler                              build/stm32f1xx_hal_flash.o
HAL_FLASH_Lock                                    build/stm32f1xx_hal_flash.o
HAL_FLASH_OB_Launch                               build/stm32f1xx_hal_flash.o
HAL_FLASH_OB_Lock                                 build/stm32f1xx_hal_flash.o
HAL_FLASH_OB_Unlock                               build/stm32f1xx_hal_flash.o
HAL_FLASH_OperationErrorCallback                  build/stm32f1xx_hal_flash.o
HAL_FLASH_Program                                 build/stm32f1xx_hal_flash.o
HAL_FLASH_Program_IT                              build/stm32f1xx_hal_flash.o
HAL_FLASH_Unlock                                  build/stm32f1xx_hal_flash.o
HAL_GPIOEx_ConfigEventout                         build/stm32f1xx_hal_gpio_ex.o
HAL_GPIOEx_DisableEventout                        build/stm32f1xx_hal_gpio_ex.o
HAL_GPIOEx_EnableEventout                         build/stm32f1xx_hal_gpio_ex.o
HAL_GPIO_DeInit                                   build/stm32f1xx_hal_gpio.o
HAL_GPIO_EXTI_Callback                            build/stm32f1xx_hal_gpio.o
HAL_GPIO_EXTI_IRQHandler                          build/stm32f1xx_hal_gpio.o
HAL_GPIO_Init                                     build/stm32f1xx_hal_gpio.o
                                                  build/stm32f1xx_hal_rcc.o
                                                  build/gpio.o
HAL_GPIO_LockPin                                  build/stm32f1xx_hal_gpio.o
HAL_GPIO_ReadPin                                  build/stm32f1xx_hal_gpio.o
HAL_GPIO_TogglePin                                build/stm32f1xx_hal_gpio.o
                                                  build/main.o
HAL_GPIO_WritePin                                 build/stm32f1xx_hal_gpio.o
                                                  build/gpio.o
HAL_GetDEVID                                      build/stm32f1xx_hal.o
HAL_GetHalVersion                                 build/stm32f1xx_hal.o
HAL_GetREVID                                      build/stm32f1xx_hal.o
HAL_GetTick                                       build/stm32f1xx_hal.o
                                                  build/stm32f1xx_hal_flash.o
                                                  build/stm32f1xx_hal_dma.o
                                                  build/stm32f1xx_hal_rcc_ex.o
                                                  build/stm32f1xx_hal_rcc.o
HAL_GetTickFreq                                   build/stm32f1xx_hal.o
HAL_GetTickPrio                                   build/stm32f1xx_hal.o
HAL_GetUIDw0                                      build/stm32f1xx_hal.o
HAL_GetUIDw1                                      build/stm32f1xx_hal.o
HAL_GetUIDw2                                      build/stm32f1xx_hal.o
HAL_IncTick                                       build/stm32f1xx_hal.o
                                                  build/stm32f1xx_it.o
HAL_Init                                          build/stm32f1xx_hal.o
                                                  build/main.o
HAL_InitTick                                      build/stm32f1xx_hal.o
                                                  build/stm32f1xx_hal_rcc.o
HAL_MspDeInit                                     build/stm32f1xx_hal.o
HAL_MspInit                                       build/stm32f1xx_hal_msp.o
HAL_NVIC_ClearPendingIRQ                          build/stm32f1xx_hal_cortex.o
HAL_NVIC_DisableIRQ                               build/stm32f1xx_hal_cortex.o
HAL_NVIC_EnableIRQ                                build/stm32f1xx_hal_cortex.o
HAL_NVIC_GetActive                                build/stm32f1xx_hal_cortex.o
HAL_NVIC_GetPendingIRQ                            build/stm32f1xx_hal_cortex.o
HAL_NVIC_GetPriority                              build/stm32f1xx_hal_cortex.o
HAL_NVIC_GetPriorityGrouping                      build/stm32f1xx_hal_cortex.o
HAL_NVIC_SetPendingIRQ                            build/stm32f1xx_hal_cortex.o
HAL_NVIC_SetPriority                              build/stm32f1xx_hal_cortex.o
                                                  build/stm32f1xx_hal.o
HAL_NVIC_SetPriorityGrouping                      build/stm32f1xx_hal_cortex.o
                                                  build/stm32f1xx_hal.o
HAL_NVIC_SystemReset                              build/stm32f1xx_hal_cortex.o
                                                  build/stm32f1xx_hal_flash.o
HAL_PWR_ConfigPVD                                 build/stm32f1xx_hal_pwr.o
HAL_PWR_DeInit                                    build/stm32f1xx_hal_pwr.o
HAL_PWR_DisableBkUpAccess                         build/stm32f1xx_hal_pwr.o
HAL_PWR_DisablePVD                                build/stm32f1xx_hal_pwr.o
HAL_PWR_DisableSEVOnPend                          build/stm32f1xx_hal_pwr.o
HAL_PWR_DisableSleepOnExit                        build/stm32f1xx_hal_pwr.o
HAL_PWR_DisableWakeUpPin                          build/stm32f1xx_hal_pwr.o
HAL_PWR_EnableBkUpAccess                          build/stm32f1xx_hal_pwr.o
HAL_PWR_EnablePVD                                 build/stm32f1xx_hal_pwr.o
HAL_PWR_EnableSEVOnPend                           build/stm32f1xx_hal_pwr.o
HAL_PWR_EnableSleepOnExit                         build/stm32f1xx_hal_pwr.o
HAL_PWR_EnableWakeUpPin                           build/stm32f1xx_hal_pwr.o
HAL_PWR_EnterSLEEPMode                            build/stm32f1xx_hal_pwr.o
HAL_PWR_EnterSTANDBYMode                          build/stm32f1xx_hal_pwr.o
HAL_PWR_EnterSTOPMode                             build/stm32f1xx_hal_pwr.o
HAL_PWR_PVDCallback                               build/stm32f1xx_hal_pwr.o
HAL_PWR_PVD_IRQHandler                            build/stm32f1xx_hal_pwr.o
HAL_RCCEx_GetPeriphCLKConfig                      build/stm32f1xx_hal_rcc_ex.o
HAL_RCCEx_GetPeriphCLKFreq                        build/stm32f1xx_hal_rcc_ex.o
HAL_RCCEx_PeriphCLKConfig                         build/stm32f1xx_hal_rcc_ex.o
HAL_RCC_CSSCallback                               build/stm32f1xx_hal_rcc.o
HAL_RCC_ClockConfig                               build/stm32f1xx_hal_rcc.o
                                                  build/main.o
HAL_RCC_DeInit                                    build/stm32f1xx_hal_rcc.o
HAL_RCC_DisableCSS                                build/stm32f1xx_hal_rcc.o
HAL_RCC_EnableCSS                                 build/stm32f1xx_hal_rcc.o
HAL_RCC_GetClockConfig                            build/stm32f1xx_hal_rcc.o
HAL_RCC_GetHCLKFreq                               build/stm32f1xx_hal_rcc.o
HAL_RCC_GetOscConfig                              build/stm32f1xx_hal_rcc.o
HAL_RCC_GetPCLK1Freq                              build/stm32f1xx_hal_rcc.o
HAL_RCC_GetPCLK2Freq                              build/stm32f1xx_hal_rcc.o
                                                  build/stm32f1xx_hal_rcc_ex.o
HAL_RCC_GetSysClockFreq                           build/stm32f1xx_hal_rcc.o
                                                  build/stm32f1xx_hal_rcc_ex.o
HAL_RCC_MCOConfig                                 build/stm32f1xx_hal_rcc.o
HAL_RCC_NMI_IRQHandler                            build/stm32f1xx_hal_rcc.o
HAL_RCC_OscConfig                                 build/stm32f1xx_hal_rcc.o
                                                  build/main.o
HAL_ResumeTick                                    build/stm32f1xx_hal.o
HAL_SYSTICK_CLKSourceConfig                       build/stm32f1xx_hal_cortex.o
HAL_SYSTICK_Callback                              build/stm32f1xx_hal_cortex.o
HAL_SYSTICK_Config                                build/stm32f1xx_hal_cortex.o
                                                  build/stm32f1xx_hal.o
HAL_SYSTICK_IRQHandler                            build/stm32f1xx_hal_cortex.o
HAL_SetTickFreq                                   build/stm32f1xx_hal.o
HAL_SuspendTick                                   build/stm32f1xx_hal.o
HardFault_Handler                                 build/stm32f1xx_it.o
I2C1_ER_IRQHandler                                build/startup_stm32f103xe.o
I2C1_EV_IRQHandler                                build/startup_stm32f103xe.o
I2C2_ER_IRQHandler                                build/startup_stm32f103xe.o
I2C2_EV_IRQHandler                                build/startup_stm32f103xe.o
MX_GPIO_Init                                      build/gpio.o
                                                  build/main.o
MemManage_Handler                                 build/stm32f1xx_it.o
NMI_Handler                                       build/stm32f1xx_it.o
PVD_IRQHandler                                    build/startup_stm32f103xe.o
PendSV_Handler                                    build/stm32f1xx_it.o
RCC_IRQHandler                                    build/startup_stm32f103xe.o
RTC_Alarm_IRQHandler                              build/startup_stm32f103xe.o
RTC_IRQHandler                                    build/startup_stm32f103xe.o
Reset_Handler                                     build/startup_stm32f103xe.o
SDIO_IRQHandler                                   build/startup_stm32f103xe.o
SPI1_IRQHandler                                   build/startup_stm32f103xe.o
SPI2_IRQHandler                                   build/startup_stm32f103xe.o
SPI3_IRQHandler                                   build/startup_stm32f103xe.o
SVC_Handler                                       build/stm32f1xx_it.o
SysTick_Handler                                   build/stm32f1xx_it.o
SystemClock_Config                                build/main.o
SystemCoreClock                                   build/system_stm32f1xx.o
                                                  build/stm32f1xx_hal_rcc.o
                                                  build/stm32f1xx_hal.o
SystemCoreClockUpdate                             build/system_stm32f1xx.o
SystemInit                                        build/system_stm32f1xx.o
                                                  build/startup_stm32f103xe.o
TAMPER_IRQHandler                                 build/startup_stm32f103xe.o
TIM1_BRK_IRQHandler                               build/startup_stm32f103xe.o
TIM1_CC_IRQHandler                                build/startup_stm32f103xe.o
TIM1_TRG_COM_IRQHandler                           build/startup_stm32f103xe.o
TIM1_UP_IRQHandler                                build/startup_stm32f103xe.o
TIM2_IRQHandler                                   build/startup_stm32f103xe.o
TIM3_IRQHandler                                   build/startup_stm32f103xe.o
TIM4_IRQHandler                                   build/startup_stm32f103xe.o
TIM5_IRQHandler                                   build/startup_stm32f103xe.o
TIM6_IRQHandler                                   build/startup_stm32f103xe.o
TIM7_IRQHandler                                   build/startup_stm32f103xe.o
TIM8_BRK_IRQHandler                               build/startup_stm32f103xe.o
TIM8_CC_IRQHandler                                build/startup_stm32f103xe.o
TIM8_TRG_COM_IRQHandler                           build/startup_stm32f103xe.o
TIM8_UP_IRQHandler                                build/startup_stm32f103xe.o
UART4_IRQHandler                                  build/startup_stm32f103xe.o
UART5_IRQHandler                                  build/startup_stm32f103xe.o
USART1_IRQHandler                                 build/startup_stm32f103xe.o
USART2_IRQHandler                                 build/startup_stm32f103xe.o
USART3_IRQHandler                                 build/startup_stm32f103xe.o
USBWakeUp_IRQHandler                              build/startup_stm32f103xe.o
USB_HP_CAN1_TX_IRQHandler                         build/startup_stm32f103xe.o
USB_LP_CAN1_RX0_IRQHandler                        build/startup_stm32f103xe.o
UsageFault_Handler                                build/stm32f1xx_it.o
WWDG_IRQHandler                                   build/startup_stm32f103xe.o
__bss_end__                                       c:/users/administrator/.vscode/extensions/buzzyelectronics.stm-helper-1.2.9/armgcc/bin/../lib/gcc/arm-none-eabi/9.2.1/../../../../arm-none-eabi/lib/thumb/v7-m/nofp/crt0.o
__bss_start__                                     c:/users/administrator/.vscode/extensions/buzzyelectronics.stm-helper-1.2.9/armgcc/bin/../lib/gcc/arm-none-eabi/9.2.1/../../../../arm-none-eabi/lib/thumb/v7-m/nofp/crt0.o
__call_exitprocs                                  c:/users/administrator/.vscode/extensions/buzzyelectronics.stm-helper-1.2.9/armgcc/bin/../lib/gcc/arm-none-eabi/9.2.1/../../../../arm-none-eabi/lib/thumb/v7-m/nofp\libc_nano.a(lib_a-exit.o)
__deregister_frame_info                           c:/users/administrator/.vscode/extensions/buzzyelectronics.stm-helper-1.2.9/armgcc/bin/../lib/gcc/arm-none-eabi/9.2.1/thumb/v7-m/nofp/crtbegin.o
__dso_handle                                      c:/users/administrator/.vscode/extensions/buzzyelectronics.stm-helper-1.2.9/armgcc/bin/../lib/gcc/arm-none-eabi/9.2.1/thumb/v7-m/nofp/crtbegin.o
__init_array_end                                  c:/users/administrator/.vscode/extensions/buzzyelectronics.stm-helper-1.2.9/armgcc/bin/../lib/gcc/arm-none-eabi/9.2.1/../../../../arm-none-eabi/lib/thumb/v7-m/nofp\libc_nano.a(lib_a-init.o)
__init_array_start                                c:/users/administrator/.vscode/extensions/buzzyelectronics.stm-helper-1.2.9/armgcc/bin/../lib/gcc/arm-none-eabi/9.2.1/../../../../arm-none-eabi/lib/thumb/v7-m/nofp\libc_nano.a(lib_a-init.o)
__libc_fini_array                                 c:/users/administrator/.vscode/extensions/buzzyelectronics.stm-helper-1.2.9/armgcc/bin/../lib/gcc/arm-none-eabi/9.2.1/../../../../arm-none-eabi/lib/thumb/v7-m/nofp/crt0.o
__libc_init_array                                 c:/users/administrator/.vscode/extensions/buzzyelectronics.stm-helper-1.2.9/armgcc/bin/../lib/gcc/arm-none-eabi/9.2.1/../../../../arm-none-eabi/lib/thumb/v7-m/nofp\libc_nano.a(lib_a-init.o)
                                                  build/startup_stm32f103xe.o
                                                  c:/users/administrator/.vscode/extensions/buzzyelectronics.stm-helper-1.2.9/armgcc/bin/../lib/gcc/arm-none-eabi/9.2.1/../../../../arm-none-eabi/lib/thumb/v7-m/nofp/crt0.o
__preinit_array_end                               c:/users/administrator/.vscode/extensions/buzzyelectronics.stm-helper-1.2.9/armgcc/bin/../lib/gcc/arm-none-eabi/9.2.1/../../../../arm-none-eabi/lib/thumb/v7-m/nofp\libc_nano.a(lib_a-init.o)
__preinit_array_start                             c:/users/administrator/.vscode/extensions/buzzyelectronics.stm-helper-1.2.9/armgcc/bin/../lib/gcc/arm-none-eabi/9.2.1/../../../../arm-none-eabi/lib/thumb/v7-m/nofp\libc_nano.a(lib_a-init.o)
__register_frame_info                             c:/users/administrator/.vscode/extensions/buzzyelectronics.stm-helper-1.2.9/armgcc/bin/../lib/gcc/arm-none-eabi/9.2.1/thumb/v7-m/nofp/crtbegin.o
__sf_fake_stderr                                  c:/users/administrator/.vscode/extensions/buzzyelectronics.stm-helper-1.2.9/armgcc/bin/../lib/gcc/arm-none-eabi/9.2.1/../../../../arm-none-eabi/lib/thumb/v7-m/nofp\libc_nano.a(lib_a-impure.o)
__sf_fake_stdin                                   c:/users/administrator/.vscode/extensions/buzzyelectronics.stm-helper-1.2.9/armgcc/bin/../lib/gcc/arm-none-eabi/9.2.1/../../../../arm-none-eabi/lib/thumb/v7-m/nofp\libc_nano.a(lib_a-impure.o)
__sf_fake_stdout                                  c:/users/administrator/.vscode/extensions/buzzyelectronics.stm-helper-1.2.9/armgcc/bin/../lib/gcc/arm-none-eabi/9.2.1/../../../../arm-none-eabi/lib/thumb/v7-m/nofp\libc_nano.a(lib_a-impure.o)
__stack                                           c:/users/administrator/.vscode/extensions/buzzyelectronics.stm-helper-1.2.9/armgcc/bin/../lib/gcc/arm-none-eabi/9.2.1/../../../../arm-none-eabi/lib/thumb/v7-m/nofp/crt0.o
_ebss                                             build/startup_stm32f103xe.o
_edata                                            build/startup_stm32f103xe.o
_estack                                           build/startup_stm32f103xe.o
_exit                                             c:/users/administrator/.vscode/extensions/buzzyelectronics.stm-helper-1.2.9/armgcc/bin/../lib/gcc/arm-none-eabi/9.2.1/../../../../arm-none-eabi/lib/thumb/v7-m/nofp\libnosys.a(_exit.o)
                                                  c:/users/administrator/.vscode/extensions/buzzyelectronics.stm-helper-1.2.9/armgcc/bin/../lib/gcc/arm-none-eabi/9.2.1/../../../../arm-none-eabi/lib/thumb/v7-m/nofp\libc_nano.a(lib_a-exit.o)
_fini                                             c:/users/administrator/.vscode/extensions/buzzyelectronics.stm-helper-1.2.9/armgcc/bin/../lib/gcc/arm-none-eabi/9.2.1/thumb/v7-m/nofp/crti.o
_global_impure_ptr                                c:/users/administrator/.vscode/extensions/buzzyelectronics.stm-helper-1.2.9/armgcc/bin/../lib/gcc/arm-none-eabi/9.2.1/../../../../arm-none-eabi/lib/thumb/v7-m/nofp\libc_nano.a(lib_a-impure.o)
                                                  c:/users/administrator/.vscode/extensions/buzzyelectronics.stm-helper-1.2.9/armgcc/bin/../lib/gcc/arm-none-eabi/9.2.1/../../../../arm-none-eabi/lib/thumb/v7-m/nofp\libc_nano.a(lib_a-exit.o)
_impure_ptr                                       c:/users/administrator/.vscode/extensions/buzzyelectronics.stm-helper-1.2.9/armgcc/bin/../lib/gcc/arm-none-eabi/9.2.1/../../../../arm-none-eabi/lib/thumb/v7-m/nofp\libc_nano.a(lib_a-impure.o)
_init                                             c:/users/administrator/.vscode/extensions/buzzyelectronics.stm-helper-1.2.9/armgcc/bin/../lib/gcc/arm-none-eabi/9.2.1/thumb/v7-m/nofp/crti.o
                                                  c:/users/administrator/.vscode/extensions/buzzyelectronics.stm-helper-1.2.9/armgcc/bin/../lib/gcc/arm-none-eabi/9.2.1/../../../../arm-none-eabi/lib/thumb/v7-m/nofp\libc_nano.a(lib_a-init.o)
_mainCRTStartup                                   c:/users/administrator/.vscode/extensions/buzzyelectronics.stm-helper-1.2.9/armgcc/bin/../lib/gcc/arm-none-eabi/9.2.1/../../../../arm-none-eabi/lib/thumb/v7-m/nofp/crt0.o
_sbss                                             build/startup_stm32f103xe.o
_sdata                                            build/startup_stm32f103xe.o
_sidata                                           build/startup_stm32f103xe.o
_start                                            c:/users/administrator/.vscode/extensions/buzzyelectronics.stm-helper-1.2.9/armgcc/bin/../lib/gcc/arm-none-eabi/9.2.1/../../../../arm-none-eabi/lib/thumb/v7-m/nofp/crt0.o
atexit                                            c:/users/administrator/.vscode/extensions/buzzyelectronics.stm-helper-1.2.9/armgcc/bin/../lib/gcc/arm-none-eabi/9.2.1/../../../../arm-none-eabi/lib/thumb/v7-m/nofp/crt0.o
exit                                              c:/users/administrator/.vscode/extensions/buzzyelectronics.stm-helper-1.2.9/armgcc/bin/../lib/gcc/arm-none-eabi/9.2.1/../../../../arm-none-eabi/lib/thumb/v7-m/nofp\libc_nano.a(lib_a-exit.o)
                                                  c:/users/administrator/.vscode/extensions/buzzyelectronics.stm-helper-1.2.9/armgcc/bin/../lib/gcc/arm-none-eabi/9.2.1/../../../../arm-none-eabi/lib/thumb/v7-m/nofp/crt0.o
g_pfnVectors                                      build/startup_stm32f103xe.o
hardware_init_hook                                c:/users/administrator/.vscode/extensions/buzzyelectronics.stm-helper-1.2.9/armgcc/bin/../lib/gcc/arm-none-eabi/9.2.1/../../../../arm-none-eabi/lib/thumb/v7-m/nofp/crt0.o
main                                              build/main.o
                                                  build/startup_stm32f103xe.o
                                                  c:/users/administrator/.vscode/extensions/buzzyelectronics.stm-helper-1.2.9/armgcc/bin/../lib/gcc/arm-none-eabi/9.2.1/../../../../arm-none-eabi/lib/thumb/v7-m/nofp/crt0.o
memset                                            c:/users/administrator/.vscode/extensions/buzzyelectronics.stm-helper-1.2.9/armgcc/bin/../lib/gcc/arm-none-eabi/9.2.1/../../../../arm-none-eabi/lib/thumb/v7-m/nofp\libc_nano.a(lib_a-memset.o)
                                                  build/main.o
                                                  c:/users/administrator/.vscode/extensions/buzzyelectronics.stm-helper-1.2.9/armgcc/bin/../lib/gcc/arm-none-eabi/9.2.1/../../../../arm-none-eabi/lib/thumb/v7-m/nofp/crt0.o
pFlash                                            build/stm32f1xx_hal_flash.o
                                                  build/stm32f1xx_hal_flash_ex.o
software_init_hook                                c:/users/administrator/.vscode/extensions/buzzyelectronics.stm-helper-1.2.9/armgcc/bin/../lib/gcc/arm-none-eabi/9.2.1/../../../../arm-none-eabi/lib/thumb/v7-m/nofp/crt0.o
uwTick                                            build/stm32f1xx_hal.o
uwTickFreq                                        build/stm32f1xx_hal.o
uwTickPrio                                        build/stm32f1xx_hal.o
                                                  build/stm32f1xx_hal_rcc.o
