Archive member included to satisfy reference by file (symbol)

c:/users/administrator/.vscode/extensions/buzzyelectronics.stm-helper-1.2.9/armgcc/bin/../lib/gcc/arm-none-eabi/9.2.1/../../../../arm-none-eabi/lib/thumb/v7-m/nofp\libc_nano.a(lib_a-exit.o)
                              c:/users/administrator/.vscode/extensions/buzzyelectronics.stm-helper-1.2.9/armgcc/bin/../lib/gcc/arm-none-eabi/9.2.1/../../../../arm-none-eabi/lib/thumb/v7-m/nofp/crt0.o (exit)
c:/users/administrator/.vscode/extensions/buzzyelectronics.stm-helper-1.2.9/armgcc/bin/../lib/gcc/arm-none-eabi/9.2.1/../../../../arm-none-eabi/lib/thumb/v7-m/nofp\libc_nano.a(lib_a-impure.o)
                              c:/users/administrator/.vscode/extensions/buzzyelectronics.stm-helper-1.2.9/armgcc/bin/../lib/gcc/arm-none-eabi/9.2.1/../../../../arm-none-eabi/lib/thumb/v7-m/nofp\libc_nano.a(lib_a-exit.o) (_global_impure_ptr)
c:/users/administrator/.vscode/extensions/buzzyelectronics.stm-helper-1.2.9/armgcc/bin/../lib/gcc/arm-none-eabi/9.2.1/../../../../arm-none-eabi/lib/thumb/v7-m/nofp\libc_nano.a(lib_a-init.o)
                              c:/users/administrator/.vscode/extensions/buzzyelectronics.stm-helper-1.2.9/armgcc/bin/../lib/gcc/arm-none-eabi/9.2.1/../../../../arm-none-eabi/lib/thumb/v7-m/nofp/crt0.o (__libc_init_array)
c:/users/administrator/.vscode/extensions/buzzyelectronics.stm-helper-1.2.9/armgcc/bin/../lib/gcc/arm-none-eabi/9.2.1/../../../../arm-none-eabi/lib/thumb/v7-m/nofp\libc_nano.a(lib_a-memset.o)
                              c:/users/administrator/.vscode/extensions/buzzyelectronics.stm-helper-1.2.9/armgcc/bin/../lib/gcc/arm-none-eabi/9.2.1/../../../../arm-none-eabi/lib/thumb/v7-m/nofp/crt0.o (memset)
c:/users/administrator/.vscode/extensions/buzzyelectronics.stm-helper-1.2.9/armgcc/bin/../lib/gcc/arm-none-eabi/9.2.1/../../../../arm-none-eabi/lib/thumb/v7-m/nofp\libc_nano.a(lib_a-printf.o)
                              build/main.o (printf)
c:/users/administrator/.vscode/extensions/buzzyelectronics.stm-helper-1.2.9/armgcc/bin/../lib/gcc/arm-none-eabi/9.2.1/../../../../arm-none-eabi/lib/thumb/v7-m/nofp\libc_nano.a(lib_a-findfp.o)
                              c:/users/administrator/.vscode/extensions/buzzyelectronics.stm-helper-1.2.9/armgcc/bin/../lib/gcc/arm-none-eabi/9.2.1/../../../../arm-none-eabi/lib/thumb/v7-m/nofp\libc_nano.a(lib_a-printf.o) (__sinit)
c:/users/administrator/.vscode/extensions/buzzyelectronics.stm-helper-1.2.9/armgcc/bin/../lib/gcc/arm-none-eabi/9.2.1/../../../../arm-none-eabi/lib/thumb/v7-m/nofp\libc_nano.a(lib_a-fwalk.o)
                              c:/users/administrator/.vscode/extensions/buzzyelectronics.stm-helper-1.2.9/armgcc/bin/../lib/gcc/arm-none-eabi/9.2.1/../../../../arm-none-eabi/lib/thumb/v7-m/nofp\libc_nano.a(lib_a-findfp.o) (_fwalk)
c:/users/administrator/.vscode/extensions/buzzyelectronics.stm-helper-1.2.9/armgcc/bin/../lib/gcc/arm-none-eabi/9.2.1/../../../../arm-none-eabi/lib/thumb/v7-m/nofp\libc_nano.a(lib_a-lock.o)
                              c:/users/administrator/.vscode/extensions/buzzyelectronics.stm-helper-1.2.9/armgcc/bin/../lib/gcc/arm-none-eabi/9.2.1/../../../../arm-none-eabi/lib/thumb/v7-m/nofp\libc_nano.a(lib_a-findfp.o) (__retarget_lock_init_recursive)
c:/users/administrator/.vscode/extensions/buzzyelectronics.stm-helper-1.2.9/armgcc/bin/../lib/gcc/arm-none-eabi/9.2.1/../../../../arm-none-eabi/lib/thumb/v7-m/nofp\libc_nano.a(lib_a-nano-mallocr.o)
                              c:/users/administrator/.vscode/extensions/buzzyelectronics.stm-helper-1.2.9/armgcc/bin/../lib/gcc/arm-none-eabi/9.2.1/../../../../arm-none-eabi/lib/thumb/v7-m/nofp\libc_nano.a(lib_a-findfp.o) (_malloc_r)
c:/users/administrator/.vscode/extensions/buzzyelectronics.stm-helper-1.2.9/armgcc/bin/../lib/gcc/arm-none-eabi/9.2.1/../../../../arm-none-eabi/lib/thumb/v7-m/nofp\libc_nano.a(lib_a-nano-vfprintf.o)
                              c:/users/administrator/.vscode/extensions/buzzyelectronics.stm-helper-1.2.9/armgcc/bin/../lib/gcc/arm-none-eabi/9.2.1/../../../../arm-none-eabi/lib/thumb/v7-m/nofp\libc_nano.a(lib_a-printf.o) (_vfprintf_r)
c:/users/administrator/.vscode/extensions/buzzyelectronics.stm-helper-1.2.9/armgcc/bin/../lib/gcc/arm-none-eabi/9.2.1/../../../../arm-none-eabi/lib/thumb/v7-m/nofp\libc_nano.a(lib_a-nano-vfprintf_i.o)
                              c:/users/administrator/.vscode/extensions/buzzyelectronics.stm-helper-1.2.9/armgcc/bin/../lib/gcc/arm-none-eabi/9.2.1/../../../../arm-none-eabi/lib/thumb/v7-m/nofp\libc_nano.a(lib_a-nano-vfprintf.o) (_printf_i)
c:/users/administrator/.vscode/extensions/buzzyelectronics.stm-helper-1.2.9/armgcc/bin/../lib/gcc/arm-none-eabi/9.2.1/../../../../arm-none-eabi/lib/thumb/v7-m/nofp\libc_nano.a(lib_a-sbrkr.o)
                              c:/users/administrator/.vscode/extensions/buzzyelectronics.stm-helper-1.2.9/armgcc/bin/../lib/gcc/arm-none-eabi/9.2.1/../../../../arm-none-eabi/lib/thumb/v7-m/nofp\libc_nano.a(lib_a-nano-mallocr.o) (_sbrk_r)
[...]
Memory Configuration

Name             Origin             Length             Attributes
RAM              0x0000000020000000 0x0000000000010000 xrw
FLASH            0x0000000008000000 0x0000000000080000 xr
*default*        0x0000000000000000 0xffffffffffffffff

Linker script and memory map

LOAD c:/users/administrator/.vscode/extensions/buzzyelectronics.stm-helper-1.2.9/armgcc/bin/../lib/gcc/arm-none-eabi/9.2.1/thumb/v7-m/nofp/crti.o
LOAD c:/users/administrator/.vscode/extensions/buzzyelectronics.stm-helper-1.2.9/armgcc/bin/../lib/gcc/arm-none-eabi/9.2.1/thumb/v7-m/nofp/crtbegin.o
LOAD c:/users/administrator/.vscode/extensions/buzzyelectronics.stm-helper-1.2.9/armgcc/bin/../lib/gcc/arm-none-eabi/9.2.1/../../../../arm-none-eabi/lib/thumb/v7-m/nofp/crt0.o
LOAD build/main.o
LOAD build/gpio.o
LOAD build/stm32f1xx_it.o
LOAD build/stm32f1xx_hal_msp.o
LOAD build/stm32f1xx_hal_gpio_ex.o
LOAD build/stm32f1xx_hal_tim.o
LOAD build/stm32f1xx_hal_tim_ex.o
LOAD build/stm32f1xx_hal.o
LOAD build/stm32f1xx_hal_rcc.o
LOAD build/stm32f1xx_hal_rcc_ex.o
LOAD build/stm32f1xx_hal_gpio.o
LOAD build/stm32f1xx_hal_dma.o
LOAD build/stm32f1xx_hal_cortex.o
LOAD build/stm32f1xx_hal_pwr.o
LOAD build/stm32f1xx_hal_flash.o
LOAD build/stm32f1xx_hal_flash_ex.o
LOAD build/stm32f1xx_hal_exti.o
LOAD build/system_stm32f1xx.o
LOAD build/adc.o
LOAD build/dma.o
LOAD build/i2c.o
LOAD build/rtc.o
LOAD build/spi.o
LOAD build/usart.o
LOAD build/stm32f1xx_hal_adc.o
LOAD build/stm32f1xx_hal_adc_ex.o
LOAD build/stm32f1xx_hal_i2c.o
LOAD build/stm32f1xx_hal_rtc.o
LOAD build/stm32f1xx_hal_rtc_ex.o
LOAD build/stm32f1xx_hal_spi.o
LOAD build/stm32f1xx_hal_uart.o
LOAD build/bsp_dht21.o
LOAD build/startup_stm32f103xe.o
LOAD c:/users/administrator/.vscode/extensions/buzzyelectronics.stm-helper-1.2.9/armgcc/bin/../lib/gcc/arm-none-eabi/9.2.1/../../../../arm-none-eabi/lib/thumb/v7-m/nofp\libc_nano.a
LOAD c:/users/administrator/.vscode/extensions/buzzyelectronics.stm-helper-1.2.9/armgcc/bin/../lib/gcc/arm-none-eabi/9.2.1/../../../../arm-none-eabi/lib/thumb/v7-m/nofp\libm.a
LOAD c:/users/administrator/.vscode/extensions/buzzyelectronics.stm-helper-1.2.9/armgcc/bin/../lib/gcc/arm-none-eabi/9.2.1/../../../../arm-none-eabi/lib/thumb/v7-m/nofp\libnosys.a
START GROUP
LOAD c:/users/administrator/.vscode/extensions/buzzyelectronics.stm-helper-1.2.9/armgcc/bin/../lib/gcc/arm-none-eabi/9.2.1/thumb/v7-m/nofp\libgcc.a
LOAD c:/users/administrator/.vscode/extensions/buzzyelectronics.stm-helper-1.2.9/armgcc/bin/../lib/gcc/arm-none-eabi/9.2.1/../../../../arm-none-eabi/lib/thumb/v7-m/nofp\libc_nano.a
END GROUP
START GROUP
LOAD c:/users/administrator/.vscode/extensions/buzzyelectronics.stm-helper-1.2.9/armgcc/bin/../lib/gcc/arm-none-eabi/9.2.1/thumb/v7-m/nofp\libgcc.a
LOAD c:/users/administrator/.vscode/extensions/buzzyelectronics.stm-helper-1.2.9/armgcc/bin/../lib/gcc/arm-none-eabi/9.2.1/../../../../arm-none-eabi/lib/thumb/v7-m/nofp\libc_nano.a
END GROUP
LOAD c:/users/administrator/.vscode/extensions/buzzyelectronics.stm-helper-1.2.9/armgcc/bin/../lib/gcc/arm-none-eabi/9.2.1/thumb/v7-m/nofp/crtend.o
LOAD c:/users/administrator/.vscode/extensions/buzzyelectronics.stm-helper-1.2.9/armgcc/bin/../lib/gcc/arm-none-eabi/9.2.1/thumb/v7-m/nofp/crtn.o
                0x0000000020010000                _estack = 0x20010000
                0x0000000000000200                _Min_Heap_Size = 0x200
                0x0000000000000400                _Min_Stack_Size = 0x400

.isr_vector     0x0000000008000000      0x1e4
                0x0000000008000000                . = ALIGN (0x4)
 *(.isr_vector)
 .isr_vector    0x0000000008000000      0x1e4 build/startup_stm32f103xe.o
                0x0000000008000000                g_pfnVectors
                0x00000000080001e4                . = ALIGN (0x4)

.text           0x00000000080001e8     0x4164
                0x00000000080001e8                . = ALIGN (0x4)
 *(.text)
 .text          0x00000000080001e8      0x254 c:/users/administrator/.vscode/extensions/buzzyelectronics.stm-helper-1.2.9/armgcc/bin/../lib/gcc/arm-none-eabi/9.2.1/thumb/v7-m/nofp\libgcc.a(_arm_muldf3.o)
                0x00000000080001e8                __muldf3
                0x00000000080001e8                __aeabi_dmul
 .text          0x000000000800043c      0x168 c:/users/administrator/.vscode/extensions/buzzyelectronics.stm-helper-1.2.9/armgcc/bin/../lib/gcc/arm-none-eabi/9.2.1/thumb/v7-m/nofp\libgcc.a(_arm_mulsf3.o)
                0x000000000800043c                __aeabi_fmul
                0x000000000800043c                __mulsf3
 .text          0x00000000080005a4      0x378 c:/users/administrator/.vscode/extensions/buzzyelectronics.stm-helper-1.2.9/armgcc/bin/../lib/gcc/arm-none-eabi/9.2.1/thumb/v7-m/nofp\libgcc.a(_arm_addsubdf3.o)
                0x00000000080005a4                __aeabi_drsub
                0x00000000080005ac                __aeabi_dsub
                0x00000000080005ac                __subdf3
                0x00000000080005b0                __aeabi_dadd
                0x00000000080005b0                __adddf3
                0x0000000008000828                __floatunsidf
                0x0000000008000828                __aeabi_ui2d
                0x0000000008000848                __floatsidf
                0x0000000008000848                __aeabi_i2d
                0x000000000800086c                __aeabi_f2d
                0x000000000800086c                __extendsfdf2
                0x00000000080008b0                __floatundidf
                0x00000000080008b0                __aeabi_ul2d
                0x00000000080008c0                __floatdidf
                0x00000000080008c0                __aeabi_l2d
 .text          0x000000000800091c      0x21c c:/users/administrator/.vscode/extensions/buzzyelectronics.stm-helper-1.2.9/armgcc/bin/../lib/gcc/arm-none-eabi/9.2.1/thumb/v7-m/nofp\libgcc.a(_arm_addsubsf3.o)
                0x000000000800091c                __aeabi_frsub
                0x0000000008000924                __subsf3
                0x0000000008000924                __aeabi_fsub
                0x0000000008000928                __aeabi_fadd
                0x0000000008000928                __addsf3
                0x0000000008000a88                __aeabi_ui2f
                0x0000000008000a88                __floatunsisf
                0x0000000008000a90                __aeabi_i2f
                0x0000000008000a90                __floatsisf
                0x0000000008000aac                __aeabi_ul2f
                0x0000000008000aac                __floatundisf
                0x0000000008000abc                __aeabi_l2f
                0x0000000008000abc                __floatdisf
 *(.text*)
 .text.__do_global_dtors_aux
                0x0000000008000b38       0x24 c:/users/administrator/.vscode/extensions/buzzyelectronics.stm-helper-1.2.9/armgcc/bin/../lib/gcc/arm-none-eabi/9.2.1/thumb/v7-m/nofp/crtbegin.o
 .text.frame_dummy
                0x0000000008000b5c       0x1c c:/users/administrator/.vscode/extensions/buzzyelectronics.stm-helper-1.2.9/armgcc/bin/../lib/gcc/arm-none-eabi/9.2.1/thumb/v7-m/nofp/crtbegin.o
 .text.SystemClock_Config
                0x0000000008000b78       0x76 build/main.o
                0x0000000008000b78                SystemClock_Config
 *fill*         0x0000000008000bee        0x2 
 .text.main     0x0000000008000bf0       0xf0 build/main.o
                0x0000000008000bf0                main
 .text.Error_Handler
                0x0000000008000ce0        0x2 build/main.o
                0x0000000008000ce0                Error_Handler
 *fill*         0x0000000008000ce2        0x2 
 .text.MX_GPIO_Init
                0x0000000008000ce4       0x78 build/gpio.o
                0x0000000008000ce4                MX_GPIO_Init
 .text.NMI_Handler
                0x0000000008000d5c        0x2 build/stm32f1xx_it.o
                0x0000000008000d5c                NMI_Handler
 .text.HardFault_Handler
                0x0000000008000d5e        0x2 build/stm32f1xx_it.o
                0x0000000008000d5e                HardFault_Handler
 .text.MemManage_Handler
                0x0000000008000d60        0x2 build/stm32f1xx_it.o
                0x0000000008000d60                MemManage_Handler
 .text.BusFault_Handler
                0x0000000008000d62        0x2 build/stm32f1xx_it.o
                0x0000000008000d62                BusFault_Handler
 .text.UsageFault_Handler
                0x0000000008000d64        0x2 build/stm32f1xx_it.o
                0x0000000008000d64                UsageFault_Handler
 .text.SVC_Handler
                0x0000000008000d66        0x2 build/stm32f1xx_it.o
                0x0000000008000d66                SVC_Handler
 .text.DebugMon_Handler
                0x0000000008000d68        0x2 build/stm32f1xx_it.o
                0x0000000008000d68                DebugMon_Handler
 .text.PendSV_Handler
                0x0000000008000d6a        0x2 build/stm32f1xx_it.o
                0x0000000008000d6a                PendSV_Handler
 .text.SysTick_Handler
                0x0000000008000d6c        0x8 build/stm32f1xx_it.o
                0x0000000008000d6c                SysTick_Handler
 .text.DMA1_Channel3_IRQHandler
                0x0000000008000d74       0x10 build/stm32f1xx_it.o
                0x0000000008000d74                DMA1_Channel3_IRQHandler
 .text.HAL_MspInit
                0x0000000008000d84       0x44 build/stm32f1xx_hal_msp.o
                0x0000000008000d84                HAL_MspInit
 .text.HAL_InitTick
                0x0000000008000dc8       0x4c build/stm32f1xx_hal.o
                0x0000000008000dc8                HAL_InitTick
 .text.HAL_Init
                0x0000000008000e14       0x24 build/stm32f1xx_hal.o
                0x0000000008000e14                HAL_Init
 .text.HAL_IncTick
                0x0000000008000e38       0x18 build/stm32f1xx_hal.o
                0x0000000008000e38                HAL_IncTick
 .text.HAL_GetTick
                0x0000000008000e50        0xc build/stm32f1xx_hal.o
                0x0000000008000e50                HAL_GetTick
 .text.HAL_Delay
                0x0000000008000e5c       0x28 build/stm32f1xx_hal.o
                0x0000000008000e5c                HAL_Delay
 .text.RCC_Delay
                0x0000000008000e84       0x2c build/stm32f1xx_hal_rcc.o
 .text.HAL_RCC_OscConfig
                0x0000000008000eb0      0x410 build/stm32f1xx_hal_rcc.o
                0x0000000008000eb0                HAL_RCC_OscConfig
 .text.HAL_RCC_GetSysClockFreq
                0x00000000080012c0       0x6c build/stm32f1xx_hal_rcc.o
                0x00000000080012c0                HAL_RCC_GetSysClockFreq
 .text.HAL_RCC_ClockConfig
                0x000000000800132c      0x16c build/stm32f1xx_hal_rcc.o
                0x000000000800132c                HAL_RCC_ClockConfig
 .text.HAL_RCC_GetHCLKFreq
                0x0000000008001498        0xc build/stm32f1xx_hal_rcc.o
                0x0000000008001498                HAL_RCC_GetHCLKFreq
 .text.HAL_RCC_GetPCLK1Freq
                0x00000000080014a4       0x20 build/stm32f1xx_hal_rcc.o
                0x00000000080014a4                HAL_RCC_GetPCLK1Freq
 .text.HAL_RCC_GetPCLK2Freq
                0x00000000080014c4       0x20 build/stm32f1xx_hal_rcc.o
                0x00000000080014c4                HAL_RCC_GetPCLK2Freq
 .text.HAL_RCCEx_PeriphCLKConfig
                0x00000000080014e4      0x114 build/stm32f1xx_hal_rcc_ex.o
                0x00000000080014e4                HAL_RCCEx_PeriphCLKConfig
 .text.HAL_RCCEx_GetPeriphCLKFreq
                0x00000000080015f8      0x110 build/stm32f1xx_hal_rcc_ex.o
                0x00000000080015f8                HAL_RCCEx_GetPeriphCLKFreq
 .text.HAL_GPIO_Init
                0x0000000008001708      0x238 build/stm32f1xx_hal_gpio.o
                0x0000000008001708                HAL_GPIO_Init
 .text.HAL_GPIO_ReadPin
                0x0000000008001940        0xe build/stm32f1xx_hal_gpio.o
                0x0000000008001940                HAL_GPIO_ReadPin
 .text.HAL_GPIO_WritePin
                0x000000000800194e        0xc build/stm32f1xx_hal_gpio.o
                0x000000000800194e                HAL_GPIO_WritePin
 *fill*         0x000000000800195a        0x2 
 .text.HAL_DMA_Init
                0x000000000800195c       0x98 build/stm32f1xx_hal_dma.o
                0x000000000800195c                HAL_DMA_Init
 .text.HAL_DMA_IRQHandler
                0x00000000080019f4      0x2ec build/stm32f1xx_hal_dma.o
                0x00000000080019f4                HAL_DMA_IRQHandler
 .text.HAL_NVIC_SetPriorityGrouping
                0x0000000008001ce0       0x24 build/stm32f1xx_hal_cortex.o
                0x0000000008001ce0                HAL_NVIC_SetPriorityGrouping
 .text.HAL_NVIC_SetPriority
                0x0000000008001d04       0x68 build/stm32f1xx_hal_cortex.o
                0x0000000008001d04                HAL_NVIC_SetPriority
 .text.HAL_NVIC_EnableIRQ
                0x0000000008001d6c       0x1c build/stm32f1xx_hal_cortex.o
                0x0000000008001d6c                HAL_NVIC_EnableIRQ
 .text.HAL_SYSTICK_Config
                0x0000000008001d88       0x2c build/stm32f1xx_hal_cortex.o
                0x0000000008001d88                HAL_SYSTICK_Config
 .text.HAL_PWR_EnableBkUpAccess
                0x0000000008001db4        0xc build/stm32f1xx_hal_pwr.o
                0x0000000008001db4                HAL_PWR_EnableBkUpAccess
 .text.SystemInit
                0x0000000008001dc0        0x2 build/system_stm32f1xx.o
                0x0000000008001dc0                SystemInit
 *fill*         0x0000000008001dc2        0x2 
 .text.MX_ADC1_Init
                0x0000000008001dc4       0x58 build/adc.o
                0x0000000008001dc4                MX_ADC1_Init
 .text.HAL_ADC_MspInit
                0x0000000008001e1c       0x60 build/adc.o
                0x0000000008001e1c                HAL_ADC_MspInit
 .text.MX_DMA_Init
                0x0000000008001e7c       0x34 build/dma.o
                0x0000000008001e7c                MX_DMA_Init
 .text.MX_I2C1_Init
                0x0000000008001eb0       0x3c build/i2c.o
                0x0000000008001eb0                MX_I2C1_Init
 .text.HAL_I2C_MspInit
                0x0000000008001eec       0x64 build/i2c.o
                0x0000000008001eec                HAL_I2C_MspInit
 .text.MX_RTC_Init
                0x0000000008001f50       0x2c build/rtc.o
                0x0000000008001f50                MX_RTC_Init
 .text.HAL_RTC_MspInit
                0x0000000008001f7c       0x40 build/rtc.o
                0x0000000008001f7c                HAL_RTC_MspInit
 .text.MX_SPI1_Init
                0x0000000008001fbc       0x44 build/spi.o
                0x0000000008001fbc                MX_SPI1_Init
 .text.MX_SPI2_Init
                0x0000000008002000       0x40 build/spi.o
                0x0000000008002000                MX_SPI2_Init
 .text.HAL_SPI_MspInit
                0x0000000008002040      0x114 build/spi.o
                0x0000000008002040                HAL_SPI_MspInit
 .text.MX_USART1_UART_Init
                0x0000000008002154       0x34 build/usart.o
                0x0000000008002154                MX_USART1_UART_Init
 .text.HAL_UART_MspInit
                0x0000000008002188       0x78 build/usart.o
                0x0000000008002188                HAL_UART_MspInit
 .text.HAL_ADC_PollForConversion
                0x0000000008002200      0x16c build/stm32f1xx_hal_adc.o
                0x0000000008002200                HAL_ADC_PollForConversion
 .text.HAL_ADC_GetValue
                0x000000000800236c        0x6 build/stm32f1xx_hal_adc.o
                0x000000000800236c                HAL_ADC_GetValue
 *fill*         0x0000000008002372        0x2 
 .text.HAL_ADC_ConfigChannel
                0x0000000008002374      0x138 build/stm32f1xx_hal_adc.o
                0x0000000008002374                HAL_ADC_ConfigChannel
 .text.HAL_ADC_GetState
                0x00000000080024ac        0x4 build/stm32f1xx_hal_adc.o
                0x00000000080024ac                HAL_ADC_GetState
 .text.ADC_Enable
                0x00000000080024b0       0x7c build/stm32f1xx_hal_adc.o
                0x00000000080024b0                ADC_Enable
 .text.HAL_ADC_Start
                0x000000000800252c       0xe8 build/stm32f1xx_hal_adc.o
                0x000000000800252c                HAL_ADC_Start
 .text.ADC_ConversionStop_Disable
                0x0000000008002614       0x4c build/stm32f1xx_hal_adc.o
                0x0000000008002614                ADC_ConversionStop_Disable
 .text.HAL_ADC_Init
                0x0000000008002660      0x124 build/stm32f1xx_hal_adc.o
                0x0000000008002660                HAL_ADC_Init
 .text.HAL_I2C_Init
                0x0000000008002784      0x1bc build/stm32f1xx_hal_i2c.o
                0x0000000008002784                HAL_I2C_Init
 .text.RTC_EnterInitMode
                0x0000000008002940       0x30 build/stm32f1xx_hal_rtc.o
 .text.RTC_ExitInitMode
                0x0000000008002970       0x32 build/stm32f1xx_hal_rtc.o
 .text.HAL_RTC_WaitForSynchro
                0x00000000080029a2       0x38 build/stm32f1xx_hal_rtc.o
                0x00000000080029a2                HAL_RTC_WaitForSynchro
 *fill*         0x00000000080029da        0x2 
 .text.HAL_RTC_Init
                0x00000000080029dc       0xbc build/stm32f1xx_hal_rtc.o
                0x00000000080029dc                HAL_RTC_Init
 .text.SPI_WaitFlagStateUntilTimeout
                0x0000000008002a98       0xd0 build/stm32f1xx_hal_spi.o
 .text.SPI_EndRxTxTransaction
                0x0000000008002b68       0x24 build/stm32f1xx_hal_spi.o
 .text.SPI_EndRxTransaction
                0x0000000008002b8c       0x74 build/stm32f1xx_hal_spi.o
 .text.HAL_SPI_Init
                0x0000000008002c00       0xb6 build/stm32f1xx_hal_spi.o
                0x0000000008002c00                HAL_SPI_Init
 .text.HAL_SPI_TransmitReceive
                0x0000000008002cb6      0x238 build/stm32f1xx_hal_spi.o
                0x0000000008002cb6                HAL_SPI_TransmitReceive
 .text.HAL_SPI_Receive
                0x0000000008002eee      0x174 build/stm32f1xx_hal_spi.o
                0x0000000008002eee                HAL_SPI_Receive
 *fill*         0x0000000008003062        0x2 
 .text.UART_SetConfig
                0x0000000008003064       0x90 build/stm32f1xx_hal_uart.o
 .text.HAL_UART_Init
                0x00000000080030f4       0x5e build/stm32f1xx_hal_uart.o
                0x00000000080030f4                HAL_UART_Init
 *fill*         0x0000000008003152        0x2 
 .text.goToOutput
                0x0000000008003154       0x3c build/bsp_dht21.o
 .text.goToInput
                0x0000000008003190       0x24 build/bsp_dht21.o
 .text.DHT_getData
                0x00000000080031b4      0x1a0 build/bsp_dht21.o
                0x00000000080031b4                DHT_getData
 .text.Reset_Handler
                0x0000000008003354       0x48 build/startup_stm32f103xe.o
                0x0000000008003354                Reset_Handler
 .text.Default_Handler
                0x000000000800339c        0x2 build/startup_stm32f103xe.o
                0x000000000800339c                RTC_Alarm_IRQHandler
                0x000000000800339c                EXTI2_IRQHandler
                0x000000000800339c                TIM8_TRG_COM_IRQHandler
                0x000000000800339c                TIM8_CC_IRQHandler
                0x000000000800339c                TIM1_CC_IRQHandler
                0x000000000800339c                TIM6_IRQHandler
                0x000000000800339c                PVD_IRQHandler
                0x000000000800339c                SDIO_IRQHandler
                0x000000000800339c                EXTI3_IRQHandler
                0x000000000800339c                EXTI0_IRQHandler
                0x000000000800339c                I2C2_EV_IRQHandler
                0x000000000800339c                ADC1_2_IRQHandler
                0x000000000800339c                SPI1_IRQHandler
                0x000000000800339c                TAMPER_IRQHandler
                0x000000000800339c                TIM8_UP_IRQHandler
                0x000000000800339c                DMA2_Channel2_IRQHandler
                0x000000000800339c                DMA1_Channel4_IRQHandler
                0x000000000800339c                USART3_IRQHandler
                0x000000000800339c                RTC_IRQHandler
                0x000000000800339c                DMA1_Channel7_IRQHandler
                0x000000000800339c                CAN1_RX1_IRQHandler
                0x000000000800339c                UART5_IRQHandler
                0x000000000800339c                ADC3_IRQHandler
                0x000000000800339c                TIM4_IRQHandler
                0x000000000800339c                DMA2_Channel1_IRQHandler
                0x000000000800339c                I2C1_EV_IRQHandler
                0x000000000800339c                DMA1_Channel6_IRQHandler
                0x000000000800339c                UART4_IRQHandler
                0x000000000800339c                TIM3_IRQHandler
                0x000000000800339c                RCC_IRQHandler
                0x000000000800339c                TIM1_TRG_COM_IRQHandler
                0x000000000800339c                DMA1_Channel1_IRQHandler
                0x000000000800339c                Default_Handler
                0x000000000800339c                EXTI15_10_IRQHandler
                0x000000000800339c                TIM7_IRQHandler
                0x000000000800339c                TIM5_IRQHandler
                0x000000000800339c                EXTI9_5_IRQHandler
                0x000000000800339c                SPI2_IRQHandler
                0x000000000800339c                DMA1_Channel5_IRQHandler
                0x000000000800339c                EXTI4_IRQHandler
                0x000000000800339c                USB_LP_CAN1_RX0_IRQHandler
                0x000000000800339c                USB_HP_CAN1_TX_IRQHandler
                0x000000000800339c                FSMC_IRQHandler
                0x000000000800339c                TIM1_UP_IRQHandler
                0x000000000800339c                WWDG_IRQHandler
                0x000000000800339c                TIM2_IRQHandler
                0x000000000800339c                TIM1_BRK_IRQHandler
                0x000000000800339c                EXTI1_IRQHandler
                0x000000000800339c                DMA2_Channel4_5_IRQHandler
                0x000000000800339c                USART2_IRQHandler
                0x000000000800339c                I2C2_ER_IRQHandler
                0x000000000800339c                DMA1_Channel2_IRQHandler
                0x000000000800339c                TIM8_BRK_IRQHandler
                0x000000000800339c                CAN1_SCE_IRQHandler
                0x000000000800339c                FLASH_IRQHandler
                0x000000000800339c                USART1_IRQHandler
                0x000000000800339c                SPI3_IRQHandler
                0x000000000800339c                I2C1_ER_IRQHandler
                0x000000000800339c                USBWakeUp_IRQHandler
                0x000000000800339c                DMA2_Channel3_IRQHandler
 *fill*         0x000000000800339e        0x2 
 .text.__libc_init_array
                0x00000000080033a0       0x48 c:/users/administrator/.vscode/extensions/buzzyelectronics.stm-helper-1.2.9/armgcc/bin/../lib/gcc/arm-none-eabi/9.2.1/../../../../arm-none-eabi/lib/thumb/v7-m/nofp\libc_nano.a(lib_a-init.o)
                0x00000000080033a0                __libc_init_array
 .text.memset   0x00000000080033e8       0x10 c:/users/administrator/.vscode/extensions/buzzyelectronics.stm-helper-1.2.9/armgcc/bin/../lib/gcc/arm-none-eabi/9.2.1/../../../../arm-none-eabi/lib/thumb/v7-m/nofp\libc_nano.a(lib_a-memset.o)
                0x00000000080033e8                memset
 .text.printf   0x00000000080033f8       0x30 c:/users/administrator/.vscode/extensions/buzzyelectronics.stm-helper-1.2.9/armgcc/bin/../lib/gcc/arm-none-eabi/9.2.1/../../../../arm-none-eabi/lib/thumb/v7-m/nofp\libc_nano.a(lib_a-printf.o)
                0x00000000080033f8                iprintf
                0x00000000080033f8                printf
 .text.std      0x0000000008003428       0x48 c:/users/administrator/.vscode/extensions/buzzyelectronics.stm-helper-1.2.9/armgcc/bin/../lib/gcc/arm-none-eabi/9.2.1/../../../../arm-none-eabi/lib/thumb/v7-m/nofp\libc_nano.a(lib_a-findfp.o)
 .text._cleanup_r
                0x0000000008003470        0xc c:/users/administrator/.vscode/extensions/buzzyelectronics.stm-helper-1.2.9/armgcc/bin/../lib/gcc/arm-none-eabi/9.2.1/../../../../arm-none-eabi/lib/thumb/v7-m/nofp\libc_nano.a(lib_a-findfp.o)
                0x0000000008003470                _cleanup_r
 .text.__sfmoreglue
                0x000000000800347c       0x2c c:/users/administrator/.vscode/extensions/buzzyelectronics.stm-helper-1.2.9/armgcc/bin/../lib/gcc/arm-none-eabi/9.2.1/../../../../arm-none-eabi/lib/thumb/v7-m/nofp\libc_nano.a(lib_a-findfp.o)
                0x000000000800347c                __sfmoreglue
 .text.__sfp_lock_acquire
                0x00000000080034a8        0xc c:/users/administrator/.vscode/extensions/buzzyelectronics.stm-helper-1.2.9/armgcc/bin/../lib/gcc/arm-none-eabi/9.2.1/../../../../arm-none-eabi/lib/thumb/v7-m/nofp\libc_nano.a(lib_a-findfp.o)
                0x00000000080034a8                __sfp_lock_acquire
 .text.__sfp_lock_release
                0x00000000080034b4        0xc c:/users/administrator/.vscode/extensions/buzzyelectronics.stm-helper-1.2.9/armgcc/bin/../lib/gcc/arm-none-eabi/9.2.1/../../../../arm-none-eabi/lib/thumb/v7-m/nofp\libc_nano.a(lib_a-findfp.o)
                0x00000000080034b4                __sfp_lock_release
 .text.__sinit_lock_acquire
                0x00000000080034c0        0xc c:/users/administrator/.vscode/extensions/buzzyelectronics.stm-helper-1.2.9/armgcc/bin/../lib/gcc/arm-none-eabi/9.2.1/../../../../arm-none-eabi/lib/thumb/v7-m/nofp\libc_nano.a(lib_a-findfp.o)
                0x00000000080034c0                __sinit_lock_acquire
 .text.__sinit_lock_release
                0x00000000080034cc        0xc c:/users/administrator/.vscode/extensions/buzzyelectronics.stm-helper-1.2.9/armgcc/bin/../lib/gcc/arm-none-eabi/9.2.1/../../../../arm-none-eabi/lib/thumb/v7-m/nofp\libc_nano.a(lib_a-findfp.o)
                0x00000000080034cc                __sinit_lock_release
 .text.__sinit  0x00000000080034d8       0x70 c:/users/administrator/.vscode/extensions/buzzyelectronics.stm-helper-1.2.9/armgcc/bin/../lib/gcc/arm-none-eabi/9.2.1/../../../../arm-none-eabi/lib/thumb/v7-m/nofp\libc_nano.a(lib_a-findfp.o)
                0x00000000080034d8                __sinit
 .text.__sfp    0x0000000008003548       0x8c c:/users/administrator/.vscode/extensions/buzzyelectronics.stm-helper-1.2.9/armgcc/bin/../lib/gcc/arm-none-eabi/9.2.1/../../../../arm-none-eabi/lib/thumb/v7-m/nofp\libc_nano.a(lib_a-findfp.o)
                0x0000000008003548                __sfp
 .text._fwalk_reent
                0x00000000080035d4       0x3e c:/users/administrator/.vscode/extensions/buzzyelectronics.stm-helper-1.2.9/armgcc/bin/../lib/gcc/arm-none-eabi/9.2.1/../../../../arm-none-eabi/lib/thumb/v7-m/nofp\libc_nano.a(lib_a-fwalk.o)
                0x00000000080035d4                _fwalk_reent
 .text.__retarget_lock_init_recursive
                0x0000000008003612        0x2 c:/users/administrator/.vscode/extensions/buzzyelectronics.stm-helper-1.2.9/armgcc/bin/../lib/gcc/arm-none-eabi/9.2.1/../../../../arm-none-eabi/lib/thumb/v7-m/nofp\libc_nano.a(lib_a-lock.o)
                0x0000000008003612                __retarget_lock_init_recursive
 .text.__retarget_lock_acquire_recursive
                0x0000000008003614        0x2 c:/users/administrator/.vscode/extensions/buzzyelectronics.stm-helper-1.2.9/armgcc/bin/../lib/gcc/arm-none-eabi/9.2.1/../../../../arm-none-eabi/lib/thumb/v7-m/nofp\libc_nano.a(lib_a-lock.o)
                0x0000000008003614                __retarget_lock_acquire_recursive
 .text.__retarget_lock_release_recursive
                0x0000000008003616        0x2 c:/users/administrator/.vscode/extensions/buzzyelectronics.stm-helper-1.2.9/armgcc/bin/../lib/gcc/arm-none-eabi/9.2.1/../../../../arm-none-eabi/lib/thumb/v7-m/nofp\libc_nano.a(lib_a-lock.o)
                0x0000000008003616                __retarget_lock_release_recursive
 .text._malloc_r
                0x0000000008003618       0xb4 c:/users/administrator/.vscode/extensions/buzzyelectronics.stm-helper-1.2.9/armgcc/bin/../lib/gcc/arm-none-eabi/9.2.1/../../../../arm-none-eabi/lib/thumb/v7-m/nofp\libc_nano.a(lib_a-nano-mallocr.o)
                0x0000000008003618                _malloc_r
 .text.__sfputc_r
                0x00000000080036cc       0x2a c:/users/administrator/.vscode/extensions/buzzyelectronics.stm-helper-1.2.9/armgcc/bin/../lib/gcc/arm-none-eabi/9.2.1/../../../../arm-none-eabi/lib/thumb/v7-m/nofp\libc_nano.a(lib_a-nano-vfprintf.o)
 .text.__sfputs_r
                0x00000000080036f6       0x24 c:/users/administrator/.vscode/extensions/buzzyelectronics.stm-helper-1.2.9/armgcc/bin/../lib/gcc/arm-none-eabi/9.2.1/../../../../arm-none-eabi/lib/thumb/v7-m/nofp\libc_nano.a(lib_a-nano-vfprintf.o)
                0x00000000080036f6                __sfputs_r
 *fill*         0x000000000800371a        0x2 
 .text._vfprintf_r
                0x000000000800371c      0x260 c:/users/administrator/.vscode/extensions/buzzyelectronics.stm-helper-1.2.9/armgcc/bin/../lib/gcc/arm-none-eabi/9.2.1/../../../../arm-none-eabi/lib/thumb/v7-m/nofp\libc_nano.a(lib_a-nano-vfprintf.o)
                0x000000000800371c                _vfprintf_r
                0x000000000800371c                _vfiprintf_r
 .text._printf_common
                0x000000000800397c       0xde c:/users/administrator/.vscode/extensions/buzzyelectronics.stm-helper-1.2.9/armgcc/bin/../lib/gcc/arm-none-eabi/9.2.1/../../../../arm-none-eabi/lib/thumb/v7-m/nofp\libc_nano.a(lib_a-nano-vfprintf_i.o)
                0x000000000800397c                _printf_common
 *fill*         0x0000000008003a5a        0x2 
 .text._printf_i
                0x0000000008003a5c      0x24c c:/users/administrator/.vscode/extensions/buzzyelectronics.stm-helper-1.2.9/armgcc/bin/../lib/gcc/arm-none-eabi/9.2.1/../../../../arm-none-eabi/lib/thumb/v7-m/nofp\libc_nano.a(lib_a-nano-vfprintf_i.o)
                0x0000000008003a5c                _printf_i
 .text._sbrk_r  0x0000000008003ca8       0x20 c:/users/administrator/.vscode/extensions/buzzyelectronics.stm-helper-1.2.9/armgcc/bin/../lib/gcc/arm-none-eabi/9.2.1/../../../../arm-none-eabi/lib/thumb/v7-m/nofp\libc_nano.a(lib_a-sbrkr.o)
                0x0000000008003ca8                _sbrk_r
 .text.__sread  0x0000000008003cc8       0x22 c:/users/administrator/.vscode/extensions/buzzyelectronics.stm-helper-1.2.9/armgcc/bin/../lib/gcc/arm-none-eabi/9.2.1/../../../../arm-none-eabi/lib/thumb/v7-m/nofp\libc_nano.a(lib_a-stdio.o)
                0x0000000008003cc8                __sread
 .text.__swrite
                0x0000000008003cea       0x38 c:/users/administrator/.vscode/extensions/buzzyelectronics.stm-helper-1.2.9/armgcc/bin/../lib/gcc/arm-none-eabi/9.2.1/../../../../arm-none-eabi/lib/thumb/v7-m/nofp\libc_nano.a(lib_a-stdio.o)
                0x0000000008003cea                __swrite
 .text.__sseek  0x0000000008003d22       0x24 c:/users/administrator/.vscode/extensions/buzzyelectronics.stm-helper-1.2.9/armgcc/bin/../lib/gcc/arm-none-eabi/9.2.1/../../../../arm-none-eabi/lib/thumb/v7-m/nofp\libc_nano.a(lib_a-stdio.o)
                0x0000000008003d22                __sseek
 .text.__sclose
                0x0000000008003d46        0x8 c:/users/administrator/.vscode/extensions/buzzyelectronics.stm-helper-1.2.9/armgcc/bin/../lib/gcc/arm-none-eabi/9.2.1/../../../../arm-none-eabi/lib/thumb/v7-m/nofp\libc_nano.a(lib_a-stdio.o)
                0x0000000008003d46                __sclose
 *fill*         0x0000000008003d4e        0x2 
 .text.__swbuf_r
                0x0000000008003d50       0xa4 c:/users/administrator/.vscode/extensions/buzzyelectronics.stm-helper-1.2.9/armgcc/bin/../lib/gcc/arm-none-eabi/9.2.1/../../../../arm-none-eabi/lib/thumb/v7-m/nofp\libc_nano.a(lib_a-wbuf.o)
                0x0000000008003d50                __swbuf_r
 .text._write_r
                0x0000000008003df4       0x24 c:/users/administrator/.vscode/extensions/buzzyelectronics.stm-helper-1.2.9/armgcc/bin/../lib/gcc/arm-none-eabi/9.2.1/../../../../arm-none-eabi/lib/thumb/v7-m/nofp\libc_nano.a(lib_a-writer.o)
                0x0000000008003df4                _write_r
 .text.__swsetup_r
                0x0000000008003e18       0xdc c:/users/administrator/.vscode/extensions/buzzyelectronics.stm-helper-1.2.9/armgcc/bin/../lib/gcc/arm-none-eabi/9.2.1/../../../../arm-none-eabi/lib/thumb/v7-m/nofp\libc_nano.a(lib_a-wsetup.o)
                0x0000000008003e18                __swsetup_r
 .text._close_r
                0x0000000008003ef4       0x20 c:/users/administrator/.vscode/extensions/buzzyelectronics.stm-helper-1.2.9/armgcc/bin/../lib/gcc/arm-none-eabi/9.2.1/../../../../arm-none-eabi/lib/thumb/v7-m/nofp\libc_nano.a(lib_a-closer.o)
                0x0000000008003ef4                _close_r
 .text.__sflush_r
                0x0000000008003f14      0x10c c:/users/administrator/.vscode/extensions/buzzyelectronics.stm-helper-1.2.9/armgcc/bin/../lib/gcc/arm-none-eabi/9.2.1/../../../../arm-none-eabi/lib/thumb/v7-m/nofp\libc_nano.a(lib_a-fflush.o)
                0x0000000008003f14                __sflush_r
 .text._fflush_r
                0x0000000008004020       0x78 c:/users/administrator/.vscode/extensions/buzzyelectronics.stm-helper-1.2.9/armgcc/bin/../lib/gcc/arm-none-eabi/9.2.1/../../../../arm-none-eabi/lib/thumb/v7-m/nofp\libc_nano.a(lib_a-fflush.o)
                0x0000000008004020                _fflush_r
 .text._lseek_r
                0x0000000008004098       0x24 c:/users/administrator/.vscode/extensions/buzzyelectronics.stm-helper-1.2.9/armgcc/bin/../lib/gcc/arm-none-eabi/9.2.1/../../../../arm-none-eabi/lib/thumb/v7-m/nofp\libc_nano.a(lib_a-lseekr.o)
                0x0000000008004098                _lseek_r
 .text.__swhatbuf_r
                0x00000000080040bc       0x48 c:/users/administrator/.vscode/extensions/buzzyelectronics.stm-helper-1.2.9/armgcc/bin/../lib/gcc/arm-none-eabi/9.2.1/../../../../arm-none-eabi/lib/thumb/v7-m/nofp\libc_nano.a(lib_a-makebuf.o)
                0x00000000080040bc                __swhatbuf_r
 .text.__smakebuf_r
                0x0000000008004104       0x80 c:/users/administrator/.vscode/extensions/buzzyelectronics.stm-helper-1.2.9/armgcc/bin/../lib/gcc/arm-none-eabi/9.2.1/../../../../arm-none-eabi/lib/thumb/v7-m/nofp\libc_nano.a(lib_a-makebuf.o)
                0x0000000008004104                __smakebuf_r
 .text.memchr   0x0000000008004184       0x1c c:/users/administrator/.vscode/extensions/buzzyelectronics.stm-helper-1.2.9/armgcc/bin/../lib/gcc/arm-none-eabi/9.2.1/../../../../arm-none-eabi/lib/thumb/v7-m/nofp\libc_nano.a(lib_a-memchr-stub.o)
                0x0000000008004184                memchr
 .text.__malloc_lock
                0x00000000080041a0        0xc c:/users/administrator/.vscode/extensions/buzzyelectronics.stm-helper-1.2.9/armgcc/bin/../lib/gcc/arm-none-eabi/9.2.1/../../../../arm-none-eabi/lib/thumb/v7-m/nofp\libc_nano.a(lib_a-mlock.o)
                0x00000000080041a0                __malloc_lock
 .text.__malloc_unlock
                0x00000000080041ac        0xc c:/users/administrator/.vscode/extensions/buzzyelectronics.stm-helper-1.2.9/armgcc/bin/../lib/gcc/arm-none-eabi/9.2.1/../../../../arm-none-eabi/lib/thumb/v7-m/nofp\libc_nano.a(lib_a-mlock.o)
                0x00000000080041ac                __malloc_unlock
 .text._free_r  0x00000000080041b8       0x98 c:/users/administrator/.vscode/extensions/buzzyelectronics.stm-helper-1.2.9/armgcc/bin/../lib/gcc/arm-none-eabi/9.2.1/../../../../arm-none-eabi/lib/thumb/v7-m/nofp\libc_nano.a(lib_a-nano-freer.o)
                0x00000000080041b8                _free_r
 .text._read_r  0x0000000008004250       0x24 c:/users/administrator/.vscode/extensions/buzzyelectronics.stm-helper-1.2.9/armgcc/bin/../lib/gcc/arm-none-eabi/9.2.1/../../../../arm-none-eabi/lib/thumb/v7-m/nofp\libc_nano.a(lib_a-readr.o)
                0x0000000008004250                _read_r
 .text._fstat_r
                0x0000000008004274       0x24 c:/users/administrator/.vscode/extensions/buzzyelectronics.stm-helper-1.2.9/armgcc/bin/../lib/gcc/arm-none-eabi/9.2.1/../../../../arm-none-eabi/lib/thumb/v7-m/nofp\libc_nano.a(lib_a-fstatr.o)
                0x0000000008004274                _fstat_r
 .text._isatty_r
                0x0000000008004298       0x20 c:/users/administrator/.vscode/extensions/buzzyelectronics.stm-helper-1.2.9/armgcc/bin/../lib/gcc/arm-none-eabi/9.2.1/../../../../arm-none-eabi/lib/thumb/v7-m/nofp\libc_nano.a(lib_a-isattyr.o)
                0x0000000008004298                _isatty_r
 .text._close   0x00000000080042b8       0x10 c:/users/administrator/.vscode/extensions/buzzyelectronics.stm-helper-1.2.9/armgcc/bin/../lib/gcc/arm-none-eabi/9.2.1/../../../../arm-none-eabi/lib/thumb/v7-m/nofp\libnosys.a(close.o)
                0x00000000080042b8                _close
 .text._fstat   0x00000000080042c8       0x10 c:/users/administrator/.vscode/extensions/buzzyelectronics.stm-helper-1.2.9/armgcc/bin/../lib/gcc/arm-none-eabi/9.2.1/../../../../arm-none-eabi/lib/thumb/v7-m/nofp\libnosys.a(fstat.o)
                0x00000000080042c8                _fstat
 .text._isatty  0x00000000080042d8       0x10 c:/users/administrator/.vscode/extensions/buzzyelectronics.stm-helper-1.2.9/armgcc/bin/../lib/gcc/arm-none-eabi/9.2.1/../../../../arm-none-eabi/lib/thumb/v7-m/nofp\libnosys.a(isatty.o)
                0x00000000080042d8                _isatty
 .text._lseek   0x00000000080042e8       0x10 c:/users/administrator/.vscode/extensions/buzzyelectronics.stm-helper-1.2.9/armgcc/bin/../lib/gcc/arm-none-eabi/9.2.1/../../../../arm-none-eabi/lib/thumb/v7-m/nofp\libnosys.a(lseek.o)
                0x00000000080042e8                _lseek
 .text._read    0x00000000080042f8       0x10 c:/users/administrator/.vscode/extensions/buzzyelectronics.stm-helper-1.2.9/armgcc/bin/../lib/gcc/arm-none-eabi/9.2.1/../../../../arm-none-eabi/lib/thumb/v7-m/nofp\libnosys.a(read.o)
                0x00000000080042f8                _read
 .text._sbrk    0x0000000008004308       0x1c c:/users/administrator/.vscode/extensions/buzzyelectronics.stm-helper-1.2.9/armgcc/bin/../lib/gcc/arm-none-eabi/9.2.1/../../../../arm-none-eabi/lib/thumb/v7-m/nofp\libnosys.a(sbrk.o)
                0x0000000008004308                _sbrk
 .text._write   0x0000000008004324       0x10 c:/users/administrator/.vscode/extensions/buzzyelectronics.stm-helper-1.2.9/armgcc/bin/../lib/gcc/arm-none-eabi/9.2.1/../../../../arm-none-eabi/lib/thumb/v7-m/nofp\libnosys.a(write.o)
                0x0000000008004324                _write
 *(.glue_7)
 .glue_7        0x0000000008004334        0x0 linker stubs
 *(.glue_7t)
 .glue_7t       0x0000000008004334        0x0 linker stubs
 *(.eh_frame)
 .eh_frame      0x0000000008004334        0x0 c:/users/administrator/.vscode/extensions/buzzyelectronics.stm-helper-1.2.9/armgcc/bin/../lib/gcc/arm-none-eabi/9.2.1/thumb/v7-m/nofp/crtbegin.o
 *(.init)
 .init          0x0000000008004334        0x4 c:/users/administrator/.vscode/extensions/buzzyelectronics.stm-helper-1.2.9/armgcc/bin/../lib/gcc/arm-none-eabi/9.2.1/thumb/v7-m/nofp/crti.o
                0x0000000008004334                _init
 .init          0x0000000008004338        0x8 c:/users/administrator/.vscode/extensions/buzzyelectronics.stm-helper-1.2.9/armgcc/bin/../lib/gcc/arm-none-eabi/9.2.1/thumb/v7-m/nofp/crtn.o
 *(.fini)
 .fini          0x0000000008004340        0x4 c:/users/administrator/.vscode/extensions/buzzyelectronics.stm-helper-1.2.9/armgcc/bin/../lib/gcc/arm-none-eabi/9.2.1/thumb/v7-m/nofp/crti.o
                0x0000000008004340                _fini
 .fini          0x0000000008004344        0x8 c:/users/administrator/.vscode/extensions/buzzyelectronics.stm-helper-1.2.9/armgcc/bin/../lib/gcc/arm-none-eabi/9.2.1/thumb/v7-m/nofp/crtn.o
                0x000000000800434c                . = ALIGN (0x4)
                0x000000000800434c                _etext = .

.vfp11_veneer   0x000000000800434c        0x0
 .vfp11_veneer  0x000000000800434c        0x0 linker stubs

.v4_bx          0x000000000800434c        0x0
 .v4_bx         0x000000000800434c        0x0 linker stubs

.iplt           0x000000000800434c        0x0
 .iplt          0x000000000800434c        0x0 c:/users/administrator/.vscode/extensions/buzzyelectronics.stm-helper-1.2.9/armgcc/bin/../lib/gcc/arm-none-eabi/9.2.1/thumb/v7-m/nofp/crtbegin.o

.rodata         0x000000000800434c      0x10c
                0x000000000800434c                . = ALIGN (0x4)
 *(.rodata)
 .rodata        0x000000000800434c        0x5 build/bsp_dht21.o
 *(.rodata*)
 *fill*         0x0000000008004351        0x3 
 .rodata.main.str1.4
                0x0000000008004354       0x3f build/main.o
 *fill*         0x0000000008004393        0x1 
 .rodata.HAL_RCC_GetSysClockFreq.str1.4
                0x0000000008004394       0x11 build/stm32f1xx_hal_rcc.o
 .rodata.HAL_RCCEx_GetPeriphCLKFreq.str1.4
                0x00000000080043a5       0x11 build/stm32f1xx_hal_rcc_ex.o
 *fill*         0x00000000080043a5        0x3 
 .rodata.AHBPrescTable
                0x00000000080043a8       0x10 build/system_stm32f1xx.o
                0x00000000080043a8                AHBPrescTable
 .rodata.APBPrescTable
                0x00000000080043b8        0x8 build/system_stm32f1xx.o
                0x00000000080043b8                APBPrescTable
 .rodata._global_impure_ptr
                0x00000000080043c0        0x4 c:/users/administrator/.vscode/extensions/buzzyelectronics.stm-helper-1.2.9/armgcc/bin/../lib/gcc/arm-none-eabi/9.2.1/../../../../arm-none-eabi/lib/thumb/v7-m/nofp\libc_nano.a(lib_a-impure.o)
                0x00000000080043c0                _global_impure_ptr
 .rodata.__sf_fake_stderr
                0x00000000080043c4       0x20 c:/users/administrator/.vscode/extensions/buzzyelectronics.stm-helper-1.2.9/armgcc/bin/../lib/gcc/arm-none-eabi/9.2.1/../../../../arm-none-eabi/lib/thumb/v7-m/nofp\libc_nano.a(lib_a-findfp.o)
                0x00000000080043c4                __sf_fake_stderr
 .rodata.__sf_fake_stdin
                0x00000000080043e4       0x20 c:/users/administrator/.vscode/extensions/buzzyelectronics.stm-helper-1.2.9/armgcc/bin/../lib/gcc/arm-none-eabi/9.2.1/../../../../arm-none-eabi/lib/thumb/v7-m/nofp\libc_nano.a(lib_a-findfp.o)
                0x00000000080043e4                __sf_fake_stdin
 .rodata.__sf_fake_stdout
                0x0000000008004404       0x20 c:/users/administrator/.vscode/extensions/buzzyelectronics.stm-helper-1.2.9/armgcc/bin/../lib/gcc/arm-none-eabi/9.2.1/../../../../arm-none-eabi/lib/thumb/v7-m/nofp\libc_nano.a(lib_a-findfp.o)
                0x0000000008004404                __sf_fake_stdout
 .rodata._vfprintf_r.str1.1
                0x0000000008004424       0x11 c:/users/administrator/.vscode/extensions/buzzyelectronics.stm-helper-1.2.9/armgcc/bin/../lib/gcc/arm-none-eabi/9.2.1/../../../../arm-none-eabi/lib/thumb/v7-m/nofp\libc_nano.a(lib_a-nano-vfprintf.o)
 .rodata._printf_i.str1.1
                0x0000000008004435       0x22 c:/users/administrator/.vscode/extensions/buzzyelectronics.stm-helper-1.2.9/armgcc/bin/../lib/gcc/arm-none-eabi/9.2.1/../../../../arm-none-eabi/lib/thumb/v7-m/nofp\libc_nano.a(lib_a-nano-vfprintf_i.o)
                0x0000000008004458                . = ALIGN (0x4)
 *fill*         0x0000000008004457        0x1 

.rel.dyn        0x0000000008004458        0x0
 .rel.iplt      0x0000000008004458        0x0 c:/users/administrator/.vscode/extensions/buzzyelectronics.stm-helper-1.2.9/armgcc/bin/../lib/gcc/arm-none-eabi/9.2.1/thumb/v7-m/nofp/crtbegin.o

.ARM.extab
 *(.ARM.extab* .gnu.linkonce.armextab.*)

.ARM            0x0000000008004458        0x0
                0x0000000008004458                __exidx_start = .
 *(.ARM.exidx*)
                0x0000000008004458                __exidx_end = .

.preinit_array  0x0000000008004458        0x0
                0x0000000008004458                PROVIDE (__preinit_array_start = .)
 *(.preinit_array*)
                0x0000000008004458                PROVIDE (__preinit_array_end = .)

.init_array     0x0000000008004458        0x4
                0x0000000008004458                PROVIDE (__init_array_start = .)
 *(SORT_BY_NAME(.init_array.*))
 *(.init_array*)
 .init_array    0x0000000008004458        0x4 c:/users/administrator/.vscode/extensions/buzzyelectronics.stm-helper-1.2.9/armgcc/bin/../lib/gcc/arm-none-eabi/9.2.1/thumb/v7-m/nofp/crtbegin.o
                0x000000000800445c                PROVIDE (__init_array_end = .)

.fini_array     0x000000000800445c        0x4
                [!provide]                        PROVIDE (__fini_array_start = .)
 *(SORT_BY_NAME(.fini_array.*))
 *(.fini_array*)
 .fini_array    0x000000000800445c        0x4 c:/users/administrator/.vscode/extensions/buzzyelectronics.stm-helper-1.2.9/armgcc/bin/../lib/gcc/arm-none-eabi/9.2.1/thumb/v7-m/nofp/crtbegin.o
                [!provide]                        PROVIDE (__fini_array_end = .)
                0x0000000008004460                _sidata = LOADADDR (.data)

.data           0x0000000020000000       0x70 load address 0x0000000008004460
                0x0000000020000000                . = ALIGN (0x4)
                0x0000000020000000                _sdata = .
 *(.data)
 *(.data*)
 .data.uwTickFreq
                0x0000000020000000        0x1 build/stm32f1xx_hal.o
                0x0000000020000000                uwTickFreq
 *fill*         0x0000000020000001        0x3 
 .data.uwTickPrio
                0x0000000020000004        0x4 build/stm32f1xx_hal.o
                0x0000000020000004                uwTickPrio
 .data.SystemCoreClock
                0x0000000020000008        0x4 build/system_stm32f1xx.o
                0x0000000020000008                SystemCoreClock
 .data._impure_ptr
                0x000000002000000c        0x4 c:/users/administrator/.vscode/extensions/buzzyelectronics.stm-helper-1.2.9/armgcc/bin/../lib/gcc/arm-none-eabi/9.2.1/../../../../arm-none-eabi/lib/thumb/v7-m/nofp\libc_nano.a(lib_a-impure.o)
                0x000000002000000c                _impure_ptr
 .data.impure_data
                0x0000000020000010       0x60 c:/users/administrator/.vscode/extensions/buzzyelectronics.stm-helper-1.2.9/armgcc/bin/../lib/gcc/arm-none-eabi/9.2.1/../../../../arm-none-eabi/lib/thumb/v7-m/nofp\libc_nano.a(lib_a-impure.o)
                0x0000000020000070                . = ALIGN (0x4)
                0x0000000020000070                _edata = .

.igot.plt       0x0000000020000070        0x0 load address 0x00000000080044d0
 .igot.plt      0x0000000020000070        0x0 c:/users/administrator/.vscode/extensions/buzzyelectronics.stm-helper-1.2.9/armgcc/bin/../lib/gcc/arm-none-eabi/9.2.1/thumb/v7-m/nofp/crtbegin.o
                0x0000000020000070                . = ALIGN (0x4)

.bss            0x0000000020000070      0x208 load address 0x00000000080044d0
                0x0000000020000070                _sbss = .
                0x0000000020000070                __bss_start__ = _sbss
 *(.bss)
 *(.bss*)
 .bss.completed.8911
                0x0000000020000070        0x1 c:/users/administrator/.vscode/extensions/buzzyelectronics.stm-helper-1.2.9/armgcc/bin/../lib/gcc/arm-none-eabi/9.2.1/thumb/v7-m/nofp/crtbegin.o
 *fill*         0x0000000020000071        0x3 
 .bss.object.8916
                0x0000000020000074       0x18 c:/users/administrator/.vscode/extensions/buzzyelectronics.stm-helper-1.2.9/armgcc/bin/../lib/gcc/arm-none-eabi/9.2.1/thumb/v7-m/nofp/crtbegin.o
 .bss.__malloc_free_list
                0x000000002000008c        0x4 c:/users/administrator/.vscode/extensions/buzzyelectronics.stm-helper-1.2.9/armgcc/bin/../lib/gcc/arm-none-eabi/9.2.1/../../../../arm-none-eabi/lib/thumb/v7-m/nofp\libc_nano.a(lib_a-nano-mallocr.o)
                0x000000002000008c                __malloc_free_list
 .bss.__malloc_sbrk_start
                0x0000000020000090        0x4 c:/users/administrator/.vscode/extensions/buzzyelectronics.stm-helper-1.2.9/armgcc/bin/../lib/gcc/arm-none-eabi/9.2.1/../../../../arm-none-eabi/lib/thumb/v7-m/nofp\libc_nano.a(lib_a-nano-mallocr.o)
                0x0000000020000090                __malloc_sbrk_start
 .bss.heap_end.4144
                0x0000000020000094        0x4 c:/users/administrator/.vscode/extensions/buzzyelectronics.stm-helper-1.2.9/armgcc/bin/../lib/gcc/arm-none-eabi/9.2.1/../../../../arm-none-eabi/lib/thumb/v7-m/nofp\libnosys.a(sbrk.o)
 *(COMMON)
 COMMON         0x0000000020000098        0x4 build/stm32f1xx_hal.o
                0x0000000020000098                uwTick
 COMMON         0x000000002000009c       0x30 build/adc.o
                0x000000002000009c                hadc1
 COMMON         0x00000000200000cc       0x54 build/i2c.o
                0x00000000200000cc                hi2c1
 COMMON         0x0000000020000120       0x14 build/rtc.o
                0x0000000020000120                hrtc
 COMMON         0x0000000020000134       0xf4 build/spi.o
                0x0000000020000134                hspi2
                0x000000002000018c                hspi1
                0x00000000200001e4                hdma_spi1_tx
 COMMON         0x0000000020000228       0x40 build/usart.o
                0x0000000020000228                huart1
 COMMON         0x0000000020000268        0x9 c:/users/administrator/.vscode/extensions/buzzyelectronics.stm-helper-1.2.9/armgcc/bin/../lib/gcc/arm-none-eabi/9.2.1/../../../../arm-none-eabi/lib/thumb/v7-m/nofp\libc_nano.a(lib_a-lock.o)
                0x0000000020000268                __lock___atexit_recursive_mutex
                0x0000000020000269                __lock___arc4random_mutex
                0x000000002000026a                __lock___env_recursive_mutex
                0x000000002000026b                __lock___sinit_recursive_mutex
                0x000000002000026c                __lock___malloc_recursive_mutex
                0x000000002000026d                __lock___at_quick_exit_mutex
                0x000000002000026e                __lock___dd_hash_mutex
                0x000000002000026f                __lock___tz_mutex
                0x0000000020000270                __lock___sfp_recursive_mutex
 *fill*         0x0000000020000271        0x3 
 COMMON         0x0000000020000274        0x4 c:/users/administrator/.vscode/extensions/buzzyelectronics.stm-helper-1.2.9/armgcc/bin/../lib/gcc/arm-none-eabi/9.2.1/../../../../arm-none-eabi/lib/thumb/v7-m/nofp\libc_nano.a(lib_a-reent.o)
                0x0000000020000274                errno
                0x0000000020000278                . = ALIGN (0x4)
                0x0000000020000278                _ebss = .
                0x0000000020000278                __bss_end__ = _ebss

._user_heap_stack
                0x0000000020000278      0x600 load address 0x00000000080044d0
                0x0000000020000278                . = ALIGN (0x8)
                0x0000000020000278                PROVIDE (end = .)
                [!provide]                        PROVIDE (_end = .)
                0x0000000020000478                . = (. + _Min_Heap_Size)
 *fill*         0x0000000020000278      0x200 
                0x0000000020000878                . = (. + _Min_Stack_Size)
 *fill*         0x0000000020000478      0x400 
                0x0000000020000878                . = ALIGN (0x8)

/DISCARD/
 libc.a(*)
 libm.a(*)
 libgcc.a(*)

.ARM.attributes
                0x0000000000000000       0x29
 *(.ARM.attributes)
 .ARM.attributes
                0x0000000000000000       0x1d c:/users/administrator/.vscode/extensions/buzzyelectronics.stm-helper-1.2.9/armgcc/bin/../lib/gcc/arm-none-eabi/9.2.1/thumb/v7-m/nofp/crti.o
 .ARM.attributes
                0x000000000000001d       0x2d c:/users/administrator/.vscode/extensions/buzzyelectronics.stm-helper-1.2.9/armgcc/bin/../lib/gcc/arm-none-eabi/9.2.1/thumb/v7-m/nofp/crtbegin.o
 .ARM.attributes
                0x000000000000004a       0x2d build/main.o
 .ARM.attributes
                0x0000000000000077       0x2d build/gpio.o
 .ARM.attributes
                0x00000000000000a4       0x2d build/stm32f1xx_it.o
 .ARM.attributes
                0x00000000000000d1       0x2d build/stm32f1xx_hal_msp.o
 .ARM.attributes
                0x00000000000000fe       0x2d build/stm32f1xx_hal.o
 .ARM.attributes
                0x000000000000012b       0x2d build/stm32f1xx_hal_rcc.o
 .ARM.attributes
                0x0000000000000158       0x2d build/stm32f1xx_hal_rcc_ex.o
 .ARM.attributes
                0x0000000000000185       0x2d build/stm32f1xx_hal_gpio.o
 .ARM.attributes
                0x00000000000001b2       0x2d build/stm32f1xx_hal_dma.o
 .ARM.attributes
                0x00000000000001df       0x2d build/stm32f1xx_hal_cortex.o
 .ARM.attributes
                0x000000000000020c       0x2d build/stm32f1xx_hal_pwr.o
 .ARM.attributes
                0x0000000000000239       0x2d build/system_stm32f1xx.o
 .ARM.attributes
                0x0000000000000266       0x2d build/adc.o
 .ARM.attributes
                0x0000000000000293       0x2d build/dma.o
 .ARM.attributes
                0x00000000000002c0       0x2d build/i2c.o
 .ARM.attributes
                0x00000000000002ed       0x2d build/rtc.o
 .ARM.attributes
                0x000000000000031a       0x2d build/spi.o
 .ARM.attributes
                0x0000000000000347       0x2d build/usart.o
 .ARM.attributes
                0x0000000000000374       0x2d build/stm32f1xx_hal_adc.o
 .ARM.attributes
                0x00000000000003a1       0x2d build/stm32f1xx_hal_i2c.o
 .ARM.attributes
                0x00000000000003ce       0x2d build/stm32f1xx_hal_rtc.o
 .ARM.attributes
                0x00000000000003fb       0x2d build/stm32f1xx_hal_spi.o
 .ARM.attributes
                0x0000000000000428       0x2d build/stm32f1xx_hal_uart.o
 .ARM.attributes
                0x0000000000000455       0x2d build/bsp_dht21.o
 .ARM.attributes
                0x0000000000000482       0x21 build/startup_stm32f103xe.o
 .ARM.attributes
                0x00000000000004a3       0x2d c:/users/administrator/.vscode/extensions/buzzyelectronics.stm-helper-1.2.9/armgcc/bin/../lib/gcc/arm-none-eabi/9.2.1/../../../../arm-none-eabi/lib/thumb/v7-m/nofp\libc_nano.a(lib_a-impure.o)
 .ARM.attributes
                0x00000000000004d0       0x2d c:/users/administrator/.vscode/extensions/buzzyelectronics.stm-helper-1.2.9/armgcc/bin/../lib/gcc/arm-none-eabi/9.2.1/../../../../arm-none-eabi/lib/thumb/v7-m/nofp\libc_nano.a(lib_a-init.o)
 .ARM.attributes
                0x00000000000004fd       0x2d c:/users/administrator/.vscode/extensions/buzzyelectronics.stm-helper-1.2.9/armgcc/bin/../lib/gcc/arm-none-eabi/9.2.1/../../../../arm-none-eabi/lib/thumb/v7-m/nofp\libc_nano.a(lib_a-memset.o)
 .ARM.attributes
                0x000000000000052a       0x2d c:/users/administrator/.vscode/extensions/buzzyelectronics.stm-helper-1.2.9/armgcc/bin/../lib/gcc/arm-none-eabi/9.2.1/../../../../arm-none-eabi/lib/thumb/v7-m/nofp\libc_nano.a(lib_a-printf.o)
 .ARM.attributes
                0x0000000000000557       0x2d c:/users/administrator/.vscode/extensions/buzzyelectronics.stm-helper-1.2.9/armgcc/bin/../lib/gcc/arm-none-eabi/9.2.1/../../../../arm-none-eabi/lib/thumb/v7-m/nofp\libc_nano.a(lib_a-findfp.o)
 .ARM.attributes
                0x0000000000000584       0x2d c:/users/administrator/.vscode/extensions/buzzyelectronics.stm-helper-1.2.9/armgcc/bin/../lib/gcc/arm-none-eabi/9.2.1/../../../../arm-none-eabi/lib/thumb/v7-m/nofp\libc_nano.a(lib_a-fwalk.o)
 .ARM.attributes
                0x00000000000005b1       0x2d c:/users/administrator/.vscode/extensions/buzzyelectronics.stm-helper-1.2.9/armgcc/bin/../lib/gcc/arm-none-eabi/9.2.1/../../../../arm-none-eabi/lib/thumb/v7-m/nofp\libc_nano.a(lib_a-lock.o)
 .ARM.attributes
                0x00000000000005de       0x2d c:/users/administrator/.vscode/extensions/buzzyelectronics.stm-helper-1.2.9/armgcc/bin/../lib/gcc/arm-none-eabi/9.2.1/../../../../arm-none-eabi/lib/thumb/v7-m/nofp\libc_nano.a(lib_a-nano-mallocr.o)
 .ARM.attributes
                0x000000000000060b       0x2d c:/users/administrator/.vscode/extensions/buzzyelectronics.stm-helper-1.2.9/armgcc/bin/../lib/gcc/arm-none-eabi/9.2.1/../../../../arm-none-eabi/lib/thumb/v7-m/nofp\libc_nano.a(lib_a-nano-vfprintf.o)
 .ARM.attributes
                0x0000000000000638       0x2d c:/users/administrator/.vscode/extensions/buzzyelectronics.stm-helper-1.2.9/armgcc/bin/../lib/gcc/arm-none-eabi/9.2.1/../../../../arm-none-eabi/lib/thumb/v7-m/nofp\libc_nano.a(lib_a-nano-vfprintf_i.o)
 .ARM.attributes
                0x0000000000000665       0x2d c:/users/administrator/.vscode/extensions/buzzyelectronics.stm-helper-1.2.9/armgcc/bin/../lib/gcc/arm-none-eabi/9.2.1/../../../../arm-none-eabi/lib/thumb/v7-m/nofp\libc_nano.a(lib_a-sbrkr.o)
 .ARM.attributes
                0x0000000000000692       0x2d c:/users/administrator/.vscode/extensions/buzzyelectronics.stm-helper-1.2.9/armgcc/bin/../lib/gcc/arm-none-eabi/9.2.1/../../../../arm-none-eabi/lib/thumb/v7-m/nofp\libc_nano.a(lib_a-stdio.o)
 .ARM.attributes
                0x00000000000006bf       0x2d c:/users/administrator/.vscode/extensions/buzzyelectronics.stm-helper-1.2.9/armgcc/bin/../lib/gcc/arm-none-eabi/9.2.1/../../../../arm-none-eabi/lib/thumb/v7-m/nofp\libc_nano.a(lib_a-wbuf.o)
 .ARM.attributes
                0x00000000000006ec       0x2d c:/users/administrator/.vscode/extensions/buzzyelectronics.stm-helper-1.2.9/armgcc/bin/../lib/gcc/arm-none-eabi/9.2.1/../../../../arm-none-eabi/lib/thumb/v7-m/nofp\libc_nano.a(lib_a-writer.o)
 .ARM.attributes
                0x0000000000000719       0x2d c:/users/administrator/.vscode/extensions/buzzyelectronics.stm-helper-1.2.9/armgcc/bin/../lib/gcc/arm-none-eabi/9.2.1/../../../../arm-none-eabi/lib/thumb/v7-m/nofp\libc_nano.a(lib_a-wsetup.o)
 .ARM.attributes
                0x0000000000000746       0x2d c:/users/administrator/.vscode/extensions/buzzyelectronics.stm-helper-1.2.9/armgcc/bin/../lib/gcc/arm-none-eabi/9.2.1/../../../../arm-none-eabi/lib/thumb/v7-m/nofp\libc_nano.a(lib_a-closer.o)
 .ARM.attributes
                0x0000000000000773       0x2d c:/users/administrator/.vscode/extensions/buzzyelectronics.stm-helper-1.2.9/armgcc/bin/../lib/gcc/arm-none-eabi/9.2.1/../../../../arm-none-eabi/lib/thumb/v7-m/nofp\libc_nano.a(lib_a-fflush.o)
 .ARM.attributes
                0x00000000000007a0       0x2d c:/users/administrator/.vscode/extensions/buzzyelectronics.stm-helper-1.2.9/armgcc/bin/../lib/gcc/arm-none-eabi/9.2.1/../../../../arm-none-eabi/lib/thumb/v7-m/nofp\libc_nano.a(lib_a-lseekr.o)
 .ARM.attributes
                0x00000000000007cd       0x2d c:/users/administrator/.vscode/extensions/buzzyelectronics.stm-helper-1.2.9/armgcc/bin/../lib/gcc/arm-none-eabi/9.2.1/../../../../arm-none-eabi/lib/thumb/v7-m/nofp\libc_nano.a(lib_a-makebuf.o)
 .ARM.attributes
                0x00000000000007fa       0x2d c:/users/administrator/.vscode/extensions/buzzyelectronics.stm-helper-1.2.9/armgcc/bin/../lib/gcc/arm-none-eabi/9.2.1/../../../../arm-none-eabi/lib/thumb/v7-m/nofp\libc_nano.a(lib_a-memchr-stub.o)
 .ARM.attributes
                0x0000000000000827       0x2d c:/users/administrator/.vscode/extensions/buzzyelectronics.stm-helper-1.2.9/armgcc/bin/../lib/gcc/arm-none-eabi/9.2.1/../../../../arm-none-eabi/lib/thumb/v7-m/nofp\libc_nano.a(lib_a-mlock.o)
 .ARM.attributes
                0x0000000000000854       0x2d c:/users/administrator/.vscode/extensions/buzzyelectronics.stm-helper-1.2.9/armgcc/bin/../lib/gcc/arm-none-eabi/9.2.1/../../../../arm-none-eabi/lib/thumb/v7-m/nofp\libc_nano.a(lib_a-nano-freer.o)
 .ARM.attributes
                0x0000000000000881       0x2d c:/users/administrator/.vscode/extensions/buzzyelectronics.stm-helper-1.2.9/armgcc/bin/../lib/gcc/arm-none-eabi/9.2.1/../../../../arm-none-eabi/lib/thumb/v7-m/nofp\libc_nano.a(lib_a-readr.o)
 .ARM.attributes
                0x00000000000008ae       0x2d c:/users/administrator/.vscode/extensions/buzzyelectronics.stm-helper-1.2.9/armgcc/bin/../lib/gcc/arm-none-eabi/9.2.1/../../../../arm-none-eabi/lib/thumb/v7-m/nofp\libc_nano.a(lib_a-reent.o)
 .ARM.attributes
                0x00000000000008db       0x2d c:/users/administrator/.vscode/extensions/buzzyelectronics.stm-helper-1.2.9/armgcc/bin/../lib/gcc/arm-none-eabi/9.2.1/../../../../arm-none-eabi/lib/thumb/v7-m/nofp\libc_nano.a(lib_a-fstatr.o)
 .ARM.attributes
                0x0000000000000908       0x2d c:/users/administrator/.vscode/extensions/buzzyelectronics.stm-helper-1.2.9/armgcc/bin/../lib/gcc/arm-none-eabi/9.2.1/../../../../arm-none-eabi/lib/thumb/v7-m/nofp\libc_nano.a(lib_a-isattyr.o)
 .ARM.attributes
                0x0000000000000935       0x2d c:/users/administrator/.vscode/extensions/buzzyelectronics.stm-helper-1.2.9/armgcc/bin/../lib/gcc/arm-none-eabi/9.2.1/../../../../arm-none-eabi/lib/thumb/v7-m/nofp\libnosys.a(close.o)
 .ARM.attributes
                0x0000000000000962       0x2d c:/users/administrator/.vscode/extensions/buzzyelectronics.stm-helper-1.2.9/armgcc/bin/../lib/gcc/arm-none-eabi/9.2.1/../../../../arm-none-eabi/lib/thumb/v7-m/nofp\libnosys.a(fstat.o)
 .ARM.attributes
                0x000000000000098f       0x2d c:/users/administrator/.vscode/extensions/buzzyelectronics.stm-helper-1.2.9/armgcc/bin/../lib/gcc/arm-none-eabi/9.2.1/../../../../arm-none-eabi/lib/thumb/v7-m/nofp\libnosys.a(isatty.o)
 .ARM.attributes
                0x00000000000009bc       0x2d c:/users/administrator/.vscode/extensions/buzzyelectronics.stm-helper-1.2.9/armgcc/bin/../lib/gcc/arm-none-eabi/9.2.1/../../../../arm-none-eabi/lib/thumb/v7-m/nofp\libnosys.a(lseek.o)
 .ARM.attributes
                0x00000000000009e9       0x2d c:/users/administrator/.vscode/extensions/buzzyelectronics.stm-helper-1.2.9/armgcc/bin/../lib/gcc/arm-none-eabi/9.2.1/../../../../arm-none-eabi/lib/thumb/v7-m/nofp\libnosys.a(read.o)
 .ARM.attributes
                0x0000000000000a16       0x2d c:/users/administrator/.vscode/extensions/buzzyelectronics.stm-helper-1.2.9/armgcc/bin/../lib/gcc/arm-none-eabi/9.2.1/../../../../arm-none-eabi/lib/thumb/v7-m/nofp\libnosys.a(sbrk.o)
 .ARM.attributes
                0x0000000000000a43       0x2d c:/users/administrator/.vscode/extensions/buzzyelectronics.stm-helper-1.2.9/armgcc/bin/../lib/gcc/arm-none-eabi/9.2.1/../../../../arm-none-eabi/lib/thumb/v7-m/nofp\libnosys.a(write.o)
 .ARM.attributes
                0x0000000000000a70       0x1d c:/users/administrator/.vscode/extensions/buzzyelectronics.stm-helper-1.2.9/armgcc/bin/../lib/gcc/arm-none-eabi/9.2.1/thumb/v7-m/nofp\libgcc.a(_arm_muldf3.o)
 .ARM.attributes
                0x0000000000000a8d       0x1d c:/users/administrator/.vscode/extensions/buzzyelectronics.stm-helper-1.2.9/armgcc/bin/../lib/gcc/arm-none-eabi/9.2.1/thumb/v7-m/nofp\libgcc.a(_arm_mulsf3.o)
 .ARM.attributes
                0x0000000000000aaa       0x1d c:/users/administrator/.vscode/extensions/buzzyelectronics.stm-helper-1.2.9/armgcc/bin/../lib/gcc/arm-none-eabi/9.2.1/thumb/v7-m/nofp\libgcc.a(_arm_addsubdf3.o)
 .ARM.attributes
                0x0000000000000ac7       0x1d c:/users/administrator/.vscode/extensions/buzzyelectronics.stm-helper-1.2.9/armgcc/bin/../lib/gcc/arm-none-eabi/9.2.1/thumb/v7-m/nofp\libgcc.a(_arm_addsubsf3.o)
 .ARM.attributes
                0x0000000000000ae4       0x1d c:/users/administrator/.vscode/extensions/buzzyelectronics.stm-helper-1.2.9/armgcc/bin/../lib/gcc/arm-none-eabi/9.2.1/thumb/v7-m/nofp/crtn.o
OUTPUT(build/zet6net.elf elf32-littlearm)

.debug_info     0x0000000000000000    0x14b39
 .debug_info    0x0000000000000000     0x206c build/main.o
 .debug_info    0x000000000000206c      0x427 build/gpio.o
 .debug_info    0x0000000000002493      0x511 build/stm32f1xx_it.o
 .debug_info    0x00000000000029a4      0x332 build/stm32f1xx_hal_msp.o
 .debug_info    0x0000000000002cd6      0x94a build/stm32f1xx_hal.o
 .debug_info    0x0000000000003620      0xb67 build/stm32f1xx_hal_rcc.o
 .debug_info    0x0000000000004187      0x582 build/stm32f1xx_hal_rcc_ex.o
 .debug_info    0x0000000000004709      0x7d1 build/stm32f1xx_hal_gpio.o
 .debug_info    0x0000000000004eda      0x9b4 build/stm32f1xx_hal_dma.o
 .debug_info    0x000000000000588e      0xf5d build/stm32f1xx_hal_cortex.o
 .debug_info    0x00000000000067eb      0x82a build/stm32f1xx_hal_pwr.o
 .debug_info    0x0000000000007015      0x2f7 build/system_stm32f1xx.o
 .debug_info    0x000000000000730c      0xa19 build/adc.o
 .debug_info    0x0000000000007d25      0x475 build/dma.o
 .debug_info    0x000000000000819a      0xa3f build/i2c.o
 .debug_info    0x0000000000008bd9      0x59a build/rtc.o
 .debug_info    0x0000000000009173      0xb5d build/spi.o
 .debug_info    0x0000000000009cd0      0x99d build/usart.o
 .debug_info    0x000000000000a66d     0x10f9 build/stm32f1xx_hal_adc.o
 .debug_info    0x000000000000b766     0x3cf3 build/stm32f1xx_hal_i2c.o
 .debug_info    0x000000000000f459     0x16d4 build/stm32f1xx_hal_rtc.o
 .debug_info    0x0000000000010b2d     0x1fb2 build/stm32f1xx_hal_spi.o
 .debug_info    0x0000000000012adf     0x1a8f build/stm32f1xx_hal_uart.o
 .debug_info    0x000000000001456e      0x5a9 build/bsp_dht21.o
 .debug_info    0x0000000000014b17       0x22 build/startup_stm32f103xe.o

.debug_abbrev   0x0000000000000000     0x3499
 .debug_abbrev  0x0000000000000000      0x2e5 build/main.o
 .debug_abbrev  0x00000000000002e5      0x17e build/gpio.o
 .debug_abbrev  0x0000000000000463      0x183 build/stm32f1xx_it.o
 .debug_abbrev  0x00000000000005e6      0x130 build/stm32f1xx_hal_msp.o
 .debug_abbrev  0x0000000000000716      0x21c build/stm32f1xx_hal.o
 .debug_abbrev  0x0000000000000932      0x2ad build/stm32f1xx_hal_rcc.o
 .debug_abbrev  0x0000000000000bdf      0x1fb build/stm32f1xx_hal_rcc_ex.o
 .debug_abbrev  0x0000000000000dda      0x24f build/stm32f1xx_hal_gpio.o
 .debug_abbrev  0x0000000000001029      0x2a1 build/stm32f1xx_hal_dma.o
 .debug_abbrev  0x00000000000012ca      0x37f build/stm32f1xx_hal_cortex.o
 .debug_abbrev  0x0000000000001649      0x222 build/stm32f1xx_hal_pwr.o
 .debug_abbrev  0x000000000000186b      0x153 build/system_stm32f1xx.o
 .debug_abbrev  0x00000000000019be      0x1f1 build/adc.o
 .debug_abbrev  0x0000000000001baf      0x156 build/dma.o
 .debug_abbrev  0x0000000000001d05      0x1f1 build/i2c.o
 .debug_abbrev  0x0000000000001ef6      0x1da build/rtc.o
 .debug_abbrev  0x00000000000020d0      0x204 build/spi.o
 .debug_abbrev  0x00000000000022d4      0x1f1 build/usart.o
 .debug_abbrev  0x00000000000024c5      0x265 build/stm32f1xx_hal_adc.o
 .debug_abbrev  0x000000000000272a      0x332 build/stm32f1xx_hal_i2c.o
 .debug_abbrev  0x0000000000002a5c      0x287 build/stm32f1xx_hal_rtc.o
 .debug_abbrev  0x0000000000002ce3      0x2be build/stm32f1xx_hal_spi.o
 .debug_abbrev  0x0000000000002fa1      0x2ea build/stm32f1xx_hal_uart.o
 .debug_abbrev  0x000000000000328b      0x1fc build/bsp_dht21.o
 .debug_abbrev  0x0000000000003487       0x12 build/startup_stm32f103xe.o

.debug_loc      0x0000000000000000     0xe5f7
 .debug_loc     0x0000000000000000      0x11b build/main.o
 .debug_loc     0x000000000000011b       0x38 build/gpio.o
 .debug_loc     0x0000000000000153       0x40 build/stm32f1xx_it.o
 .debug_loc     0x0000000000000193       0x41 build/stm32f1xx_hal_msp.o
 .debug_loc     0x00000000000001d4      0x1e1 build/stm32f1xx_hal.o
 .debug_loc     0x00000000000003b5      0x7c0 build/stm32f1xx_hal_rcc.o
 .debug_loc     0x0000000000000b75      0x432 build/stm32f1xx_hal_rcc_ex.o
 .debug_loc     0x0000000000000fa7      0x53b build/stm32f1xx_hal_gpio.o
 .debug_loc     0x00000000000014e2      0x8ea build/stm32f1xx_hal_dma.o
 .debug_loc     0x0000000000001dcc      0x7af build/stm32f1xx_hal_cortex.o
 .debug_loc     0x000000000000257b      0x182 build/stm32f1xx_hal_pwr.o
 .debug_loc     0x00000000000026fd       0xff build/system_stm32f1xx.o
 .debug_loc     0x00000000000027fc      0x12c build/adc.o
 .debug_loc     0x0000000000002928       0x38 build/dma.o
 .debug_loc     0x0000000000002960       0xeb build/i2c.o
 .debug_loc     0x0000000000002a4b       0x7d build/rtc.o
 .debug_loc     0x0000000000002ac8      0x15c build/spi.o
 .debug_loc     0x0000000000002c24      0x108 build/usart.o
 .debug_loc     0x0000000000002d2c      0xdf1 build/stm32f1xx_hal_adc.o
 .debug_loc     0x0000000000003b1d     0x4b59 build/stm32f1xx_hal_i2c.o
 .debug_loc     0x0000000000008676     0x1b5a build/stm32f1xx_hal_rtc.o
 .debug_loc     0x000000000000a1d0     0x2452 build/stm32f1xx_hal_spi.o
 .debug_loc     0x000000000000c622     0x1e05 build/stm32f1xx_hal_uart.o
 .debug_loc     0x000000000000e427      0x1d0 build/bsp_dht21.o

.debug_aranges  0x0000000000000000      0xe50
 .debug_aranges
                0x0000000000000000       0x38 build/main.o
 .debug_aranges
                0x0000000000000038       0x20 build/gpio.o
 .debug_aranges
                0x0000000000000058       0x68 build/stm32f1xx_it.o
 .debug_aranges
                0x00000000000000c0       0x20 build/stm32f1xx_hal_msp.o
 .debug_aranges
                0x00000000000000e0       0xe0 build/stm32f1xx_hal.o
 .debug_aranges
                0x00000000000001c0       0x90 build/stm32f1xx_hal_rcc.o
 .debug_aranges
                0x0000000000000250       0x30 build/stm32f1xx_hal_rcc_ex.o
 .debug_aranges
                0x0000000000000280       0x58 build/stm32f1xx_hal_gpio.o
 .debug_aranges
                0x00000000000002d8       0x80 build/stm32f1xx_hal_dma.o
 .debug_aranges
                0x0000000000000358       0x90 build/stm32f1xx_hal_cortex.o
 .debug_aranges
                0x00000000000003e8       0xa8 build/stm32f1xx_hal_pwr.o
 .debug_aranges
                0x0000000000000490       0x28 build/system_stm32f1xx.o
 .debug_aranges
                0x00000000000004b8       0x30 build/adc.o
 .debug_aranges
                0x00000000000004e8       0x20 build/dma.o
 .debug_aranges
                0x0000000000000508       0x30 build/i2c.o
 .debug_aranges
                0x0000000000000538       0x30 build/rtc.o
 .debug_aranges
                0x0000000000000568       0x38 build/spi.o
 .debug_aranges
                0x00000000000005a0       0x30 build/usart.o
 .debug_aranges
                0x00000000000005d0       0xf0 build/stm32f1xx_hal_adc.o
 .debug_aranges
                0x00000000000006c0      0x2a0 build/stm32f1xx_hal_i2c.o
 .debug_aranges
                0x0000000000000960       0xf8 build/stm32f1xx_hal_rtc.o
 .debug_aranges
                0x0000000000000a58      0x1d0 build/stm32f1xx_hal_spi.o
 .debug_aranges
                0x0000000000000c28      0x1d0 build/stm32f1xx_hal_uart.o
 .debug_aranges
                0x0000000000000df8       0x30 build/bsp_dht21.o
 .debug_aranges
                0x0000000000000e28       0x28 build/startup_stm32f103xe.o

.debug_ranges   0x0000000000000000      0xdc0
 .debug_ranges  0x0000000000000000       0x40 build/main.o
 .debug_ranges  0x0000000000000040       0x10 build/gpio.o
 .debug_ranges  0x0000000000000050       0x58 build/stm32f1xx_it.o
 .debug_ranges  0x00000000000000a8       0x10 build/stm32f1xx_hal_msp.o
 .debug_ranges  0x00000000000000b8       0xd0 build/stm32f1xx_hal.o
 .debug_ranges  0x0000000000000188       0xa0 build/stm32f1xx_hal_rcc.o
 .debug_ranges  0x0000000000000228       0x38 build/stm32f1xx_hal_rcc_ex.o
 .debug_ranges  0x0000000000000260       0x48 build/stm32f1xx_hal_gpio.o
 .debug_ranges  0x00000000000002a8       0x70 build/stm32f1xx_hal_dma.o
 .debug_ranges  0x0000000000000318       0xe0 build/stm32f1xx_hal_cortex.o
 .debug_ranges  0x00000000000003f8       0x98 build/stm32f1xx_hal_pwr.o
 .debug_ranges  0x0000000000000490       0x18 build/system_stm32f1xx.o
 .debug_ranges  0x00000000000004a8       0x20 build/adc.o
 .debug_ranges  0x00000000000004c8       0x10 build/dma.o
 .debug_ranges  0x00000000000004d8       0x20 build/i2c.o
 .debug_ranges  0x00000000000004f8       0x20 build/rtc.o
 .debug_ranges  0x0000000000000518       0x28 build/spi.o
 .debug_ranges  0x0000000000000540       0x20 build/usart.o
 .debug_ranges  0x0000000000000560       0xe0 build/stm32f1xx_hal_adc.o
 .debug_ranges  0x0000000000000640      0x2a8 build/stm32f1xx_hal_i2c.o
 .debug_ranges  0x00000000000008e8       0xe8 build/stm32f1xx_hal_rtc.o
 .debug_ranges  0x00000000000009d0      0x1c0 build/stm32f1xx_hal_spi.o
 .debug_ranges  0x0000000000000b90      0x1c0 build/stm32f1xx_hal_uart.o
 .debug_ranges  0x0000000000000d50       0x50 build/bsp_dht21.o
 .debug_ranges  0x0000000000000da0       0x20 build/startup_stm32f103xe.o

.debug_line     0x0000000000000000    0x11314
 .debug_line    0x0000000000000000      0x5a2 build/main.o
 .debug_line    0x00000000000005a2      0x243 build/gpio.o
 .debug_line    0x00000000000007e5      0x320 build/stm32f1xx_it.o
 .debug_line    0x0000000000000b05      0x20f build/stm32f1xx_hal_msp.o
 .debug_line    0x0000000000000d14      0x552 build/stm32f1xx_hal.o
 .debug_line    0x0000000000001266      0xc6f build/stm32f1xx_hal_rcc.o
 .debug_line    0x0000000000001ed5      0x524 build/stm32f1xx_hal_rcc_ex.o
 .debug_line    0x00000000000023f9      0x665 build/stm32f1xx_hal_gpio.o
 .debug_line    0x0000000000002a5e      0xd5f build/stm32f1xx_hal_dma.o
 .debug_line    0x00000000000037bd      0x6a8 build/stm32f1xx_hal_cortex.o
 .debug_line    0x0000000000003e65      0x4ad build/stm32f1xx_hal_pwr.o
 .debug_line    0x0000000000004312      0x2c2 build/system_stm32f1xx.o
 .debug_line    0x00000000000045d4      0x36f build/adc.o
 .debug_line    0x0000000000004943      0x210 build/dma.o
 .debug_line    0x0000000000004b53      0x346 build/i2c.o
 .debug_line    0x0000000000004e99      0x2db build/rtc.o
 .debug_line    0x0000000000005174      0x4b8 build/spi.o
 .debug_line    0x000000000000562c      0x360 build/usart.o
 .debug_line    0x000000000000598c      0xf0b build/stm32f1xx_hal_adc.o
 .debug_line    0x0000000000006897     0x5332 build/stm32f1xx_hal_i2c.o
 .debug_line    0x000000000000bbc9     0x11bf build/stm32f1xx_hal_rtc.o
 .debug_line    0x000000000000cd88     0x248d build/stm32f1xx_hal_spi.o
 .debug_line    0x000000000000f215     0x1c14 build/stm32f1xx_hal_uart.o
 .debug_line    0x0000000000010e29      0x479 build/bsp_dht21.o
 .debug_line    0x00000000000112a2       0x72 build/startup_stm32f103xe.o

.debug_str      0x0000000000000000     0x41f5
 .debug_str     0x0000000000000000     0x128d build/main.o
                                       0x13b9 (size before relaxing)
 .debug_str     0x000000000000128d       0xca build/gpio.o
                                        0x33e (size before relaxing)
 .debug_str     0x0000000000001357       0xed build/stm32f1xx_it.o
                                        0x507 (size before relaxing)
 .debug_str     0x0000000000001444       0x57 build/stm32f1xx_hal_msp.o
                                        0x2e0 (size before relaxing)
 .debug_str     0x000000000000149b      0x644 build/stm32f1xx_hal.o
                                        0x938 (size before relaxing)
 .debug_str     0x0000000000001adf      0x1e2 build/stm32f1xx_hal_rcc.o
                                        0x6a3 (size before relaxing)
 .debug_str     0x0000000000001cc1       0x9c build/stm32f1xx_hal_rcc_ex.o
                                        0x4c0 (size before relaxing)
 .debug_str     0x0000000000001d5d      0x122 build/stm32f1xx_hal_gpio.o
                                        0x4c1 (size before relaxing)
 .debug_str     0x0000000000001e7f      0x229 build/stm32f1xx_hal_dma.o
                                        0x6be (size before relaxing)
 .debug_str     0x00000000000020a8      0x3b8 build/stm32f1xx_hal_cortex.o
                                        0xa54 (size before relaxing)
 .debug_str     0x0000000000002460      0x21a build/stm32f1xx_hal_pwr.o
                                        0x54a (size before relaxing)
 .debug_str     0x000000000000267a       0x4f build/system_stm32f1xx.o
                                        0x2d7 (size before relaxing)
 .debug_str     0x00000000000026c9       0x8f build/adc.o
                                        0x6e0 (size before relaxing)
 .debug_str     0x0000000000002758        0xf build/dma.o
                                        0x685 (size before relaxing)
 .debug_str     0x0000000000002767       0x48 build/i2c.o
                                        0x7e3 (size before relaxing)
 .debug_str     0x00000000000027af       0x48 build/rtc.o
                                        0x497 (size before relaxing)
 .debug_str     0x00000000000027f7       0x48 build/spi.o
                                        0x77c (size before relaxing)
 .debug_str     0x000000000000283f       0x4e build/usart.o
                                        0x722 (size before relaxing)
 .debug_str     0x000000000000288d      0x2b1 build/stm32f1xx_hal_adc.o
                                        0x972 (size before relaxing)
 .debug_str     0x0000000000002b3e      0x8a1 build/stm32f1xx_hal_i2c.o
                                       0x1057 (size before relaxing)
 .debug_str     0x00000000000033df      0x3b6 build/stm32f1xx_hal_rtc.o
                                        0x869 (size before relaxing)
 .debug_str     0x0000000000003795      0x4fa build/stm32f1xx_hal_spi.o
                                        0xc05 (size before relaxing)
 .debug_str     0x0000000000003c8f      0x507 build/stm32f1xx_hal_uart.o
                                        0xc51 (size before relaxing)
 .debug_str     0x0000000000004196       0x3b build/bsp_dht21.o
                                        0x36a (size before relaxing)
 .debug_str     0x00000000000041d1       0x24 build/startup_stm32f103xe.o
                                         0x34 (size before relaxing)

.comment        0x0000000000000000       0x66
 .comment       0x0000000000000000       0x66 build/main.o
                                         0x67 (size before relaxing)
 .comment       0x0000000000000066       0x67 build/gpio.o
 .comment       0x0000000000000066       0x67 build/stm32f1xx_it.o
 .comment       0x0000000000000066       0x67 build/stm32f1xx_hal_msp.o
 .comment       0x0000000000000066       0x67 build/stm32f1xx_hal.o
 .comment       0x0000000000000066       0x67 build/stm32f1xx_hal_rcc.o
 .comment       0x0000000000000066       0x67 build/stm32f1xx_hal_rcc_ex.o
 .comment       0x0000000000000066       0x67 build/stm32f1xx_hal_gpio.o
 .comment       0x0000000000000066       0x67 build/stm32f1xx_hal_dma.o
 .comment       0x0000000000000066       0x67 build/stm32f1xx_hal_cortex.o
 .comment       0x0000000000000066       0x67 build/stm32f1xx_hal_pwr.o
 .comment       0x0000000000000066       0x67 build/system_stm32f1xx.o
 .comment       0x0000000000000066       0x67 build/adc.o
 .comment       0x0000000000000066       0x67 build/dma.o
 .comment       0x0000000000000066       0x67 build/i2c.o
 .comment       0x0000000000000066       0x67 build/rtc.o
 .comment       0x0000000000000066       0x67 build/spi.o
 .comment       0x0000000000000066       0x67 build/usart.o
 .comment       0x0000000000000066       0x67 build/stm32f1xx_hal_adc.o
 .comment       0x0000000000000066       0x67 build/stm32f1xx_hal_i2c.o
 .comment       0x0000000000000066       0x67 build/stm32f1xx_hal_rtc.o
 .comment       0x0000000000000066       0x67 build/stm32f1xx_hal_spi.o
 .comment       0x0000000000000066       0x67 build/stm32f1xx_hal_uart.o
 .comment       0x0000000000000066       0x67 build/bsp_dht21.o

.debug_frame    0x0000000000000000     0x3568
 .debug_frame   0x0000000000000000       0x80 build/main.o
 .debug_frame   0x0000000000000080       0x34 build/gpio.o
 .debug_frame   0x00000000000000b4       0xc8 build/stm32f1xx_it.o
 .debug_frame   0x000000000000017c       0x28 build/stm32f1xx_hal_msp.o
 .debug_frame   0x00000000000001a4      0x1e0 build/stm32f1xx_hal.o
 .debug_frame   0x0000000000000384      0x1c0 build/stm32f1xx_hal_rcc.o
 .debug_frame   0x0000000000000544       0x6c build/stm32f1xx_hal_rcc_ex.o
 .debug_frame   0x00000000000005b0      0x104 build/stm32f1xx_hal_gpio.o
 .debug_frame   0x00000000000006b4      0x168 build/stm32f1xx_hal_dma.o
 .debug_frame   0x000000000000081c      0x13c build/stm32f1xx_hal_cortex.o
 .debug_frame   0x0000000000000958      0x148 build/stm32f1xx_hal_pwr.o
 .debug_frame   0x0000000000000aa0       0x30 build/system_stm32f1xx.o
 .debug_frame   0x0000000000000ad0       0x6c build/adc.o
 .debug_frame   0x0000000000000b3c       0x2c build/dma.o
 .debug_frame   0x0000000000000b68       0x6c build/i2c.o
 .debug_frame   0x0000000000000bd4       0x58 build/rtc.o
 .debug_frame   0x0000000000000c2c       0x90 build/spi.o
 .debug_frame   0x0000000000000cbc       0x6c build/usart.o
 .debug_frame   0x0000000000000d28      0x328 build/stm32f1xx_hal_adc.o
 .debug_frame   0x0000000000001050      0xabc build/stm32f1xx_hal_i2c.o
 .debug_frame   0x0000000000001b0c      0x3ec build/stm32f1xx_hal_rtc.o
 .debug_frame   0x0000000000001ef8      0x63c build/stm32f1xx_hal_spi.o
 .debug_frame   0x0000000000002534      0x570 build/stm32f1xx_hal_uart.o
 .debug_frame   0x0000000000002aa4       0x84 build/bsp_dht21.o
 .debug_frame   0x0000000000002b28       0x2c c:/users/administrator/.vscode/extensions/buzzyelectronics.stm-helper-1.2.9/armgcc/bin/../lib/gcc/arm-none-eabi/9.2.1/../../../../arm-none-eabi/lib/thumb/v7-m/nofp\libc_nano.a(lib_a-init.o)
 .debug_frame   0x0000000000002b54       0x20 c:/users/administrator/.vscode/extensions/buzzyelectronics.stm-helper-1.2.9/armgcc/bin/../lib/gcc/arm-none-eabi/9.2.1/../../../../arm-none-eabi/lib/thumb/v7-m/nofp\libc_nano.a(lib_a-memset.o)
 .debug_frame   0x0000000000002b74       0x74 c:/users/administrator/.vscode/extensions/buzzyelectronics.stm-helper-1.2.9/armgcc/bin/../lib/gcc/arm-none-eabi/9.2.1/../../../../arm-none-eabi/lib/thumb/v7-m/nofp\libc_nano.a(lib_a-printf.o)
 .debug_frame   0x0000000000002be8      0x14c c:/users/administrator/.vscode/extensions/buzzyelectronics.stm-helper-1.2.9/armgcc/bin/../lib/gcc/arm-none-eabi/9.2.1/../../../../arm-none-eabi/lib/thumb/v7-m/nofp\libc_nano.a(lib_a-findfp.o)
 .debug_frame   0x0000000000002d34       0x54 c:/users/administrator/.vscode/extensions/buzzyelectronics.stm-helper-1.2.9/armgcc/bin/../lib/gcc/arm-none-eabi/9.2.1/../../../../arm-none-eabi/lib/thumb/v7-m/nofp\libc_nano.a(lib_a-fwalk.o)
 .debug_frame   0x0000000000002d88       0xb0 c:/users/administrator/.vscode/extensions/buzzyelectronics.stm-helper-1.2.9/armgcc/bin/../lib/gcc/arm-none-eabi/9.2.1/../../../../arm-none-eabi/lib/thumb/v7-m/nofp\libc_nano.a(lib_a-lock.o)
 .debug_frame   0x0000000000002e38       0x30 c:/users/administrator/.vscode/extensions/buzzyelectronics.stm-helper-1.2.9/armgcc/bin/../lib/gcc/arm-none-eabi/9.2.1/../../../../arm-none-eabi/lib/thumb/v7-m/nofp\libc_nano.a(lib_a-nano-mallocr.o)
 .debug_frame   0x0000000000002e68       0xac c:/users/administrator/.vscode/extensions/buzzyelectronics.stm-helper-1.2.9/armgcc/bin/../lib/gcc/arm-none-eabi/9.2.1/../../../../arm-none-eabi/lib/thumb/v7-m/nofp\libc_nano.a(lib_a-nano-vfprintf.o)
 .debug_frame   0x0000000000002f14       0x60 c:/users/administrator/.vscode/extensions/buzzyelectronics.stm-helper-1.2.9/armgcc/bin/../lib/gcc/arm-none-eabi/9.2.1/../../../../arm-none-eabi/lib/thumb/v7-m/nofp\libc_nano.a(lib_a-nano-vfprintf_i.o)
 .debug_frame   0x0000000000002f74       0x2c c:/users/administrator/.vscode/extensions/buzzyelectronics.stm-helper-1.2.9/armgcc/bin/../lib/gcc/arm-none-eabi/9.2.1/../../../../arm-none-eabi/lib/thumb/v7-m/nofp\libc_nano.a(lib_a-sbrkr.o)
 .debug_frame   0x0000000000002fa0       0x88 c:/users/administrator/.vscode/extensions/buzzyelectronics.stm-helper-1.2.9/armgcc/bin/../lib/gcc/arm-none-eabi/9.2.1/../../../../arm-none-eabi/lib/thumb/v7-m/nofp\libc_nano.a(lib_a-stdio.o)
 .debug_frame   0x0000000000003028       0x40 c:/users/administrator/.vscode/extensions/buzzyelectronics.stm-helper-1.2.9/armgcc/bin/../lib/gcc/arm-none-eabi/9.2.1/../../../../arm-none-eabi/lib/thumb/v7-m/nofp\libc_nano.a(lib_a-wbuf.o)
 .debug_frame   0x0000000000003068       0x2c c:/users/administrator/.vscode/extensions/buzzyelectronics.stm-helper-1.2.9/armgcc/bin/../lib/gcc/arm-none-eabi/9.2.1/../../../../arm-none-eabi/lib/thumb/v7-m/nofp\libc_nano.a(lib_a-writer.o)
 .debug_frame   0x0000000000003094       0x2c c:/users/administrator/.vscode/extensions/buzzyelectronics.stm-helper-1.2.9/armgcc/bin/../lib/gcc/arm-none-eabi/9.2.1/../../../../arm-none-eabi/lib/thumb/v7-m/nofp\libc_nano.a(lib_a-wsetup.o)
 .debug_frame   0x00000000000030c0       0x2c c:/users/administrator/.vscode/extensions/buzzyelectronics.stm-helper-1.2.9/armgcc/bin/../lib/gcc/arm-none-eabi/9.2.1/../../../../arm-none-eabi/lib/thumb/v7-m/nofp\libc_nano.a(lib_a-closer.o)
 .debug_frame   0x00000000000030ec       0x5c c:/users/administrator/.vscode/extensions/buzzyelectronics.stm-helper-1.2.9/armgcc/bin/../lib/gcc/arm-none-eabi/9.2.1/../../../../arm-none-eabi/lib/thumb/v7-m/nofp\libc_nano.a(lib_a-fflush.o)
 .debug_frame   0x0000000000003148       0x2c c:/users/administrator/.vscode/extensions/buzzyelectronics.stm-helper-1.2.9/armgcc/bin/../lib/gcc/arm-none-eabi/9.2.1/../../../../arm-none-eabi/lib/thumb/v7-m/nofp\libc_nano.a(lib_a-lseekr.o)
 .debug_frame   0x0000000000003174       0x58 c:/users/administrator/.vscode/extensions/buzzyelectronics.stm-helper-1.2.9/armgcc/bin/../lib/gcc/arm-none-eabi/9.2.1/../../../../arm-none-eabi/lib/thumb/v7-m/nofp\libc_nano.a(lib_a-makebuf.o)
 .debug_frame   0x00000000000031cc       0x28 c:/users/administrator/.vscode/extensions/buzzyelectronics.stm-helper-1.2.9/armgcc/bin/../lib/gcc/arm-none-eabi/9.2.1/../../../../arm-none-eabi/lib/thumb/v7-m/nofp\libc_nano.a(lib_a-memchr-stub.o)
 .debug_frame   0x00000000000031f4       0x30 c:/users/administrator/.vscode/extensions/buzzyelectronics.stm-helper-1.2.9/armgcc/bin/../lib/gcc/arm-none-eabi/9.2.1/../../../../arm-none-eabi/lib/thumb/v7-m/nofp\libc_nano.a(lib_a-mlock.o)
 .debug_frame   0x0000000000003224       0x38 c:/users/administrator/.vscode/extensions/buzzyelectronics.stm-helper-1.2.9/armgcc/bin/../lib/gcc/arm-none-eabi/9.2.1/../../../../arm-none-eabi/lib/thumb/v7-m/nofp\libc_nano.a(lib_a-nano-freer.o)
 .debug_frame   0x000000000000325c       0x2c c:/users/administrator/.vscode/extensions/buzzyelectronics.stm-helper-1.2.9/armgcc/bin/../lib/gcc/arm-none-eabi/9.2.1/../../../../arm-none-eabi/lib/thumb/v7-m/nofp\libc_nano.a(lib_a-readr.o)
 .debug_frame   0x0000000000003288       0x5c c:/users/administrator/.vscode/extensions/buzzyelectronics.stm-helper-1.2.9/armgcc/bin/../lib/gcc/arm-none-eabi/9.2.1/../../../../arm-none-eabi/lib/thumb/v7-m/nofp\libc_nano.a(lib_a-reent.o)
 .debug_frame   0x00000000000032e4       0x2c c:/users/administrator/.vscode/extensions/buzzyelectronics.stm-helper-1.2.9/armgcc/bin/../lib/gcc/arm-none-eabi/9.2.1/../../../../arm-none-eabi/lib/thumb/v7-m/nofp\libc_nano.a(lib_a-fstatr.o)
 .debug_frame   0x0000000000003310       0x2c c:/users/administrator/.vscode/extensions/buzzyelectronics.stm-helper-1.2.9/armgcc/bin/../lib/gcc/arm-none-eabi/9.2.1/../../../../arm-none-eabi/lib/thumb/v7-m/nofp\libc_nano.a(lib_a-isattyr.o)
 .debug_frame   0x000000000000333c       0x20 c:/users/administrator/.vscode/extensions/buzzyelectronics.stm-helper-1.2.9/armgcc/bin/../lib/gcc/arm-none-eabi/9.2.1/../../../../arm-none-eabi/lib/thumb/v7-m/nofp\libnosys.a(close.o)
 .debug_frame   0x000000000000335c       0x20 c:/users/administrator/.vscode/extensions/buzzyelectronics.stm-helper-1.2.9/armgcc/bin/../lib/gcc/arm-none-eabi/9.2.1/../../../../arm-none-eabi/lib/thumb/v7-m/nofp\libnosys.a(fstat.o)
 .debug_frame   0x000000000000337c       0x20 c:/users/administrator/.vscode/extensions/buzzyelectronics.stm-helper-1.2.9/armgcc/bin/../lib/gcc/arm-none-eabi/9.2.1/../../../../arm-none-eabi/lib/thumb/v7-m/nofp\libnosys.a(isatty.o)
 .debug_frame   0x000000000000339c       0x20 c:/users/administrator/.vscode/extensions/buzzyelectronics.stm-helper-1.2.9/armgcc/bin/../lib/gcc/arm-none-eabi/9.2.1/../../../../arm-none-eabi/lib/thumb/v7-m/nofp\libnosys.a(lseek.o)
 .debug_frame   0x00000000000033bc       0x20 c:/users/administrator/.vscode/extensions/buzzyelectronics.stm-helper-1.2.9/armgcc/bin/../lib/gcc/arm-none-eabi/9.2.1/../../../../arm-none-eabi/lib/thumb/v7-m/nofp\libnosys.a(read.o)
 .debug_frame   0x00000000000033dc       0x20 c:/users/administrator/.vscode/extensions/buzzyelectronics.stm-helper-1.2.9/armgcc/bin/../lib/gcc/arm-none-eabi/9.2.1/../../../../arm-none-eabi/lib/thumb/v7-m/nofp\libnosys.a(sbrk.o)
 .debug_frame   0x00000000000033fc       0x20 c:/users/administrator/.vscode/extensions/buzzyelectronics.stm-helper-1.2.9/armgcc/bin/../lib/gcc/arm-none-eabi/9.2.1/../../../../arm-none-eabi/lib/thumb/v7-m/nofp\libnosys.a(write.o)
 .debug_frame   0x000000000000341c       0x30 c:/users/administrator/.vscode/extensions/buzzyelectronics.stm-helper-1.2.9/armgcc/bin/../lib/gcc/arm-none-eabi/9.2.1/thumb/v7-m/nofp\libgcc.a(_arm_muldf3.o)
 .debug_frame   0x000000000000344c       0x24 c:/users/administrator/.vscode/extensions/buzzyelectronics.stm-helper-1.2.9/armgcc/bin/../lib/gcc/arm-none-eabi/9.2.1/thumb/v7-m/nofp\libgcc.a(_arm_mulsf3.o)
 .debug_frame   0x0000000000003470       0xac c:/users/administrator/.vscode/extensions/buzzyelectronics.stm-helper-1.2.9/armgcc/bin/../lib/gcc/arm-none-eabi/9.2.1/thumb/v7-m/nofp\libgcc.a(_arm_addsubdf3.o)
 .debug_frame   0x000000000000351c       0x4c c:/users/administrator/.vscode/extensions/buzzyelectronics.stm-helper-1.2.9/armgcc/bin/../lib/gcc/arm-none-eabi/9.2.1/thumb/v7-m/nofp\libgcc.a(_arm_addsubsf3.o)

.stab           0x0000000000000000       0x9c
 .stab          0x0000000000000000       0x24 c:/users/administrator/.vscode/extensions/buzzyelectronics.stm-helper-1.2.9/armgcc/bin/../lib/gcc/arm-none-eabi/9.2.1/../../../../arm-none-eabi/lib/thumb/v7-m/nofp\libnosys.a(close.o)
 .stab          0x0000000000000024       0x18 c:/users/administrator/.vscode/extensions/buzzyelectronics.stm-helper-1.2.9/armgcc/bin/../lib/gcc/arm-none-eabi/9.2.1/../../../../arm-none-eabi/lib/thumb/v7-m/nofp\libnosys.a(fstat.o)
                                         0x24 (size before relaxing)
 .stab          0x000000000000003c       0x18 c:/users/administrator/.vscode/extensions/buzzyelectronics.stm-helper-1.2.9/armgcc/bin/../lib/gcc/arm-none-eabi/9.2.1/../../../../arm-none-eabi/lib/thumb/v7-m/nofp\libnosys.a(isatty.o)
                                         0x24 (size before relaxing)
 .stab          0x0000000000000054       0x18 c:/users/administrator/.vscode/extensions/buzzyelectronics.stm-helper-1.2.9/armgcc/bin/../lib/gcc/arm-none-eabi/9.2.1/../../../../arm-none-eabi/lib/thumb/v7-m/nofp\libnosys.a(lseek.o)
                                         0x24 (size before relaxing)
 .stab          0x000000000000006c       0x18 c:/users/administrator/.vscode/extensions/buzzyelectronics.stm-helper-1.2.9/armgcc/bin/../lib/gcc/arm-none-eabi/9.2.1/../../../../arm-none-eabi/lib/thumb/v7-m/nofp\libnosys.a(read.o)
                                         0x24 (size before relaxing)
 .stab          0x0000000000000084       0x18 c:/users/administrator/.vscode/extensions/buzzyelectronics.stm-helper-1.2.9/armgcc/bin/../lib/gcc/arm-none-eabi/9.2.1/../../../../arm-none-eabi/lib/thumb/v7-m/nofp\libnosys.a(write.o)
                                         0x24 (size before relaxing)

.stabstr        0x0000000000000000      0x14d
 .stabstr       0x0000000000000000      0x14d c:/users/administrator/.vscode/extensions/buzzyelectronics.stm-helper-1.2.9/armgcc/bin/../lib/gcc/arm-none-eabi/9.2.1/../../../../arm-none-eabi/lib/thumb/v7-m/nofp\libnosys.a(close.o)

Cross Reference Table

Symbol                                            File
ADC1_2_IRQHandler                                 build/startup_stm32f103xe.o
ADC3_IRQHandler                                   build/startup_stm32f103xe.o
ADC_ConversionStop_Disable                        build/stm32f1xx_hal_adc.o
                                                  build/stm32f1xx_hal_adc_ex.o
ADC_DMAConvCplt                                   build/stm32f1xx_hal_adc.o
                                                  build/stm32f1xx_hal_adc_ex.o
ADC_DMAError                                      build/stm32f1xx_hal_adc.o
                                                  build/stm32f1xx_hal_adc_ex.o
ADC_DMAHalfConvCplt                               build/stm32f1xx_hal_adc.o
                                                  build/stm32f1xx_hal_adc_ex.o
ADC_Enable                                        build/stm32f1xx_hal_adc.o
                                                  build/stm32f1xx_hal_adc_ex.o
AHBPrescTable                                     build/system_stm32f1xx.o
                                                  build/stm32f1xx_hal_rcc.o
APBPrescTable                                     build/system_stm32f1xx.o
                                                  build/stm32f1xx_hal_rcc.o
BusFault_Handler                                  build/stm32f1xx_it.o
CAN1_RX1_IRQHandler                               build/startup_stm32f103xe.o
CAN1_SCE_IRQHandler                               build/startup_stm32f103xe.o
DHT_getData                                       build/bsp_dht21.o
                                                  build/main.o
DMA1_Channel1_IRQHandler                          build/startup_stm32f103xe.o
DMA1_Channel2_IRQHandler                          build/startup_stm32f103xe.o
DMA1_Channel3_IRQHandler                          build/stm32f1xx_it.o
DMA1_Channel4_IRQHandler                          build/startup_stm32f103xe.o
DMA1_Channel5_IRQHandler                          build/startup_stm32f103xe.o
DMA1_Channel6_IRQHandler                          build/startup_stm32f103xe.o
DMA1_Channel7_IRQHandler                          build/startup_stm32f103xe.o
DMA2_Channel1_IRQHandler                          build/startup_stm32f103xe.o
DMA2_Channel2_IRQHandler                          build/startup_stm32f103xe.o
DMA2_Channel3_IRQHandler                          build/startup_stm32f103xe.o
DMA2_Channel4_5_IRQHandler                        build/startup_stm32f103xe.o
DebugMon_Handler                                  build/stm32f1xx_it.o
Default_Handler                                   build/startup_stm32f103xe.o
EXTI0_IRQHandler                                  build/startup_stm32f103xe.o